Archive member included to satisfy reference by file (symbol)

c:/st/stm32cubeide_1.8.0/stm32cubeide/plugins/com.st.stm32cube.ide.mcu.externaltools.gnu-tools-for-stm32.9-2020-q2-update.win32_2.0.0.202105311346/tools/bin/../lib/gcc/arm-none-eabi/9.3.1/../../../../arm-none-eabi/lib/thumb/v7e-m+fp/hard\libc_nano.a(lib_a-errno.o)
                              ./Core/Src/syscalls.o (__errno)
c:/st/stm32cubeide_1.8.0/stm32cubeide/plugins/com.st.stm32cube.ide.mcu.externaltools.gnu-tools-for-stm32.9-2020-q2-update.win32_2.0.0.202105311346/tools/bin/../lib/gcc/arm-none-eabi/9.3.1/../../../../arm-none-eabi/lib/thumb/v7e-m+fp/hard\libc_nano.a(lib_a-exit.o)
                              c:/st/stm32cubeide_1.8.0/stm32cubeide/plugins/com.st.stm32cube.ide.mcu.externaltools.gnu-tools-for-stm32.9-2020-q2-update.win32_2.0.0.202105311346/tools/bin/../lib/gcc/arm-none-eabi/9.3.1/../../../../arm-none-eabi/lib/thumb/v7e-m+fp/hard/crt0.o (exit)
c:/st/stm32cubeide_1.8.0/stm32cubeide/plugins/com.st.stm32cube.ide.mcu.externaltools.gnu-tools-for-stm32.9-2020-q2-update.win32_2.0.0.202105311346/tools/bin/../lib/gcc/arm-none-eabi/9.3.1/../../../../arm-none-eabi/lib/thumb/v7e-m+fp/hard\libc_nano.a(lib_a-impure.o)
                              c:/st/stm32cubeide_1.8.0/stm32cubeide/plugins/com.st.stm32cube.ide.mcu.externaltools.gnu-tools-for-stm32.9-2020-q2-update.win32_2.0.0.202105311346/tools/bin/../lib/gcc/arm-none-eabi/9.3.1/../../../../arm-none-eabi/lib/thumb/v7e-m+fp/hard\libc_nano.a(lib_a-exit.o) (_global_impure_ptr)
c:/st/stm32cubeide_1.8.0/stm32cubeide/plugins/com.st.stm32cube.ide.mcu.externaltools.gnu-tools-for-stm32.9-2020-q2-update.win32_2.0.0.202105311346/tools/bin/../lib/gcc/arm-none-eabi/9.3.1/../../../../arm-none-eabi/lib/thumb/v7e-m+fp/hard\libc_nano.a(lib_a-init.o)
                              c:/st/stm32cubeide_1.8.0/stm32cubeide/plugins/com.st.stm32cube.ide.mcu.externaltools.gnu-tools-for-stm32.9-2020-q2-update.win32_2.0.0.202105311346/tools/bin/../lib/gcc/arm-none-eabi/9.3.1/../../../../arm-none-eabi/lib/thumb/v7e-m+fp/hard/crt0.o (__libc_init_array)
c:/st/stm32cubeide_1.8.0/stm32cubeide/plugins/com.st.stm32cube.ide.mcu.externaltools.gnu-tools-for-stm32.9-2020-q2-update.win32_2.0.0.202105311346/tools/bin/../lib/gcc/arm-none-eabi/9.3.1/../../../../arm-none-eabi/lib/thumb/v7e-m+fp/hard\libc_nano.a(lib_a-memset.o)
                              c:/st/stm32cubeide_1.8.0/stm32cubeide/plugins/com.st.stm32cube.ide.mcu.externaltools.gnu-tools-for-stm32.9-2020-q2-update.win32_2.0.0.202105311346/tools/bin/../lib/gcc/arm-none-eabi/9.3.1/../../../../arm-none-eabi/lib/thumb/v7e-m+fp/hard/crt0.o (memset)

Allocating common symbols
Common symbol       size              file

hUsbDeviceFS        0x2d0             ./USB_DEVICE/App/usb_device.o
hi2c3               0x54              ./Core/Src/i2c.o
hspi2               0x64              ./Core/Src/spi.o
hi2c1               0x54              ./Core/Src/i2c.o
hpcd_USB_OTG_FS     0x50c             ./USB_DEVICE/Target/usbd_conf.o
hdfsdm1_filter0     0x54              ./Core/Src/dfsdm.o
hsd1                0x80              ./Core/Src/sdmmc.o
uwTick              0x4               ./Drivers/STM32L4xx_HAL_Driver/Src/stm32l4xx_hal.o
LSM6DSOX_ctx        0x10              ./Sensors/imu.o
UserRxBufferFS      0x800             ./USB_DEVICE/App/usbd_cdc_if.o
hspi3               0x64              ./Core/Src/spi.o
hadc1               0x68              ./Core/Src/adc.o
UserTxBufferFS      0x800             ./USB_DEVICE/App/usbd_cdc_if.o
hdma_dfsdm1_flt0    0x60              ./Core/Src/dfsdm.o
hrtc                0x24              ./Core/Src/rtc.o
htim6               0x4c              ./Core/Src/tim.o
hdfsdm1_channel0    0x38              ./Core/Src/dfsdm.o
hspi1               0x64              ./Core/Src/spi.o
htim2               0x4c              ./Core/Src/tim.o
USBD_StrDesc        0x200             ./USB_DEVICE/App/usbd_desc.o
htim7               0x4c              ./Core/Src/tim.o

Discarded input sections

 .text          0x0000000000000000        0x0 c:/st/stm32cubeide_1.8.0/stm32cubeide/plugins/com.st.stm32cube.ide.mcu.externaltools.gnu-tools-for-stm32.9-2020-q2-update.win32_2.0.0.202105311346/tools/bin/../lib/gcc/arm-none-eabi/9.3.1/thumb/v7e-m+fp/hard/crti.o
 .data          0x0000000000000000        0x0 c:/st/stm32cubeide_1.8.0/stm32cubeide/plugins/com.st.stm32cube.ide.mcu.externaltools.gnu-tools-for-stm32.9-2020-q2-update.win32_2.0.0.202105311346/tools/bin/../lib/gcc/arm-none-eabi/9.3.1/thumb/v7e-m+fp/hard/crti.o
 .bss           0x0000000000000000        0x0 c:/st/stm32cubeide_1.8.0/stm32cubeide/plugins/com.st.stm32cube.ide.mcu.externaltools.gnu-tools-for-stm32.9-2020-q2-update.win32_2.0.0.202105311346/tools/bin/../lib/gcc/arm-none-eabi/9.3.1/thumb/v7e-m+fp/hard/crti.o
[...]
Memory Configuration

Name             Origin             Length             Attributes
RAM              0x0000000020000000 0x00000000000a0000 xrw
RAM2             0x0000000010000000 0x0000000000010000 xrw
RAM3             0x0000000020040000 0x0000000000060000 xrw
FLASH            0x0000000008000000 0x0000000000200000 xr
*default*        0x0000000000000000 0xffffffffffffffff

Linker script and memory map

LOAD c:/st/stm32cubeide_1.8.0/stm32cubeide/plugins/com.st.stm32cube.ide.mcu.externaltools.gnu-tools-for-stm32.9-2020-q2-update.win32_2.0.0.202105311346/tools/bin/../lib/gcc/arm-none-eabi/9.3.1/thumb/v7e-m+fp/hard/crti.o
LOAD c:/st/stm32cubeide_1.8.0/stm32cubeide/plugins/com.st.stm32cube.ide.mcu.externaltools.gnu-tools-for-stm32.9-2020-q2-update.win32_2.0.0.202105311346/tools/bin/../lib/gcc/arm-none-eabi/9.3.1/thumb/v7e-m+fp/hard/crtbegin.o
LOAD c:/st/stm32cubeide_1.8.0/stm32cubeide/plugins/com.st.stm32cube.ide.mcu.externaltools.gnu-tools-for-stm32.9-2020-q2-update.win32_2.0.0.202105311346/tools/bin/../lib/gcc/arm-none-eabi/9.3.1/../../../../arm-none-eabi/lib/thumb/v7e-m+fp/hard/crt0.o
LOAD ./Core/Src/adc.o
LOAD ./Core/Src/dfsdm.o
LOAD ./Core/Src/dma.o
LOAD ./Core/Src/gpio.o
LOAD ./Core/Src/i2c.o
LOAD ./Core/Src/main.o
LOAD ./Core/Src/rtc.o
LOAD ./Core/Src/sdmmc.o
LOAD ./Core/Src/spi.o
LOAD ./Core/Src/stm32l4xx_hal_msp.o
LOAD ./Core/Src/stm32l4xx_it.o
LOAD ./Core/Src/syscalls.o
LOAD ./Core/Src/sysmem.o
LOAD ./Core/Src/system_stm32l4xx.o
LOAD ./Core/Src/tim.o
LOAD ./Core/Startup/startup_stm32l4r9zijx.o
LOAD ./Drivers/STM32L4xx_HAL_Driver/Src/stm32l4xx_hal.o
LOAD ./Drivers/STM32L4xx_HAL_Driver/Src/stm32l4xx_hal_adc.o
LOAD ./Drivers/STM32L4xx_HAL_Driver/Src/stm32l4xx_hal_adc_ex.o
LOAD ./Drivers/STM32L4xx_HAL_Driver/Src/stm32l4xx_hal_cortex.o
LOAD ./Drivers/STM32L4xx_HAL_Driver/Src/stm32l4xx_hal_dfsdm.o
LOAD ./Drivers/STM32L4xx_HAL_Driver/Src/stm32l4xx_hal_dfsdm_ex.o
LOAD ./Drivers/STM32L4xx_HAL_Driver/Src/stm32l4xx_hal_dma.o
LOAD ./Drivers/STM32L4xx_HAL_Driver/Src/stm32l4xx_hal_dma_ex.o
LOAD ./Drivers/STM32L4xx_HAL_Driver/Src/stm32l4xx_hal_exti.o
LOAD ./Drivers/STM32L4xx_HAL_Driver/Src/stm32l4xx_hal_flash.o
LOAD ./Drivers/STM32L4xx_HAL_Driver/Src/stm32l4xx_hal_flash_ex.o
LOAD ./Drivers/STM32L4xx_HAL_Driver/Src/stm32l4xx_hal_flash_ramfunc.o
LOAD ./Drivers/STM32L4xx_HAL_Driver/Src/stm32l4xx_hal_gpio.o
LOAD ./Drivers/STM32L4xx_HAL_Driver/Src/stm32l4xx_hal_i2c.o
LOAD ./Drivers/STM32L4xx_HAL_Driver/Src/stm32l4xx_hal_i2c_ex.o
LOAD ./Drivers/STM32L4xx_HAL_Driver/Src/stm32l4xx_hal_pcd.o
LOAD ./Drivers/STM32L4xx_HAL_Driver/Src/stm32l4xx_hal_pcd_ex.o
LOAD ./Drivers/STM32L4xx_HAL_Driver/Src/stm32l4xx_hal_pwr.o
LOAD ./Drivers/STM32L4xx_HAL_Driver/Src/stm32l4xx_hal_pwr_ex.o
LOAD ./Drivers/STM32L4xx_HAL_Driver/Src/stm32l4xx_hal_rcc.o
LOAD ./Drivers/STM32L4xx_HAL_Driver/Src/stm32l4xx_hal_rcc_ex.o
LOAD ./Drivers/STM32L4xx_HAL_Driver/Src/stm32l4xx_hal_rtc.o
LOAD ./Drivers/STM32L4xx_HAL_Driver/Src/stm32l4xx_hal_rtc_ex.o
LOAD ./Drivers/STM32L4xx_HAL_Driver/Src/stm32l4xx_hal_sd.o
LOAD ./Drivers/STM32L4xx_HAL_Driver/Src/stm32l4xx_hal_sd_ex.o
LOAD ./Drivers/STM32L4xx_HAL_Driver/Src/stm32l4xx_hal_spi.o
LOAD ./Drivers/STM32L4xx_HAL_Driver/Src/stm32l4xx_hal_spi_ex.o
LOAD ./Drivers/STM32L4xx_HAL_Driver/Src/stm32l4xx_hal_tim.o
LOAD ./Drivers/STM32L4xx_HAL_Driver/Src/stm32l4xx_hal_tim_ex.o
LOAD ./Drivers/STM32L4xx_HAL_Driver/Src/stm32l4xx_ll_sdmmc.o
LOAD ./Drivers/STM32L4xx_HAL_Driver/Src/stm32l4xx_ll_usb.o
LOAD ./Drivers/STMemsDrivers/Src/lsm6dsox_reg.o
LOAD ./Middlewares/ST/STM32_USB_Device_Library/Class/CDC/Src/usbd_cdc.o
LOAD ./Middlewares/ST/STM32_USB_Device_Library/Core/Src/usbd_core.o
LOAD ./Middlewares/ST/STM32_USB_Device_Library/Core/Src/usbd_ctlreq.o
LOAD ./Middlewares/ST/STM32_USB_Device_Library/Core/Src/usbd_ioreq.o
LOAD ./Sensors/imu.o
LOAD ./USB_DEVICE/App/usb_device.o
LOAD ./USB_DEVICE/App/usbd_cdc_if.o
LOAD ./USB_DEVICE/App/usbd_desc.o
LOAD ./USB_DEVICE/Target/usbd_conf.o
START GROUP
LOAD c:/st/stm32cubeide_1.8.0/stm32cubeide/plugins/com.st.stm32cube.ide.mcu.externaltools.gnu-tools-for-stm32.9-2020-q2-update.win32_2.0.0.202105311346/tools/bin/../lib/gcc/arm-none-eabi/9.3.1/../../../../arm-none-eabi/lib/thumb/v7e-m+fp/hard\libc_nano.a
LOAD c:/st/stm32cubeide_1.8.0/stm32cubeide/plugins/com.st.stm32cube.ide.mcu.externaltools.gnu-tools-for-stm32.9-2020-q2-update.win32_2.0.0.202105311346/tools/bin/../lib/gcc/arm-none-eabi/9.3.1/../../../../arm-none-eabi/lib/thumb/v7e-m+fp/hard\libm.a
END GROUP
START GROUP
LOAD c:/st/stm32cubeide_1.8.0/stm32cubeide/plugins/com.st.stm32cube.ide.mcu.externaltools.gnu-tools-for-stm32.9-2020-q2-update.win32_2.0.0.202105311346/tools/bin/../lib/gcc/arm-none-eabi/9.3.1/thumb/v7e-m+fp/hard\libgcc.a
LOAD c:/st/stm32cubeide_1.8.0/stm32cubeide/plugins/com.st.stm32cube.ide.mcu.externaltools.gnu-tools-for-stm32.9-2020-q2-update.win32_2.0.0.202105311346/tools/bin/../lib/gcc/arm-none-eabi/9.3.1/../../../../arm-none-eabi/lib/thumb/v7e-m+fp/hard\libc_nano.a
END GROUP
START GROUP
LOAD c:/st/stm32cubeide_1.8.0/stm32cubeide/plugins/com.st.stm32cube.ide.mcu.externaltools.gnu-tools-for-stm32.9-2020-q2-update.win32_2.0.0.202105311346/tools/bin/../lib/gcc/arm-none-eabi/9.3.1/thumb/v7e-m+fp/hard\libgcc.a
LOAD c:/st/stm32cubeide_1.8.0/stm32cubeide/plugins/com.st.stm32cube.ide.mcu.externaltools.gnu-tools-for-stm32.9-2020-q2-update.win32_2.0.0.202105311346/tools/bin/../lib/gcc/arm-none-eabi/9.3.1/../../../../arm-none-eabi/lib/thumb/v7e-m+fp/hard\libc_nano.a
LOAD c:/st/stm32cubeide_1.8.0/stm32cubeide/plugins/com.st.stm32cube.ide.mcu.externaltools.gnu-tools-for-stm32.9-2020-q2-update.win32_2.0.0.202105311346/tools/bin/../lib/gcc/arm-none-eabi/9.3.1/../../../../arm-none-eabi/lib/thumb/v7e-m+fp/hard\libnosys.a
END GROUP
START GROUP
LOAD c:/st/stm32cubeide_1.8.0/stm32cubeide/plugins/com.st.stm32cube.ide.mcu.externaltools.gnu-tools-for-stm32.9-2020-q2-update.win32_2.0.0.202105311346/tools/bin/../lib/gcc/arm-none-eabi/9.3.1/thumb/v7e-m+fp/hard\libgcc.a
LOAD c:/st/stm32cubeide_1.8.0/stm32cubeide/plugins/com.st.stm32cube.ide.mcu.externaltools.gnu-tools-for-stm32.9-2020-q2-update.win32_2.0.0.202105311346/tools/bin/../lib/gcc/arm-none-eabi/9.3.1/../../../../arm-none-eabi/lib/thumb/v7e-m+fp/hard\libc_nano.a
LOAD c:/st/stm32cubeide_1.8.0/stm32cubeide/plugins/com.st.stm32cube.ide.mcu.externaltools.gnu-tools-for-stm32.9-2020-q2-update.win32_2.0.0.202105311346/tools/bin/../lib/gcc/arm-none-eabi/9.3.1/../../../../arm-none-eabi/lib/thumb/v7e-m+fp/hard\libnosys.a
END GROUP
LOAD c:/st/stm32cubeide_1.8.0/stm32cubeide/plugins/com.st.stm32cube.ide.mcu.externaltools.gnu-tools-for-stm32.9-2020-q2-update.win32_2.0.0.202105311346/tools/bin/../lib/gcc/arm-none-eabi/9.3.1/thumb/v7e-m+fp/hard/crtend.o
LOAD c:/st/stm32cubeide_1.8.0/stm32cubeide/plugins/com.st.stm32cube.ide.mcu.externaltools.gnu-tools-for-stm32.9-2020-q2-update.win32_2.0.0.202105311346/tools/bin/../lib/gcc/arm-none-eabi/9.3.1/thumb/v7e-m+fp/hard/crtn.o
                0x00000000200a0000                _estack = (ORIGIN (RAM) + LENGTH (RAM))
                0x0000000000000200                _Min_Heap_Size = 0x200
                0x0000000000000400                _Min_Stack_Size = 0x400

.isr_vector     0x0000000008000000      0x1bc
                0x0000000008000000                . = ALIGN (0x4)
 *(.isr_vector)
 .isr_vector    0x0000000008000000      0x1bc ./Core/Startup/startup_stm32l4r9zijx.o
                0x0000000008000000                g_pfnVectors
                0x00000000080001bc                . = ALIGN (0x4)

.text           0x00000000080001bc     0xc100
                0x00000000080001bc                . = ALIGN (0x4)
 *(.text)
 .text          0x00000000080001bc       0x40 c:/st/stm32cubeide_1.8.0/stm32cubeide/plugins/com.st.stm32cube.ide.mcu.externaltools.gnu-tools-for-stm32.9-2020-q2-update.win32_2.0.0.202105311346/tools/bin/../lib/gcc/arm-none-eabi/9.3.1/thumb/v7e-m+fp/hard/crtbegin.o
 *(.text*)
 .text.MX_ADC1_Init
                0x00000000080001fc       0xc8 ./Core/Src/adc.o
                0x00000000080001fc                MX_ADC1_Init
 .text.HAL_ADC_MspInit
                0x00000000080002c4      0x10c ./Core/Src/adc.o
                0x00000000080002c4                HAL_ADC_MspInit
 .text.MX_DFSDM1_Init
                0x00000000080003d0       0xc8 ./Core/Src/dfsdm.o
                0x00000000080003d0                MX_DFSDM1_Init
 .text.HAL_DFSDM_FilterMspInit
                0x0000000008000498      0x100 ./Core/Src/dfsdm.o
                0x0000000008000498                HAL_DFSDM_FilterMspInit
 .text.HAL_DFSDM_ChannelMspInit
                0x0000000008000598       0x88 ./Core/Src/dfsdm.o
                0x0000000008000598                HAL_DFSDM_ChannelMspInit
 .text.MX_DMA_Init
                0x0000000008000620       0x54 ./Core/Src/dma.o
                0x0000000008000620                MX_DMA_Init
 .text.MX_GPIO_Init
                0x0000000008000674      0x2d8 ./Core/Src/gpio.o
                0x0000000008000674                MX_GPIO_Init
 .text.MX_I2C1_Init
                0x000000000800094c       0x80 ./Core/Src/i2c.o
                0x000000000800094c                MX_I2C1_Init
 .text.MX_I2C3_Init
                0x00000000080009cc       0x80 ./Core/Src/i2c.o
                0x00000000080009cc                MX_I2C3_Init
 .text.HAL_I2C_MspInit
                0x0000000008000a4c      0x14c ./Core/Src/i2c.o
                0x0000000008000a4c                HAL_I2C_MspInit
 .text.main     0x0000000008000b98       0x90 ./Core/Src/main.o
                0x0000000008000b98                main
 .text.SystemClock_Config
                0x0000000008000c28       0xbc ./Core/Src/main.o
                0x0000000008000c28                SystemClock_Config
 .text.Error_Handler
                0x0000000008000ce4        0xa ./Core/Src/main.o
                0x0000000008000ce4                Error_Handler
 *fill*         0x0000000008000cee        0x2 
 .text.MX_RTC_Init
                0x0000000008000cf0       0xb8 ./Core/Src/rtc.o
                0x0000000008000cf0                MX_RTC_Init
 .text.HAL_RTC_MspInit
                0x0000000008000da8       0x64 ./Core/Src/rtc.o
                0x0000000008000da8                HAL_RTC_MspInit
 .text.MX_SPI1_Init
                0x0000000008000e0c       0x7c ./Core/Src/spi.o
                0x0000000008000e0c                MX_SPI1_Init
 .text.MX_SPI2_Init
                0x0000000008000e88       0x7c ./Core/Src/spi.o
                0x0000000008000e88                MX_SPI2_Init
 .text.MX_SPI3_Init
                0x0000000008000f04       0x7c ./Core/Src/spi.o
                0x0000000008000f04                MX_SPI3_Init
 .text.HAL_SPI_MspInit
                0x0000000008000f80      0x1d0 ./Core/Src/spi.o
                0x0000000008000f80                HAL_SPI_MspInit
 .text.HAL_MspInit
                0x0000000008001150       0x48 ./Core/Src/stm32l4xx_hal_msp.o
                0x0000000008001150                HAL_MspInit
 .text.NMI_Handler
                0x0000000008001198        0x6 ./Core/Src/stm32l4xx_it.o
                0x0000000008001198                NMI_Handler
 .text.HardFault_Handler
                0x000000000800119e        0x6 ./Core/Src/stm32l4xx_it.o
                0x000000000800119e                HardFault_Handler
 .text.MemManage_Handler
                0x00000000080011a4        0x6 ./Core/Src/stm32l4xx_it.o
                0x00000000080011a4                MemManage_Handler
 .text.BusFault_Handler
                0x00000000080011aa        0x6 ./Core/Src/stm32l4xx_it.o
                0x00000000080011aa                BusFault_Handler
 .text.UsageFault_Handler
                0x00000000080011b0        0x6 ./Core/Src/stm32l4xx_it.o
                0x00000000080011b0                UsageFault_Handler
 .text.SVC_Handler
                0x00000000080011b6        0xe ./Core/Src/stm32l4xx_it.o
                0x00000000080011b6                SVC_Handler
 .text.DebugMon_Handler
                0x00000000080011c4        0xe ./Core/Src/stm32l4xx_it.o
                0x00000000080011c4                DebugMon_Handler
 .text.PendSV_Handler
                0x00000000080011d2        0xe ./Core/Src/stm32l4xx_it.o
                0x00000000080011d2                PendSV_Handler
 .text.SysTick_Handler
                0x00000000080011e0        0xc ./Core/Src/stm32l4xx_it.o
                0x00000000080011e0                SysTick_Handler
 .text.DMA1_Channel4_IRQHandler
                0x00000000080011ec       0x14 ./Core/Src/stm32l4xx_it.o
                0x00000000080011ec                DMA1_Channel4_IRQHandler
 .text.SDMMC1_IRQHandler
                0x0000000008001200       0x14 ./Core/Src/stm32l4xx_it.o
                0x0000000008001200                SDMMC1_IRQHandler
 .text.TIM6_DAC_IRQHandler
                0x0000000008001214       0x14 ./Core/Src/stm32l4xx_it.o
                0x0000000008001214                TIM6_DAC_IRQHandler
 .text.OTG_FS_IRQHandler
                0x0000000008001228       0x14 ./Core/Src/stm32l4xx_it.o
                0x0000000008001228                OTG_FS_IRQHandler
 .text.SystemInit
                0x000000000800123c       0x24 ./Core/Src/system_stm32l4xx.o
                0x000000000800123c                SystemInit
 .text.MX_TIM2_Init
                0x0000000008001260       0x9c ./Core/Src/tim.o
                0x0000000008001260                MX_TIM2_Init
 .text.MX_TIM6_Init
                0x00000000080012fc       0x6c ./Core/Src/tim.o
                0x00000000080012fc                MX_TIM6_Init
 .text.MX_TIM7_Init
                0x0000000008001368       0x6c ./Core/Src/tim.o
                0x0000000008001368                MX_TIM7_Init
 .text.HAL_TIM_Base_MspInit
                0x00000000080013d4       0x98 ./Core/Src/tim.o
                0x00000000080013d4                HAL_TIM_Base_MspInit
 .text.Reset_Handler
                0x000000000800146c       0x50 ./Core/Startup/startup_stm32l4r9zijx.o
                0x000000000800146c                Reset_Handler
 .text.Default_Handler
                0x00000000080014bc        0x2 ./Core/Startup/startup_stm32l4r9zijx.o
                0x00000000080014bc                RTC_Alarm_IRQHandler
                0x00000000080014bc                EXTI2_IRQHandler
                0x00000000080014bc                TIM8_TRG_COM_IRQHandler
                0x00000000080014bc                TIM8_CC_IRQHandler
                0x00000000080014bc                TIM1_CC_IRQHandler
                0x00000000080014bc                TSC_IRQHandler
                0x00000000080014bc                TAMP_STAMP_IRQHandler
                0x00000000080014bc                EXTI3_IRQHandler
                0x00000000080014bc                LPTIM2_IRQHandler
                0x00000000080014bc                DFSDM1_FLT1_IRQHandler
                0x00000000080014bc                GFXMMU_IRQHandler
                0x00000000080014bc                I2C3_ER_IRQHandler
                0x00000000080014bc                DFSDM1_FLT2_IRQHandler
                0x00000000080014bc                EXTI0_IRQHandler
                0x00000000080014bc                I2C2_EV_IRQHandler
                0x00000000080014bc                CAN1_RX0_IRQHandler
                0x00000000080014bc                FPU_IRQHandler
                0x00000000080014bc                TIM1_UP_TIM16_IRQHandler
                0x00000000080014bc                LTDC_ER_IRQHandler
                0x00000000080014bc                SPI1_IRQHandler
                0x00000000080014bc                OCTOSPI1_IRQHandler
                0x00000000080014bc                DCMI_IRQHandler
                0x00000000080014bc                TIM8_UP_IRQHandler
                0x00000000080014bc                OCTOSPI2_IRQHandler
                0x00000000080014bc                DMA2_Channel2_IRQHandler
                0x00000000080014bc                SAI2_IRQHandler
                0x00000000080014bc                ADC1_IRQHandler
                0x00000000080014bc                DFSDM1_FLT3_IRQHandler
                0x00000000080014bc                USART3_IRQHandler
                0x00000000080014bc                DMA1_Channel7_IRQHandler
                0x00000000080014bc                CAN1_RX1_IRQHandler
                0x00000000080014bc                UART5_IRQHandler
                0x00000000080014bc                TIM4_IRQHandler
                0x00000000080014bc                DMA2_Channel1_IRQHandler
                0x00000000080014bc                I2C1_EV_IRQHandler
                0x00000000080014bc                DMAMUX1_OVR_IRQHandler
                0x00000000080014bc                DMA1_Channel6_IRQHandler
                0x00000000080014bc                UART4_IRQHandler
                0x00000000080014bc                DMA2_Channel4_IRQHandler
                0x00000000080014bc                TIM3_IRQHandler
                0x00000000080014bc                RCC_IRQHandler
                0x00000000080014bc                DMA1_Channel1_IRQHandler
                0x00000000080014bc                Default_Handler
                0x00000000080014bc                DMA2_Channel7_IRQHandler
                0x00000000080014bc                EXTI15_10_IRQHandler
                0x00000000080014bc                TIM7_IRQHandler
                0x00000000080014bc                TIM5_IRQHandler
                0x00000000080014bc                I2C3_EV_IRQHandler
                0x00000000080014bc                EXTI9_5_IRQHandler
                0x00000000080014bc                RTC_WKUP_IRQHandler
                0x00000000080014bc                LTDC_IRQHandler
                0x00000000080014bc                PVD_PVM_IRQHandler
                0x00000000080014bc                SPI2_IRQHandler
                0x00000000080014bc                CAN1_TX_IRQHandler
                0x00000000080014bc                DMA2_Channel5_IRQHandler
                0x00000000080014bc                CRS_IRQHandler
                0x00000000080014bc                DMA1_Channel5_IRQHandler
                0x00000000080014bc                EXTI4_IRQHandler
                0x00000000080014bc                RNG_IRQHandler
                0x00000000080014bc                TIM1_TRG_COM_TIM17_IRQHandler
                0x00000000080014bc                DMA1_Channel3_IRQHandler
                0x00000000080014bc                COMP_IRQHandler
                0x00000000080014bc                DSI_IRQHandler
                0x00000000080014bc                WWDG_IRQHandler
                0x00000000080014bc                I2C4_EV_IRQHandler
                0x00000000080014bc                LPUART1_IRQHandler
                0x00000000080014bc                DMA2_Channel6_IRQHandler
                0x00000000080014bc                TIM2_IRQHandler
                0x00000000080014bc                DMA2D_IRQHandler
                0x00000000080014bc                EXTI1_IRQHandler
                0x00000000080014bc                USART2_IRQHandler
                0x00000000080014bc                DFSDM1_FLT0_IRQHandler
                0x00000000080014bc                I2C2_ER_IRQHandler
                0x00000000080014bc                DMA1_Channel2_IRQHandler
                0x00000000080014bc                TIM8_BRK_IRQHandler
                0x00000000080014bc                CAN1_SCE_IRQHandler
                0x00000000080014bc                FLASH_IRQHandler
                0x00000000080014bc                USART1_IRQHandler
                0x00000000080014bc                SPI3_IRQHandler
                0x00000000080014bc                I2C1_ER_IRQHandler
                0x00000000080014bc                FMC_IRQHandler
                0x00000000080014bc                LPTIM1_IRQHandler
                0x00000000080014bc                I2C4_ER_IRQHandler
                0x00000000080014bc                SAI1_IRQHandler
                0x00000000080014bc                DMA2_Channel3_IRQHandler
                0x00000000080014bc                TIM1_BRK_TIM15_IRQHandler
 .text.HAL_Init
                0x00000000080014be       0x30 ./Drivers/STM32L4xx_HAL_Driver/Src/stm32l4xx_hal.o
                0x00000000080014be                HAL_Init
 *fill*         0x00000000080014ee        0x2 
 .text.HAL_InitTick
                0x00000000080014f0       0x78 ./Drivers/STM32L4xx_HAL_Driver/Src/stm32l4xx_hal.o
                0x00000000080014f0                HAL_InitTick
 .text.HAL_IncTick
                0x0000000008001568       0x28 ./Drivers/STM32L4xx_HAL_Driver/Src/stm32l4xx_hal.o
                0x0000000008001568                HAL_IncTick
 .text.HAL_GetTick
                0x0000000008001590       0x18 ./Drivers/STM32L4xx_HAL_Driver/Src/stm32l4xx_hal.o
                0x0000000008001590                HAL_GetTick
 .text.HAL_Delay
                0x00000000080015a8       0x48 ./Drivers/STM32L4xx_HAL_Driver/Src/stm32l4xx_hal.o
                0x00000000080015a8                HAL_Delay
 .text.LL_ADC_SetCommonClock
                0x00000000080015f0       0x26 ./Drivers/STM32L4xx_HAL_Driver/Src/stm32l4xx_hal_adc.o
 .text.LL_ADC_SetCommonPathInternalCh
                0x0000000008001616       0x26 ./Drivers/STM32L4xx_HAL_Driver/Src/stm32l4xx_hal_adc.o
 .text.LL_ADC_GetCommonPathInternalCh
                0x000000000800163c       0x1c ./Drivers/STM32L4xx_HAL_Driver/Src/stm32l4xx_hal_adc.o
 .text.LL_ADC_SetOffset
                0x0000000008001658       0x48 ./Drivers/STM32L4xx_HAL_Driver/Src/stm32l4xx_hal_adc.o
 .text.LL_ADC_GetOffsetChannel
                0x00000000080016a0       0x2c ./Drivers/STM32L4xx_HAL_Driver/Src/stm32l4xx_hal_adc.o
 .text.LL_ADC_SetOffsetState
                0x00000000080016cc       0x36 ./Drivers/STM32L4xx_HAL_Driver/Src/stm32l4xx_hal_adc.o
 .text.LL_ADC_SetSamplingTimeCommonConfig
                0x0000000008001702       0x26 ./Drivers/STM32L4xx_HAL_Driver/Src/stm32l4xx_hal_adc.o
 .text.LL_ADC_REG_SetSequencerRanks
                0x0000000008001728       0x58 ./Drivers/STM32L4xx_HAL_Driver/Src/stm32l4xx_hal_adc.o
 .text.LL_ADC_SetChannelSamplingTime
                0x0000000008001780       0x56 ./Drivers/STM32L4xx_HAL_Driver/Src/stm32l4xx_hal_adc.o
 *fill*         0x00000000080017d6        0x2 
 .text.LL_ADC_SetChannelSingleDiff
                0x00000000080017d8       0x48 ./Drivers/STM32L4xx_HAL_Driver/Src/stm32l4xx_hal_adc.o
 .text.LL_ADC_DisableDeepPowerDown
                0x0000000008001820       0x24 ./Drivers/STM32L4xx_HAL_Driver/Src/stm32l4xx_hal_adc.o
 .text.LL_ADC_IsDeepPowerDownEnabled
                0x0000000008001844       0x28 ./Drivers/STM32L4xx_HAL_Driver/Src/stm32l4xx_hal_adc.o
 .text.LL_ADC_EnableInternalRegulator
                0x000000000800186c       0x28 ./Drivers/STM32L4xx_HAL_Driver/Src/stm32l4xx_hal_adc.o
 .text.LL_ADC_IsInternalRegulatorEnabled
                0x0000000008001894       0x28 ./Drivers/STM32L4xx_HAL_Driver/Src/stm32l4xx_hal_adc.o
 .text.LL_ADC_IsEnabled
                0x00000000080018bc       0x26 ./Drivers/STM32L4xx_HAL_Driver/Src/stm32l4xx_hal_adc.o
 .text.LL_ADC_REG_IsConversionOngoing
                0x00000000080018e2       0x26 ./Drivers/STM32L4xx_HAL_Driver/Src/stm32l4xx_hal_adc.o
 .text.LL_ADC_INJ_IsConversionOngoing
                0x0000000008001908       0x26 ./Drivers/STM32L4xx_HAL_Driver/Src/stm32l4xx_hal_adc.o
 *fill*         0x000000000800192e        0x2 
 .text.HAL_ADC_Init
                0x0000000008001930      0x298 ./Drivers/STM32L4xx_HAL_Driver/Src/stm32l4xx_hal_adc.o
                0x0000000008001930                HAL_ADC_Init
 .text.HAL_ADC_ConfigChannel
                0x0000000008001bc8      0x7f8 ./Drivers/STM32L4xx_HAL_Driver/Src/stm32l4xx_hal_adc.o
                0x0000000008001bc8                HAL_ADC_ConfigChannel
 .text.__NVIC_SetPriorityGrouping
                0x00000000080023c0       0x48 ./Drivers/STM32L4xx_HAL_Driver/Src/stm32l4xx_hal_cortex.o
 .text.__NVIC_GetPriorityGrouping
                0x0000000008002408       0x1c ./Drivers/STM32L4xx_HAL_Driver/Src/stm32l4xx_hal_cortex.o
 .text.__NVIC_EnableIRQ
                0x0000000008002424       0x3c ./Drivers/STM32L4xx_HAL_Driver/Src/stm32l4xx_hal_cortex.o
 .text.__NVIC_SetPriority
                0x0000000008002460       0x54 ./Drivers/STM32L4xx_HAL_Driver/Src/stm32l4xx_hal_cortex.o
 .text.NVIC_EncodePriority
                0x00000000080024b4       0x66 ./Drivers/STM32L4xx_HAL_Driver/Src/stm32l4xx_hal_cortex.o
 *fill*         0x000000000800251a        0x2 
 .text.SysTick_Config
                0x000000000800251c       0x44 ./Drivers/STM32L4xx_HAL_Driver/Src/stm32l4xx_hal_cortex.o
 .text.HAL_NVIC_SetPriorityGrouping
                0x0000000008002560       0x16 ./Drivers/STM32L4xx_HAL_Driver/Src/stm32l4xx_hal_cortex.o
                0x0000000008002560                HAL_NVIC_SetPriorityGrouping
 .text.HAL_NVIC_SetPriority
                0x0000000008002576       0x38 ./Drivers/STM32L4xx_HAL_Driver/Src/stm32l4xx_hal_cortex.o
                0x0000000008002576                HAL_NVIC_SetPriority
 .text.HAL_NVIC_EnableIRQ
                0x00000000080025ae       0x1c ./Drivers/STM32L4xx_HAL_Driver/Src/stm32l4xx_hal_cortex.o
                0x00000000080025ae                HAL_NVIC_EnableIRQ
 .text.HAL_SYSTICK_Config
                0x00000000080025ca       0x18 ./Drivers/STM32L4xx_HAL_Driver/Src/stm32l4xx_hal_cortex.o
                0x00000000080025ca                HAL_SYSTICK_Config
 *fill*         0x00000000080025e2        0x2 
 .text.HAL_DFSDM_ChannelInit
                0x00000000080025e4      0x180 ./Drivers/STM32L4xx_HAL_Driver/Src/stm32l4xx_hal_dfsdm.o
                0x00000000080025e4                HAL_DFSDM_ChannelInit
 .text.HAL_DFSDM_FilterInit
                0x0000000008002764      0x1b4 ./Drivers/STM32L4xx_HAL_Driver/Src/stm32l4xx_hal_dfsdm.o
                0x0000000008002764                HAL_DFSDM_FilterInit
 .text.HAL_DFSDM_FilterConfigRegChannel
                0x0000000008002918       0x8a ./Drivers/STM32L4xx_HAL_Driver/Src/stm32l4xx_hal_dfsdm.o
                0x0000000008002918                HAL_DFSDM_FilterConfigRegChannel
 *fill*         0x00000000080029a2        0x2 
 .text.DFSDM_GetChannelFromInstance
                0x00000000080029a4       0x98 ./Drivers/STM32L4xx_HAL_Driver/Src/stm32l4xx_hal_dfsdm.o
 .text.HAL_DMA_Init
                0x0000000008002a3c      0x150 ./Drivers/STM32L4xx_HAL_Driver/Src/stm32l4xx_hal_dma.o
                0x0000000008002a3c                HAL_DMA_Init
 .text.HAL_DMA_IRQHandler
                0x0000000008002b8c      0x15e ./Drivers/STM32L4xx_HAL_Driver/Src/stm32l4xx_hal_dma.o
                0x0000000008002b8c                HAL_DMA_IRQHandler
 *fill*         0x0000000008002cea        0x2 
 .text.DMA_CalcDMAMUXChannelBaseAndMask
                0x0000000008002cec       0x7c ./Drivers/STM32L4xx_HAL_Driver/Src/stm32l4xx_hal_dma.o
 .text.DMA_CalcDMAMUXRequestGenBaseAndMask
                0x0000000008002d68       0x48 ./Drivers/STM32L4xx_HAL_Driver/Src/stm32l4xx_hal_dma.o
 .text.HAL_GPIO_Init
                0x0000000008002db0      0x324 ./Drivers/STM32L4xx_HAL_Driver/Src/stm32l4xx_hal_gpio.o
                0x0000000008002db0                HAL_GPIO_Init
 .text.HAL_GPIO_WritePin
                0x00000000080030d4       0x30 ./Drivers/STM32L4xx_HAL_Driver/Src/stm32l4xx_hal_gpio.o
                0x00000000080030d4                HAL_GPIO_WritePin
 .text.HAL_I2C_Init
                0x0000000008003104      0x11e ./Drivers/STM32L4xx_HAL_Driver/Src/stm32l4xx_hal_i2c.o
                0x0000000008003104                HAL_I2C_Init
 .text.HAL_I2CEx_ConfigAnalogFilter
                0x0000000008003222       0x96 ./Drivers/STM32L4xx_HAL_Driver/Src/stm32l4xx_hal_i2c_ex.o
                0x0000000008003222                HAL_I2CEx_ConfigAnalogFilter
 .text.HAL_I2CEx_ConfigDigitalFilter
                0x00000000080032b8       0x98 ./Drivers/STM32L4xx_HAL_Driver/Src/stm32l4xx_hal_i2c_ex.o
                0x00000000080032b8                HAL_I2CEx_ConfigDigitalFilter
 .text.HAL_PCD_Init
                0x0000000008003350      0x248 ./Drivers/STM32L4xx_HAL_Driver/Src/stm32l4xx_hal_pcd.o
                0x0000000008003350                HAL_PCD_Init
 .text.HAL_PCD_Start
                0x0000000008003598       0x5e ./Drivers/STM32L4xx_HAL_Driver/Src/stm32l4xx_hal_pcd.o
                0x0000000008003598                HAL_PCD_Start
 .text.HAL_PCD_IRQHandler
                0x00000000080035f6      0x926 ./Drivers/STM32L4xx_HAL_Driver/Src/stm32l4xx_hal_pcd.o
                0x00000000080035f6                HAL_PCD_IRQHandler
 .text.HAL_PCD_SetAddress
                0x0000000008003f1c       0x4a ./Drivers/STM32L4xx_HAL_Driver/Src/stm32l4xx_hal_pcd.o
                0x0000000008003f1c                HAL_PCD_SetAddress
 .text.HAL_PCD_EP_Open
                0x0000000008003f66       0xd0 ./Drivers/STM32L4xx_HAL_Driver/Src/stm32l4xx_hal_pcd.o
                0x0000000008003f66                HAL_PCD_EP_Open
 .text.HAL_PCD_EP_Close
                0x0000000008004036       0x94 ./Drivers/STM32L4xx_HAL_Driver/Src/stm32l4xx_hal_pcd.o
                0x0000000008004036                HAL_PCD_EP_Close
 .text.HAL_PCD_EP_Receive
                0x00000000080040ca       0x7c ./Drivers/STM32L4xx_HAL_Driver/Src/stm32l4xx_hal_pcd.o
                0x00000000080040ca                HAL_PCD_EP_Receive
 .text.HAL_PCD_EP_GetRxCount
                0x0000000008004146       0x30 ./Drivers/STM32L4xx_HAL_Driver/Src/stm32l4xx_hal_pcd.o
                0x0000000008004146                HAL_PCD_EP_GetRxCount
 .text.HAL_PCD_EP_Transmit
                0x0000000008004176       0x7a ./Drivers/STM32L4xx_HAL_Driver/Src/stm32l4xx_hal_pcd.o
                0x0000000008004176                HAL_PCD_EP_Transmit
 .text.HAL_PCD_EP_SetStall
                0x00000000080041f0       0xc4 ./Drivers/STM32L4xx_HAL_Driver/Src/stm32l4xx_hal_pcd.o
                0x00000000080041f0                HAL_PCD_EP_SetStall
 .text.HAL_PCD_EP_ClrStall
                0x00000000080042b4       0xac ./Drivers/STM32L4xx_HAL_Driver/Src/stm32l4xx_hal_pcd.o
                0x00000000080042b4                HAL_PCD_EP_ClrStall
 .text.HAL_PCD_EP_Abort
                0x0000000008004360       0x62 ./Drivers/STM32L4xx_HAL_Driver/Src/stm32l4xx_hal_pcd.o
                0x0000000008004360                HAL_PCD_EP_Abort
 .text.PCD_WriteEmptyTxFifo
                0x00000000080043c2      0x110 ./Drivers/STM32L4xx_HAL_Driver/Src/stm32l4xx_hal_pcd.o
 *fill*         0x00000000080044d2        0x2 
 .text.PCD_EP_OutXfrComplete_int
                0x00000000080044d4       0x9c ./Drivers/STM32L4xx_HAL_Driver/Src/stm32l4xx_hal_pcd.o
 .text.PCD_EP_OutSetupPacket_int
                0x0000000008004570       0x68 ./Drivers/STM32L4xx_HAL_Driver/Src/stm32l4xx_hal_pcd.o
 .text.HAL_PCDEx_SetTxFiFo
                0x00000000080045d8       0x8e ./Drivers/STM32L4xx_HAL_Driver/Src/stm32l4xx_hal_pcd_ex.o
                0x00000000080045d8                HAL_PCDEx_SetTxFiFo
 .text.HAL_PCDEx_SetRxFiFo
                0x0000000008004666       0x22 ./Drivers/STM32L4xx_HAL_Driver/Src/stm32l4xx_hal_pcd_ex.o
                0x0000000008004666                HAL_PCDEx_SetRxFiFo
 .text.HAL_PCDEx_ActivateLPM
                0x0000000008004688       0x48 ./Drivers/STM32L4xx_HAL_Driver/Src/stm32l4xx_hal_pcd_ex.o
                0x0000000008004688                HAL_PCDEx_ActivateLPM
 .text.HAL_PWR_EnableBkUpAccess
                0x00000000080046d0       0x20 ./Drivers/STM32L4xx_HAL_Driver/Src/stm32l4xx_hal_pwr.o
                0x00000000080046d0                HAL_PWR_EnableBkUpAccess
 .text.HAL_PWREx_GetVoltageRange
                0x00000000080046f0       0x40 ./Drivers/STM32L4xx_HAL_Driver/Src/stm32l4xx_hal_pwr_ex.o
                0x00000000080046f0                HAL_PWREx_GetVoltageRange
 .text.HAL_PWREx_ControlVoltageScaling
                0x0000000008004730      0x148 ./Drivers/STM32L4xx_HAL_Driver/Src/stm32l4xx_hal_pwr_ex.o
                0x0000000008004730                HAL_PWREx_ControlVoltageScaling
 .text.HAL_PWREx_EnableVddUSB
                0x0000000008004878       0x20 ./Drivers/STM32L4xx_HAL_Driver/Src/stm32l4xx_hal_pwr_ex.o
                0x0000000008004878                HAL_PWREx_EnableVddUSB
 .text.HAL_PWREx_EnableVddIO2
                0x0000000008004898       0x20 ./Drivers/STM32L4xx_HAL_Driver/Src/stm32l4xx_hal_pwr_ex.o
                0x0000000008004898                HAL_PWREx_EnableVddIO2
 .text.HAL_RCC_OscConfig
                0x00000000080048b8      0x830 ./Drivers/STM32L4xx_HAL_Driver/Src/stm32l4xx_hal_rcc.o
                0x00000000080048b8                HAL_RCC_OscConfig
 .text.HAL_RCC_ClockConfig
                0x00000000080050e8      0x274 ./Drivers/STM32L4xx_HAL_Driver/Src/stm32l4xx_hal_rcc.o
                0x00000000080050e8                HAL_RCC_ClockConfig
 .text.HAL_RCC_GetSysClockFreq
                0x000000000800535c      0x114 ./Drivers/STM32L4xx_HAL_Driver/Src/stm32l4xx_hal_rcc.o
                0x000000000800535c                HAL_RCC_GetSysClockFreq
 .text.HAL_RCC_GetHCLKFreq
                0x0000000008005470       0x18 ./Drivers/STM32L4xx_HAL_Driver/Src/stm32l4xx_hal_rcc.o
                0x0000000008005470                HAL_RCC_GetHCLKFreq
 .text.RCC_SetFlashLatencyFromMSIRange
                0x0000000008005488       0xb4 ./Drivers/STM32L4xx_HAL_Driver/Src/stm32l4xx_hal_rcc.o
 .text.RCC_GetSysClockFreqFromPLLSource
                0x000000000800553c       0xc8 ./Drivers/STM32L4xx_HAL_Driver/Src/stm32l4xx_hal_rcc.o
 .text.HAL_RCCEx_PeriphCLKConfig
                0x0000000008005604      0x720 ./Drivers/STM32L4xx_HAL_Driver/Src/stm32l4xx_hal_rcc_ex.o
                0x0000000008005604                HAL_RCCEx_PeriphCLKConfig
 .text.RCCEx_PLLSAI1_Config
                0x0000000008005d24      0x1e8 ./Drivers/STM32L4xx_HAL_Driver/Src/stm32l4xx_hal_rcc_ex.o
 .text.RCCEx_PLLSAI2_Config
                0x0000000008005f0c      0x1e8 ./Drivers/STM32L4xx_HAL_Driver/Src/stm32l4xx_hal_rcc_ex.o
 .text.HAL_RTC_Init
                0x00000000080060f4       0xf6 ./Drivers/STM32L4xx_HAL_Driver/Src/stm32l4xx_hal_rtc.o
                0x00000000080060f4                HAL_RTC_Init
 .text.HAL_RTC_SetTime
                0x00000000080061ea      0x13a ./Drivers/STM32L4xx_HAL_Driver/Src/stm32l4xx_hal_rtc.o
                0x00000000080061ea                HAL_RTC_SetTime
 .text.HAL_RTC_SetDate
                0x0000000008006324      0x10e ./Drivers/STM32L4xx_HAL_Driver/Src/stm32l4xx_hal_rtc.o
                0x0000000008006324                HAL_RTC_SetDate
 .text.HAL_RTC_WaitForSynchro
                0x0000000008006432       0x4c ./Drivers/STM32L4xx_HAL_Driver/Src/stm32l4xx_hal_rtc.o
                0x0000000008006432                HAL_RTC_WaitForSynchro
 .text.RTC_EnterInitMode
                0x000000000800647e       0x66 ./Drivers/STM32L4xx_HAL_Driver/Src/stm32l4xx_hal_rtc.o
                0x000000000800647e                RTC_EnterInitMode
 .text.RTC_ExitInitMode
                0x00000000080064e4       0x7c ./Drivers/STM32L4xx_HAL_Driver/Src/stm32l4xx_hal_rtc.o
                0x00000000080064e4                RTC_ExitInitMode
 .text.RTC_ByteToBcd2
                0x0000000008006560       0x40 ./Drivers/STM32L4xx_HAL_Driver/Src/stm32l4xx_hal_rtc.o
                0x0000000008006560                RTC_ByteToBcd2
 .text.HAL_SD_IRQHandler
                0x00000000080065a0      0x36c ./Drivers/STM32L4xx_HAL_Driver/Src/stm32l4xx_hal_sd.o
                0x00000000080065a0                HAL_SD_IRQHandler
 .text.HAL_SD_TxCpltCallback
                0x000000000800690c       0x14 ./Drivers/STM32L4xx_HAL_Driver/Src/stm32l4xx_hal_sd.o
                0x000000000800690c                HAL_SD_TxCpltCallback
 .text.HAL_SD_RxCpltCallback
                0x0000000008006920       0x14 ./Drivers/STM32L4xx_HAL_Driver/Src/stm32l4xx_hal_sd.o
                0x0000000008006920                HAL_SD_RxCpltCallback
 .text.HAL_SD_ErrorCallback
                0x0000000008006934       0x14 ./Drivers/STM32L4xx_HAL_Driver/Src/stm32l4xx_hal_sd.o
                0x0000000008006934                HAL_SD_ErrorCallback
 .text.SD_Read_IT
                0x0000000008006948       0xa2 ./Drivers/STM32L4xx_HAL_Driver/Src/stm32l4xx_hal_sd.o
 .text.SD_Write_IT
                0x00000000080069ea       0xaa ./Drivers/STM32L4xx_HAL_Driver/Src/stm32l4xx_hal_sd.o
 .text.HAL_SDEx_Read_DMADoubleBuffer0CpltCallback
                0x0000000008006a94       0x14 ./Drivers/STM32L4xx_HAL_Driver/Src/stm32l4xx_hal_sd_ex.o
                0x0000000008006a94                HAL_SDEx_Read_DMADoubleBuffer0CpltCallback
 .text.HAL_SDEx_Read_DMADoubleBuffer1CpltCallback
                0x0000000008006aa8       0x14 ./Drivers/STM32L4xx_HAL_Driver/Src/stm32l4xx_hal_sd_ex.o
                0x0000000008006aa8                HAL_SDEx_Read_DMADoubleBuffer1CpltCallback
 .text.HAL_SDEx_Write_DMADoubleBuffer0CpltCallback
                0x0000000008006abc       0x14 ./Drivers/STM32L4xx_HAL_Driver/Src/stm32l4xx_hal_sd_ex.o
                0x0000000008006abc                HAL_SDEx_Write_DMADoubleBuffer0CpltCallback
 .text.HAL_SDEx_Write_DMADoubleBuffer1CpltCallback
                0x0000000008006ad0       0x14 ./Drivers/STM32L4xx_HAL_Driver/Src/stm32l4xx_hal_sd_ex.o
                0x0000000008006ad0                HAL_SDEx_Write_DMADoubleBuffer1CpltCallback
 .text.HAL_SPI_Init
                0x0000000008006ae4      0x146 ./Drivers/STM32L4xx_HAL_Driver/Src/stm32l4xx_hal_spi.o
                0x0000000008006ae4                HAL_SPI_Init
 .text.HAL_SPI_Transmit
                0x0000000008006c2a      0x2dc ./Drivers/STM32L4xx_HAL_Driver/Src/stm32l4xx_hal_spi.o
                0x0000000008006c2a                HAL_SPI_Transmit
 .text.HAL_SPI_Receive
                0x0000000008006f06      0x260 ./Drivers/STM32L4xx_HAL_Driver/Src/stm32l4xx_hal_spi.o
                0x0000000008006f06                HAL_SPI_Receive
 .text.HAL_SPI_TransmitReceive
                0x0000000008007166      0x426 ./Drivers/STM32L4xx_HAL_Driver/Src/stm32l4xx_hal_spi.o
                0x0000000008007166                HAL_SPI_TransmitReceive
 .text.SPI_WaitFlagStateUntilTimeout
                0x000000000800758c      0x110 ./Drivers/STM32L4xx_HAL_Driver/Src/stm32l4xx_hal_spi.o
 .text.SPI_WaitFifoStateUntilTimeout
                0x000000000800769c      0x12c ./Drivers/STM32L4xx_HAL_Driver/Src/stm32l4xx_hal_spi.o
 .text.SPI_EndRxTransaction
                0x00000000080077c8       0xb0 ./Drivers/STM32L4xx_HAL_Driver/Src/stm32l4xx_hal_spi.o
 .text.SPI_EndRxTxTransaction
                0x0000000008007878       0x8c ./Drivers/STM32L4xx_HAL_Driver/Src/stm32l4xx_hal_spi.o
 .text.HAL_TIM_Base_Init
                0x0000000008007904       0xae ./Drivers/STM32L4xx_HAL_Driver/Src/stm32l4xx_hal_tim.o
                0x0000000008007904                HAL_TIM_Base_Init
 .text.HAL_TIM_IRQHandler
                0x00000000080079b2      0x23e ./Drivers/STM32L4xx_HAL_Driver/Src/stm32l4xx_hal_tim.o
                0x00000000080079b2                HAL_TIM_IRQHandler
 .text.HAL_TIM_ConfigClockSource
                0x0000000008007bf0      0x192 ./Drivers/STM32L4xx_HAL_Driver/Src/stm32l4xx_hal_tim.o
                0x0000000008007bf0                HAL_TIM_ConfigClockSource
 .text.HAL_TIM_PeriodElapsedCallback
                0x0000000008007d82       0x14 ./Drivers/STM32L4xx_HAL_Driver/Src/stm32l4xx_hal_tim.o
                0x0000000008007d82                HAL_TIM_PeriodElapsedCallback
 .text.HAL_TIM_OC_DelayElapsedCallback
                0x0000000008007d96       0x14 ./Drivers/STM32L4xx_HAL_Driver/Src/stm32l4xx_hal_tim.o
                0x0000000008007d96                HAL_TIM_OC_DelayElapsedCallback
 .text.HAL_TIM_IC_CaptureCallback
                0x0000000008007daa       0x14 ./Drivers/STM32L4xx_HAL_Driver/Src/stm32l4xx_hal_tim.o
                0x0000000008007daa                HAL_TIM_IC_CaptureCallback
 .text.HAL_TIM_PWM_PulseFinishedCallback
                0x0000000008007dbe       0x14 ./Drivers/STM32L4xx_HAL_Driver/Src/stm32l4xx_hal_tim.o
                0x0000000008007dbe                HAL_TIM_PWM_PulseFinishedCallback
 .text.HAL_TIM_TriggerCallback
                0x0000000008007dd2       0x14 ./Drivers/STM32L4xx_HAL_Driver/Src/stm32l4xx_hal_tim.o
                0x0000000008007dd2                HAL_TIM_TriggerCallback
 *fill*         0x0000000008007de6        0x2 
 .text.TIM_Base_SetConfig
                0x0000000008007de8      0x134 ./Drivers/STM32L4xx_HAL_Driver/Src/stm32l4xx_hal_tim.o
                0x0000000008007de8                TIM_Base_SetConfig
 .text.TIM_TI1_ConfigInputStage
                0x0000000008007f1c       0x5e ./Drivers/STM32L4xx_HAL_Driver/Src/stm32l4xx_hal_tim.o
 .text.TIM_TI2_ConfigInputStage
                0x0000000008007f7a       0x60 ./Drivers/STM32L4xx_HAL_Driver/Src/stm32l4xx_hal_tim.o
 .text.TIM_ITRx_SetConfig
                0x0000000008007fda       0x36 ./Drivers/STM32L4xx_HAL_Driver/Src/stm32l4xx_hal_tim.o
 .text.TIM_ETR_SetConfig
                0x0000000008008010       0x40 ./Drivers/STM32L4xx_HAL_Driver/Src/stm32l4xx_hal_tim.o
                0x0000000008008010                TIM_ETR_SetConfig
 .text.HAL_TIMEx_MasterConfigSynchronization
                0x0000000008008050      0x110 ./Drivers/STM32L4xx_HAL_Driver/Src/stm32l4xx_hal_tim_ex.o
                0x0000000008008050                HAL_TIMEx_MasterConfigSynchronization
 .text.HAL_TIMEx_CommutCallback
                0x0000000008008160       0x14 ./Drivers/STM32L4xx_HAL_Driver/Src/stm32l4xx_hal_tim_ex.o
                0x0000000008008160                HAL_TIMEx_CommutCallback
 .text.HAL_TIMEx_BreakCallback
                0x0000000008008174       0x14 ./Drivers/STM32L4xx_HAL_Driver/Src/stm32l4xx_hal_tim_ex.o
                0x0000000008008174                HAL_TIMEx_BreakCallback
 .text.HAL_TIMEx_Break2Callback
                0x0000000008008188       0x14 ./Drivers/STM32L4xx_HAL_Driver/Src/stm32l4xx_hal_tim_ex.o
                0x0000000008008188                HAL_TIMEx_Break2Callback
 .text.SDMMC_ReadFIFO
                0x000000000800819c       0x1a ./Drivers/STM32L4xx_HAL_Driver/Src/stm32l4xx_ll_sdmmc.o
                0x000000000800819c                SDMMC_ReadFIFO
 .text.SDMMC_WriteFIFO
                0x00000000080081b6       0x22 ./Drivers/STM32L4xx_HAL_Driver/Src/stm32l4xx_ll_sdmmc.o
                0x00000000080081b6                SDMMC_WriteFIFO
 .text.SDMMC_SendCommand
                0x00000000080081d8       0x54 ./Drivers/STM32L4xx_HAL_Driver/Src/stm32l4xx_ll_sdmmc.o
                0x00000000080081d8                SDMMC_SendCommand
 .text.SDMMC_GetCommandResponse
                0x000000000800822c       0x1a ./Drivers/STM32L4xx_HAL_Driver/Src/stm32l4xx_ll_sdmmc.o
                0x000000000800822c                SDMMC_GetCommandResponse
 .text.SDMMC_GetResponse
                0x0000000008008246       0x26 ./Drivers/STM32L4xx_HAL_Driver/Src/stm32l4xx_ll_sdmmc.o
                0x0000000008008246                SDMMC_GetResponse
 .text.SDMMC_CmdStopTransfer
                0x000000000800826c       0x6c ./Drivers/STM32L4xx_HAL_Driver/Src/stm32l4xx_ll_sdmmc.o
                0x000000000800826c                SDMMC_CmdStopTransfer
 .text.SDMMC_GetCmdResp1
                0x00000000080082d8      0x1e4 ./Drivers/STM32L4xx_HAL_Driver/Src/stm32l4xx_ll_sdmmc.o
                0x00000000080082d8                SDMMC_GetCmdResp1
 .text.USB_CoreInit
                0x00000000080084bc       0x58 ./Drivers/STM32L4xx_HAL_Driver/Src/stm32l4xx_ll_usb.o
                0x00000000080084bc                USB_CoreInit
 .text.USB_SetTurnaroundTime
                0x0000000008008514      0x138 ./Drivers/STM32L4xx_HAL_Driver/Src/stm32l4xx_ll_usb.o
                0x0000000008008514                USB_SetTurnaroundTime
 .text.USB_EnableGlobalInt
                0x000000000800864c       0x22 ./Drivers/STM32L4xx_HAL_Driver/Src/stm32l4xx_ll_usb.o
                0x000000000800864c                USB_EnableGlobalInt
 .text.USB_DisableGlobalInt
                0x000000000800866e       0x22 ./Drivers/STM32L4xx_HAL_Driver/Src/stm32l4xx_ll_usb.o
                0x000000000800866e                USB_DisableGlobalInt
 .text.USB_SetCurrentMode
                0x0000000008008690       0x98 ./Drivers/STM32L4xx_HAL_Driver/Src/stm32l4xx_ll_usb.o
                0x0000000008008690                USB_SetCurrentMode
 .text.USB_DevInit
                0x0000000008008728      0x298 ./Drivers/STM32L4xx_HAL_Driver/Src/stm32l4xx_ll_usb.o
                0x0000000008008728                USB_DevInit
 .text.USB_FlushTxFifo
                0x00000000080089c0       0x68 ./Drivers/STM32L4xx_HAL_Driver/Src/stm32l4xx_ll_usb.o
                0x00000000080089c0                USB_FlushTxFifo
 .text.USB_FlushRxFifo
                0x0000000008008a28       0x60 ./Drivers/STM32L4xx_HAL_Driver/Src/stm32l4xx_ll_usb.o
                0x0000000008008a28                USB_FlushRxFifo
 .text.USB_SetDevSpeed
                0x0000000008008a88       0x32 ./Drivers/STM32L4xx_HAL_Driver/Src/stm32l4xx_ll_usb.o
                0x0000000008008a88                USB_SetDevSpeed
 .text.USB_GetDevSpeed
                0x0000000008008aba       0x3e ./Drivers/STM32L4xx_HAL_Driver/Src/stm32l4xx_ll_usb.o
                0x0000000008008aba                USB_GetDevSpeed
 .text.USB_ActivateEndpoint
                0x0000000008008af8      0x10e ./Drivers/STM32L4xx_HAL_Driver/Src/stm32l4xx_ll_usb.o
                0x0000000008008af8                USB_ActivateEndpoint
 *fill*         0x0000000008008c06        0x2 
 .text.USB_DeactivateEndpoint
                0x0000000008008c08      0x1b8 ./Drivers/STM32L4xx_HAL_Driver/Src/stm32l4xx_ll_usb.o
                0x0000000008008c08                USB_DeactivateEndpoint
 .text.USB_EPStartXfer
                0x0000000008008dc0      0x3c0 ./Drivers/STM32L4xx_HAL_Driver/Src/stm32l4xx_ll_usb.o
                0x0000000008008dc0                USB_EPStartXfer
 .text.USB_EP0StartXfer
                0x0000000008009180      0x244 ./Drivers/STM32L4xx_HAL_Driver/Src/stm32l4xx_ll_usb.o
                0x0000000008009180                USB_EP0StartXfer
 .text.USB_EPStopXfer
                0x00000000080093c4      0x154 ./Drivers/STM32L4xx_HAL_Driver/Src/stm32l4xx_ll_usb.o
                0x00000000080093c4                USB_EPStopXfer
 .text.USB_WritePacket
                0x0000000008009518       0x74 ./Drivers/STM32L4xx_HAL_Driver/Src/stm32l4xx_ll_usb.o
                0x0000000008009518                USB_WritePacket
 .text.USB_ReadPacket
                0x000000000800958c       0xb0 ./Drivers/STM32L4xx_HAL_Driver/Src/stm32l4xx_ll_usb.o
                0x000000000800958c                USB_ReadPacket
 .text.USB_EPSetStall
                0x000000000800963c       0xdc ./Drivers/STM32L4xx_HAL_Driver/Src/stm32l4xx_ll_usb.o
                0x000000000800963c                USB_EPSetStall
 .text.USB_EPClearStall
                0x0000000008009718       0xcc ./Drivers/STM32L4xx_HAL_Driver/Src/stm32l4xx_ll_usb.o
                0x0000000008009718                USB_EPClearStall
 .text.USB_SetDevAddress
                0x00000000080097e4       0x4c ./Drivers/STM32L4xx_HAL_Driver/Src/stm32l4xx_ll_usb.o
                0x00000000080097e4                USB_SetDevAddress
 .text.USB_DevConnect
                0x0000000008009830       0x42 ./Drivers/STM32L4xx_HAL_Driver/Src/stm32l4xx_ll_usb.o
                0x0000000008009830                USB_DevConnect
 .text.USB_DevDisconnect
                0x0000000008009872       0x42 ./Drivers/STM32L4xx_HAL_Driver/Src/stm32l4xx_ll_usb.o
                0x0000000008009872                USB_DevDisconnect
 .text.USB_ReadInterrupts
                0x00000000080098b4       0x26 ./Drivers/STM32L4xx_HAL_Driver/Src/stm32l4xx_ll_usb.o
                0x00000000080098b4                USB_ReadInterrupts
 .text.USB_ReadDevAllOutEpInterrupt
                0x00000000080098da       0x34 ./Drivers/STM32L4xx_HAL_Driver/Src/stm32l4xx_ll_usb.o
                0x00000000080098da                USB_ReadDevAllOutEpInterrupt
 .text.USB_ReadDevAllInEpInterrupt
                0x000000000800990e       0x34 ./Drivers/STM32L4xx_HAL_Driver/Src/stm32l4xx_ll_usb.o
                0x000000000800990e                USB_ReadDevAllInEpInterrupt
 .text.USB_ReadDevOutEPInterrupt
                0x0000000008009942       0x3c ./Drivers/STM32L4xx_HAL_Driver/Src/stm32l4xx_ll_usb.o
                0x0000000008009942                USB_ReadDevOutEPInterrupt
 .text.USB_ReadDevInEPInterrupt
                0x000000000800997e       0x5c ./Drivers/STM32L4xx_HAL_Driver/Src/stm32l4xx_ll_usb.o
                0x000000000800997e                USB_ReadDevInEPInterrupt
 .text.USB_GetMode
                0x00000000080099da       0x1c ./Drivers/STM32L4xx_HAL_Driver/Src/stm32l4xx_ll_usb.o
                0x00000000080099da                USB_GetMode
 .text.USB_ActivateSetup
                0x00000000080099f6       0x46 ./Drivers/STM32L4xx_HAL_Driver/Src/stm32l4xx_ll_usb.o
                0x00000000080099f6                USB_ActivateSetup
 .text.USB_EP0_OutStart
                0x0000000008009a3c       0x90 ./Drivers/STM32L4xx_HAL_Driver/Src/stm32l4xx_ll_usb.o
                0x0000000008009a3c                USB_EP0_OutStart
 .text.USB_CoreReset
                0x0000000008009acc       0x68 ./Drivers/STM32L4xx_HAL_Driver/Src/stm32l4xx_ll_usb.o
 .text.lsm6dsox_read_reg
                0x0000000008009b34       0x30 ./Drivers/STMemsDrivers/Src/lsm6dsox_reg.o
                0x0000000008009b34                lsm6dsox_read_reg
 .text.lsm6dsox_from_lsb_to_celsius
                0x0000000008009b64       0x38 ./Drivers/STMemsDrivers/Src/lsm6dsox_reg.o
                0x0000000008009b64                lsm6dsox_from_lsb_to_celsius
 .text.lsm6dsox_temperature_raw_get
                0x0000000008009b9c       0x46 ./Drivers/STMemsDrivers/Src/lsm6dsox_reg.o
                0x0000000008009b9c                lsm6dsox_temperature_raw_get
 .text.lsm6dsox_device_id_get
                0x0000000008009be2       0x22 ./Drivers/STMemsDrivers/Src/lsm6dsox_reg.o
                0x0000000008009be2                lsm6dsox_device_id_get
 .text.USBD_CDC_Init
                0x0000000008009c04       0xfe ./Middlewares/ST/STM32_USB_Device_Library/Class/CDC/Src/usbd_cdc.o
 .text.USBD_CDC_DeInit
                0x0000000008009d02       0x74 ./Middlewares/ST/STM32_USB_Device_Library/Class/CDC/Src/usbd_cdc.o
 *fill*         0x0000000008009d76        0x2 
 .text.USBD_CDC_Setup
                0x0000000008009d78      0x190 ./Middlewares/ST/STM32_USB_Device_Library/Class/CDC/Src/usbd_cdc.o
 .text.USBD_CDC_DataIn
                0x0000000008009f08       0xca ./Middlewares/ST/STM32_USB_Device_Library/Class/CDC/Src/usbd_cdc.o
 .text.USBD_CDC_DataOut
                0x0000000008009fd2       0x56 ./Middlewares/ST/STM32_USB_Device_Library/Class/CDC/Src/usbd_cdc.o
 .text.USBD_CDC_EP0_RxReady
                0x000000000800a028       0x5a ./Middlewares/ST/STM32_USB_Device_Library/Class/CDC/Src/usbd_cdc.o
 *fill*         0x000000000800a082        0x2 
 .text.USBD_CDC_GetFSCfgDesc
                0x000000000800a084       0x20 ./Middlewares/ST/STM32_USB_Device_Library/Class/CDC/Src/usbd_cdc.o
 .text.USBD_CDC_GetHSCfgDesc
                0x000000000800a0a4       0x20 ./Middlewares/ST/STM32_USB_Device_Library/Class/CDC/Src/usbd_cdc.o
 .text.USBD_CDC_GetOtherSpeedCfgDesc
                0x000000000800a0c4       0x20 ./Middlewares/ST/STM32_USB_Device_Library/Class/CDC/Src/usbd_cdc.o
 .text.USBD_CDC_GetDeviceQualifierDescriptor
                0x000000000800a0e4       0x20 ./Middlewares/ST/STM32_USB_Device_Library/Class/CDC/Src/usbd_cdc.o
                0x000000000800a0e4                USBD_CDC_GetDeviceQualifierDescriptor
 .text.USBD_CDC_RegisterInterface
                0x000000000800a104       0x2a ./Middlewares/ST/STM32_USB_Device_Library/Class/CDC/Src/usbd_cdc.o
                0x000000000800a104                USBD_CDC_RegisterInterface
 .text.USBD_CDC_SetTxBuffer
                0x000000000800a12e       0x3c ./Middlewares/ST/STM32_USB_Device_Library/Class/CDC/Src/usbd_cdc.o
                0x000000000800a12e                USBD_CDC_SetTxBuffer
 .text.USBD_CDC_SetRxBuffer
                0x000000000800a16a       0x32 ./Middlewares/ST/STM32_USB_Device_Library/Class/CDC/Src/usbd_cdc.o
                0x000000000800a16a                USBD_CDC_SetRxBuffer
 .text.USBD_CDC_ReceivePacket
                0x000000000800a19c       0x54 ./Middlewares/ST/STM32_USB_Device_Library/Class/CDC/Src/usbd_cdc.o
                0x000000000800a19c                USBD_CDC_ReceivePacket
 .text.USBD_Init
                0x000000000800a1f0       0x60 ./Middlewares/ST/STM32_USB_Device_Library/Core/Src/usbd_core.o
                0x000000000800a1f0                USBD_Init
 .text.USBD_RegisterClass
                0x000000000800a250       0x4e ./Middlewares/ST/STM32_USB_Device_Library/Core/Src/usbd_core.o
                0x000000000800a250                USBD_RegisterClass
 .text.USBD_Start
                0x000000000800a29e       0x18 ./Middlewares/ST/STM32_USB_Device_Library/Core/Src/usbd_core.o
                0x000000000800a29e                USBD_Start
 .text.USBD_RunTestMode
                0x000000000800a2b6       0x16 ./Middlewares/ST/STM32_USB_Device_Library/Core/Src/usbd_core.o
                0x000000000800a2b6                USBD_RunTestMode
 .text.USBD_SetClassConfig
                0x000000000800a2cc       0x38 ./Middlewares/ST/STM32_USB_Device_Library/Core/Src/usbd_core.o
                0x000000000800a2cc                USBD_SetClassConfig
 .text.USBD_ClrClassConfig
                0x000000000800a304       0x30 ./Middlewares/ST/STM32_USB_Device_Library/Core/Src/usbd_core.o
                0x000000000800a304                USBD_ClrClassConfig
 .text.USBD_LL_SetupStage
                0x000000000800a334       0xaa ./Middlewares/ST/STM32_USB_Device_Library/Core/Src/usbd_core.o
                0x000000000800a334                USBD_LL_SetupStage
 .text.USBD_LL_DataOutStage
                0x000000000800a3de       0xc6 ./Middlewares/ST/STM32_USB_Device_Library/Core/Src/usbd_core.o
                0x000000000800a3de                USBD_LL_DataOutStage
 .text.USBD_LL_DataInStage
                0x000000000800a4a4      0x12c ./Middlewares/ST/STM32_USB_Device_Library/Core/Src/usbd_core.o
                0x000000000800a4a4                USBD_LL_DataInStage
 .text.USBD_LL_Reset
                0x000000000800a5d0       0x9c ./Middlewares/ST/STM32_USB_Device_Library/Core/Src/usbd_core.o
                0x000000000800a5d0                USBD_LL_Reset
 .text.USBD_LL_SetSpeed
                0x000000000800a66c       0x20 ./Middlewares/ST/STM32_USB_Device_Library/Core/Src/usbd_core.o
                0x000000000800a66c                USBD_LL_SetSpeed
 .text.USBD_LL_Suspend
                0x000000000800a68c       0x2c ./Middlewares/ST/STM32_USB_Device_Library/Core/Src/usbd_core.o
                0x000000000800a68c                USBD_LL_Suspend
 .text.USBD_LL_Resume
                0x000000000800a6b8       0x30 ./Middlewares/ST/STM32_USB_Device_Library/Core/Src/usbd_core.o
                0x000000000800a6b8                USBD_LL_Resume
 .text.USBD_LL_SOF
                0x000000000800a6e8       0x44 ./Middlewares/ST/STM32_USB_Device_Library/Core/Src/usbd_core.o
                0x000000000800a6e8                USBD_LL_SOF
 .text.USBD_LL_IsoINIncomplete
                0x000000000800a72c       0x4c ./Middlewares/ST/STM32_USB_Device_Library/Core/Src/usbd_core.o
                0x000000000800a72c                USBD_LL_IsoINIncomplete
 .text.USBD_LL_IsoOUTIncomplete
                0x000000000800a778       0x4c ./Middlewares/ST/STM32_USB_Device_Library/Core/Src/usbd_core.o
                0x000000000800a778                USBD_LL_IsoOUTIncomplete
 .text.USBD_LL_DevConnected
                0x000000000800a7c4       0x16 ./Middlewares/ST/STM32_USB_Device_Library/Core/Src/usbd_core.o
                0x000000000800a7c4                USBD_LL_DevConnected
 .text.USBD_LL_DevDisconnected
                0x000000000800a7da       0x38 ./Middlewares/ST/STM32_USB_Device_Library/Core/Src/usbd_core.o
                0x000000000800a7da                USBD_LL_DevDisconnected
 .text.SWAPBYTE
                0x000000000800a812       0x3c ./Middlewares/ST/STM32_USB_Device_Library/Core/Src/usbd_ctlreq.o
 *fill*         0x000000000800a84e        0x2 
 .text.USBD_StdDevReq
                0x000000000800a850       0xdc ./Middlewares/ST/STM32_USB_Device_Library/Core/Src/usbd_ctlreq.o
                0x000000000800a850                USBD_StdDevReq
 .text.USBD_StdItfReq
                0x000000000800a92c       0x92 ./Middlewares/ST/STM32_USB_Device_Library/Core/Src/usbd_ctlreq.o
                0x000000000800a92c                USBD_StdItfReq
 .text.USBD_StdEPReq
                0x000000000800a9be      0x2c4 ./Middlewares/ST/STM32_USB_Device_Library/Core/Src/usbd_ctlreq.o
                0x000000000800a9be                USBD_StdEPReq
 *fill*         0x000000000800ac82        0x2 
 .text.USBD_GetDescriptor
                0x000000000800ac84      0x328 ./Middlewares/ST/STM32_USB_Device_Library/Core/Src/usbd_ctlreq.o
 .text.USBD_SetAddress
                0x000000000800afac       0x88 ./Middlewares/ST/STM32_USB_Device_Library/Core/Src/usbd_ctlreq.o
 .text.USBD_SetConfig
                0x000000000800b034      0x14c ./Middlewares/ST/STM32_USB_Device_Library/Core/Src/usbd_ctlreq.o
 .text.USBD_GetConfig
                0x000000000800b180       0x6c ./Middlewares/ST/STM32_USB_Device_Library/Core/Src/usbd_ctlreq.o
 .text.USBD_GetStatus
                0x000000000800b1ec       0x68 ./Middlewares/ST/STM32_USB_Device_Library/Core/Src/usbd_ctlreq.o
 .text.USBD_SetFeature
                0x000000000800b254       0x28 ./Middlewares/ST/STM32_USB_Device_Library/Core/Src/usbd_ctlreq.o
 .text.USBD_ClrFeature
                0x000000000800b27c       0x44 ./Middlewares/ST/STM32_USB_Device_Library/Core/Src/usbd_ctlreq.o
 .text.USBD_ParseSetupRequest
                0x000000000800b2c0       0x74 ./Middlewares/ST/STM32_USB_Device_Library/Core/Src/usbd_ctlreq.o
                0x000000000800b2c0                USBD_ParseSetupRequest
 .text.USBD_CtlError
                0x000000000800b334       0x22 ./Middlewares/ST/STM32_USB_Device_Library/Core/Src/usbd_ctlreq.o
                0x000000000800b334                USBD_CtlError
 .text.USBD_GetString
                0x000000000800b356       0x8c ./Middlewares/ST/STM32_USB_Device_Library/Core/Src/usbd_ctlreq.o
                0x000000000800b356                USBD_GetString
 .text.USBD_GetLen
                0x000000000800b3e2       0x34 ./Middlewares/ST/STM32_USB_Device_Library/Core/Src/usbd_ctlreq.o
 .text.USBD_CtlSendData
                0x000000000800b416       0x36 ./Middlewares/ST/STM32_USB_Device_Library/Core/Src/usbd_ioreq.o
                0x000000000800b416                USBD_CtlSendData
 .text.USBD_CtlContinueSendData
                0x000000000800b44c       0x22 ./Middlewares/ST/STM32_USB_Device_Library/Core/Src/usbd_ioreq.o
                0x000000000800b44c                USBD_CtlContinueSendData
 .text.USBD_CtlPrepareRx
                0x000000000800b46e       0x3a ./Middlewares/ST/STM32_USB_Device_Library/Core/Src/usbd_ioreq.o
                0x000000000800b46e                USBD_CtlPrepareRx
 .text.USBD_CtlContinueRx
                0x000000000800b4a8       0x22 ./Middlewares/ST/STM32_USB_Device_Library/Core/Src/usbd_ioreq.o
                0x000000000800b4a8                USBD_CtlContinueRx
 .text.USBD_CtlSendStatus
                0x000000000800b4ca       0x26 ./Middlewares/ST/STM32_USB_Device_Library/Core/Src/usbd_ioreq.o
                0x000000000800b4ca                USBD_CtlSendStatus
 .text.USBD_CtlReceiveStatus
                0x000000000800b4f0       0x26 ./Middlewares/ST/STM32_USB_Device_Library/Core/Src/usbd_ioreq.o
                0x000000000800b4f0                USBD_CtlReceiveStatus
 *fill*         0x000000000800b516        0x2 
 .text.platform_write
                0x000000000800b518       0x58 ./Sensors/imu.o
 .text.platform_read
                0x000000000800b570       0x64 ./Sensors/imu.o
 .text.lsm6dsox_struct_init
                0x000000000800b5d4       0x30 ./Sensors/imu.o
                0x000000000800b5d4                lsm6dsox_struct_init
 .text.MX_USB_DEVICE_Init
                0x000000000800b604       0x60 ./USB_DEVICE/App/usb_device.o
                0x000000000800b604                MX_USB_DEVICE_Init
 .text.CDC_Init_FS
                0x000000000800b664       0x28 ./USB_DEVICE/App/usbd_cdc_if.o
 .text.CDC_DeInit_FS
                0x000000000800b68c       0x10 ./USB_DEVICE/App/usbd_cdc_if.o
 .text.CDC_Control_FS
                0x000000000800b69c       0xbc ./USB_DEVICE/App/usbd_cdc_if.o
 .text.CDC_Receive_FS
                0x000000000800b758       0x28 ./USB_DEVICE/App/usbd_cdc_if.o
 .text.CDC_TransmitCplt_FS
                0x000000000800b780       0x22 ./USB_DEVICE/App/usbd_cdc_if.o
 *fill*         0x000000000800b7a2        0x2 
 .text.USBD_FS_DeviceDescriptor
                0x000000000800b7a4       0x24 ./USB_DEVICE/App/usbd_desc.o
                0x000000000800b7a4                USBD_FS_DeviceDescriptor
 .text.USBD_FS_LangIDStrDescriptor
                0x000000000800b7c8       0x24 ./USB_DEVICE/App/usbd_desc.o
                0x000000000800b7c8                USBD_FS_LangIDStrDescriptor
 .text.USBD_FS_ProductStrDescriptor
                0x000000000800b7ec       0x3c ./USB_DEVICE/App/usbd_desc.o
                0x000000000800b7ec                USBD_FS_ProductStrDescriptor
 .text.USBD_FS_ManufacturerStrDescriptor
                0x000000000800b828       0x28 ./USB_DEVICE/App/usbd_desc.o
                0x000000000800b828                USBD_FS_ManufacturerStrDescriptor
 .text.USBD_FS_SerialStrDescriptor
                0x000000000800b850       0x24 ./USB_DEVICE/App/usbd_desc.o
                0x000000000800b850                USBD_FS_SerialStrDescriptor
 .text.USBD_FS_ConfigStrDescriptor
                0x000000000800b874       0x3c ./USB_DEVICE/App/usbd_desc.o
                0x000000000800b874                USBD_FS_ConfigStrDescriptor
 .text.USBD_FS_InterfaceStrDescriptor
                0x000000000800b8b0       0x3c ./USB_DEVICE/App/usbd_desc.o
                0x000000000800b8b0                USBD_FS_InterfaceStrDescriptor
 .text.USBD_FS_USR_BOSDescriptor
                0x000000000800b8ec       0x24 ./USB_DEVICE/App/usbd_desc.o
                0x000000000800b8ec                USBD_FS_USR_BOSDescriptor
 .text.Get_SerialNum
                0x000000000800b910       0x58 ./USB_DEVICE/App/usbd_desc.o
 .text.IntToUnicode
                0x000000000800b968       0x7e ./USB_DEVICE/App/usbd_desc.o
 *fill*         0x000000000800b9e6        0x2 
 .text.HAL_PCD_MspInit
                0x000000000800b9e8      0x104 ./USB_DEVICE/Target/usbd_conf.o
                0x000000000800b9e8                HAL_PCD_MspInit
 .text.HAL_PCD_SetupStageCallback
                0x000000000800baec       0x24 ./USB_DEVICE/Target/usbd_conf.o
                0x000000000800baec                HAL_PCD_SetupStageCallback
 .text.HAL_PCD_DataOutStageCallback
                0x000000000800bb10       0x36 ./USB_DEVICE/Target/usbd_conf.o
                0x000000000800bb10                HAL_PCD_DataOutStageCallback
 .text.HAL_PCD_DataInStageCallback
                0x000000000800bb46       0x34 ./USB_DEVICE/Target/usbd_conf.o
                0x000000000800bb46                HAL_PCD_DataInStageCallback
 .text.HAL_PCD_SOFCallback
                0x000000000800bb7a       0x1c ./USB_DEVICE/Target/usbd_conf.o
                0x000000000800bb7a                HAL_PCD_SOFCallback
 .text.HAL_PCD_ResetCallback
                0x000000000800bb96       0x3c ./USB_DEVICE/Target/usbd_conf.o
                0x000000000800bb96                HAL_PCD_ResetCallback
 *fill*         0x000000000800bbd2        0x2 
 .text.HAL_PCD_SuspendCallback
                0x000000000800bbd4       0x4c ./USB_DEVICE/Target/usbd_conf.o
                0x000000000800bbd4                HAL_PCD_SuspendCallback
 .text.HAL_PCD_ResumeCallback
                0x000000000800bc20       0x50 ./USB_DEVICE/Target/usbd_conf.o
                0x000000000800bc20                HAL_PCD_ResumeCallback
 .text.HAL_PCD_ISOOUTIncompleteCallback
                0x000000000800bc70       0x24 ./USB_DEVICE/Target/usbd_conf.o
                0x000000000800bc70                HAL_PCD_ISOOUTIncompleteCallback
 .text.HAL_PCD_ISOINIncompleteCallback
                0x000000000800bc94       0x24 ./USB_DEVICE/Target/usbd_conf.o
                0x000000000800bc94                HAL_PCD_ISOINIncompleteCallback
 .text.HAL_PCD_ConnectCallback
                0x000000000800bcb8       0x1c ./USB_DEVICE/Target/usbd_conf.o
                0x000000000800bcb8                HAL_PCD_ConnectCallback
 .text.HAL_PCD_DisconnectCallback
                0x000000000800bcd4       0x1c ./USB_DEVICE/Target/usbd_conf.o
                0x000000000800bcd4                HAL_PCD_DisconnectCallback
 .text.USBD_LL_Init
                0x000000000800bcf0       0x94 ./USB_DEVICE/Target/usbd_conf.o
                0x000000000800bcf0                USBD_LL_Init
 .text.USBD_LL_Start
                0x000000000800bd84       0x64 ./USB_DEVICE/Target/usbd_conf.o
                0x000000000800bd84                USBD_LL_Start
 .text.USBD_LL_OpenEP
                0x000000000800bde8       0x7c ./USB_DEVICE/Target/usbd_conf.o
                0x000000000800bde8                USBD_LL_OpenEP
 .text.USBD_LL_CloseEP
                0x000000000800be64       0x6c ./USB_DEVICE/Target/usbd_conf.o
                0x000000000800be64                USBD_LL_CloseEP
 .text.USBD_LL_StallEP
                0x000000000800bed0       0x6c ./USB_DEVICE/Target/usbd_conf.o
                0x000000000800bed0                USBD_LL_StallEP
 .text.USBD_LL_ClearStallEP
                0x000000000800bf3c       0x6c ./USB_DEVICE/Target/usbd_conf.o
                0x000000000800bf3c                USBD_LL_ClearStallEP
 .text.USBD_LL_IsStallEP
                0x000000000800bfa8       0x58 ./USB_DEVICE/Target/usbd_conf.o
                0x000000000800bfa8                USBD_LL_IsStallEP
 .text.USBD_LL_SetUSBAddress
                0x000000000800c000       0x6c ./USB_DEVICE/Target/usbd_conf.o
                0x000000000800c000                USBD_LL_SetUSBAddress
 .text.USBD_LL_Transmit
                0x000000000800c06c       0x70 ./USB_DEVICE/Target/usbd_conf.o
                0x000000000800c06c                USBD_LL_Transmit
 .text.USBD_LL_PrepareReceive
                0x000000000800c0dc       0x70 ./USB_DEVICE/Target/usbd_conf.o
                0x000000000800c0dc                USBD_LL_PrepareReceive
 .text.USBD_LL_GetRxDataSize
                0x000000000800c14c       0x26 ./USB_DEVICE/Target/usbd_conf.o
                0x000000000800c14c                USBD_LL_GetRxDataSize
 *fill*         0x000000000800c172        0x2 
 .text.HAL_PCDEx_LPM_Callback
                0x000000000800c174       0x9c ./USB_DEVICE/Target/usbd_conf.o
                0x000000000800c174                HAL_PCDEx_LPM_Callback
 .text.USBD_static_malloc
                0x000000000800c210       0x1c ./USB_DEVICE/Target/usbd_conf.o
                0x000000000800c210                USBD_static_malloc
 .text.USBD_static_free
                0x000000000800c22c       0x14 ./USB_DEVICE/Target/usbd_conf.o
                0x000000000800c22c                USBD_static_free
 .text.SystemClockConfig_Resume
                0x000000000800c240        0xc ./USB_DEVICE/Target/usbd_conf.o
 .text.__libc_init_array
                0x000000000800c24c       0x48 c:/st/stm32cubeide_1.8.0/stm32cubeide/plugins/com.st.stm32cube.ide.mcu.externaltools.gnu-tools-for-stm32.9-2020-q2-update.win32_2.0.0.202105311346/tools/bin/../lib/gcc/arm-none-eabi/9.3.1/../../../../arm-none-eabi/lib/thumb/v7e-m+fp/hard\libc_nano.a(lib_a-init.o)
                0x000000000800c24c                __libc_init_array
 .text.memset   0x000000000800c294       0x10 c:/st/stm32cubeide_1.8.0/stm32cubeide/plugins/com.st.stm32cube.ide.mcu.externaltools.gnu-tools-for-stm32.9-2020-q2-update.win32_2.0.0.202105311346/tools/bin/../lib/gcc/arm-none-eabi/9.3.1/../../../../arm-none-eabi/lib/thumb/v7e-m+fp/hard\libc_nano.a(lib_a-memset.o)
                0x000000000800c294                memset
 *(.glue_7)
 .glue_7        0x000000000800c2a4        0x0 linker stubs
 *(.glue_7t)
 .glue_7t       0x000000000800c2a4        0x0 linker stubs
 *(.eh_frame)
 .eh_frame      0x000000000800c2a4        0x0 c:/st/stm32cubeide_1.8.0/stm32cubeide/plugins/com.st.stm32cube.ide.mcu.externaltools.gnu-tools-for-stm32.9-2020-q2-update.win32_2.0.0.202105311346/tools/bin/../lib/gcc/arm-none-eabi/9.3.1/thumb/v7e-m+fp/hard/crtbegin.o
 *(.init)
 .init          0x000000000800c2a4        0x4 c:/st/stm32cubeide_1.8.0/stm32cubeide/plugins/com.st.stm32cube.ide.mcu.externaltools.gnu-tools-for-stm32.9-2020-q2-update.win32_2.0.0.202105311346/tools/bin/../lib/gcc/arm-none-eabi/9.3.1/thumb/v7e-m+fp/hard/crti.o
                0x000000000800c2a4                _init
 .init          0x000000000800c2a8        0x8 c:/st/stm32cubeide_1.8.0/stm32cubeide/plugins/com.st.stm32cube.ide.mcu.externaltools.gnu-tools-for-stm32.9-2020-q2-update.win32_2.0.0.202105311346/tools/bin/../lib/gcc/arm-none-eabi/9.3.1/thumb/v7e-m+fp/hard/crtn.o
 *(.fini)
 .fini          0x000000000800c2b0        0x4 c:/st/stm32cubeide_1.8.0/stm32cubeide/plugins/com.st.stm32cube.ide.mcu.externaltools.gnu-tools-for-stm32.9-2020-q2-update.win32_2.0.0.202105311346/tools/bin/../lib/gcc/arm-none-eabi/9.3.1/thumb/v7e-m+fp/hard/crti.o
                0x000000000800c2b0                _fini
 .fini          0x000000000800c2b4        0x8 c:/st/stm32cubeide_1.8.0/stm32cubeide/plugins/com.st.stm32cube.ide.mcu.externaltools.gnu-tools-for-stm32.9-2020-q2-update.win32_2.0.0.202105311346/tools/bin/../lib/gcc/arm-none-eabi/9.3.1/thumb/v7e-m+fp/hard/crtn.o
                0x000000000800c2bc                . = ALIGN (0x4)
                0x000000000800c2bc                _etext = .

.vfp11_veneer   0x000000000800c2bc        0x0
 .vfp11_veneer  0x000000000800c2bc        0x0 linker stubs

.v4_bx          0x000000000800c2bc        0x0
 .v4_bx         0x000000000800c2bc        0x0 linker stubs

.iplt           0x000000000800c2bc        0x0
 .iplt          0x000000000800c2bc        0x0 c:/st/stm32cubeide_1.8.0/stm32cubeide/plugins/com.st.stm32cube.ide.mcu.externaltools.gnu-tools-for-stm32.9-2020-q2-update.win32_2.0.0.202105311346/tools/bin/../lib/gcc/arm-none-eabi/9.3.1/thumb/v7e-m+fp/hard/crtbegin.o

.rodata         0x000000000800c2bc       0x88
                0x000000000800c2bc                . = ALIGN (0x4)
 *(.rodata)
 .rodata        0x000000000800c2bc       0x46 ./USB_DEVICE/App/usbd_desc.o
 *(.rodata*)
 *fill*         0x000000000800c302        0x2 
 .rodata.AHBPrescTable
                0x000000000800c304       0x10 ./Core/Src/system_stm32l4xx.o
                0x000000000800c304                AHBPrescTable
 .rodata.MSIRangeTable
                0x000000000800c314       0x30 ./Core/Src/system_stm32l4xx.o
                0x000000000800c314                MSIRangeTable
                0x000000000800c344                . = ALIGN (0x4)

.rel.dyn        0x000000000800c344        0x0
 .rel.iplt      0x000000000800c344        0x0 c:/st/stm32cubeide_1.8.0/stm32cubeide/plugins/com.st.stm32cube.ide.mcu.externaltools.gnu-tools-for-stm32.9-2020-q2-update.win32_2.0.0.202105311346/tools/bin/../lib/gcc/arm-none-eabi/9.3.1/thumb/v7e-m+fp/hard/crtbegin.o

.ARM.extab      0x000000000800c344        0x0
                0x000000000800c344                . = ALIGN (0x4)
 *(.ARM.extab* .gnu.linkonce.armextab.*)
                0x000000000800c344                . = ALIGN (0x4)

.ARM            0x000000000800c344        0x0
                0x000000000800c344                . = ALIGN (0x4)
                0x000000000800c344                __exidx_start = .
 *(.ARM.exidx*)
                0x000000000800c344                __exidx_end = .
                0x000000000800c344                . = ALIGN (0x4)

.preinit_array  0x000000000800c344        0x0
                0x000000000800c344                . = ALIGN (0x4)
                0x000000000800c344                PROVIDE (__preinit_array_start = .)
 *(.preinit_array*)
                0x000000000800c344                PROVIDE (__preinit_array_end = .)
                0x000000000800c344                . = ALIGN (0x4)

.init_array     0x000000000800c344        0x4
                0x000000000800c344                . = ALIGN (0x4)
                0x000000000800c344                PROVIDE (__init_array_start = .)
 *(SORT_BY_NAME(.init_array.*))
 *(.init_array*)
 .init_array    0x000000000800c344        0x4 c:/st/stm32cubeide_1.8.0/stm32cubeide/plugins/com.st.stm32cube.ide.mcu.externaltools.gnu-tools-for-stm32.9-2020-q2-update.win32_2.0.0.202105311346/tools/bin/../lib/gcc/arm-none-eabi/9.3.1/thumb/v7e-m+fp/hard/crtbegin.o
                0x000000000800c348                PROVIDE (__init_array_end = .)
                0x000000000800c348                . = ALIGN (0x4)

.fini_array     0x000000000800c348        0x4
                0x000000000800c348                . = ALIGN (0x4)
                [!provide]                        PROVIDE (__fini_array_start = .)
 *(SORT_BY_NAME(.fini_array.*))
 *(.fini_array*)
 .fini_array    0x000000000800c348        0x4 c:/st/stm32cubeide_1.8.0/stm32cubeide/plugins/com.st.stm32cube.ide.mcu.externaltools.gnu-tools-for-stm32.9-2020-q2-update.win32_2.0.0.202105311346/tools/bin/../lib/gcc/arm-none-eabi/9.3.1/thumb/v7e-m+fp/hard/crtbegin.o
                [!provide]                        PROVIDE (__fini_array_end = .)
                0x000000000800c34c                . = ALIGN (0x4)
                0x000000000800c34c                _sidata = LOADADDR (.data)

.data           0x0000000020000000      0x190 load address 0x000000000800c34c
                0x0000000020000000                . = ALIGN (0x4)
                0x0000000020000000                _sdata = .
 *(.data)
 *(.data*)
 .data.SystemCoreClock
                0x0000000020000000        0x4 ./Core/Src/system_stm32l4xx.o
                0x0000000020000000                SystemCoreClock
 .data.uwTickPrio
                0x0000000020000004        0x4 ./Drivers/STM32L4xx_HAL_Driver/Src/stm32l4xx_hal.o
                0x0000000020000004                uwTickPrio
 .data.uwTickFreq
                0x0000000020000008        0x1 ./Drivers/STM32L4xx_HAL_Driver/Src/stm32l4xx_hal.o
                0x0000000020000008                uwTickFreq
 *fill*         0x0000000020000009        0x3 
 .data.USBD_CDC_DeviceQualifierDesc
                0x000000002000000c        0xa ./Middlewares/ST/STM32_USB_Device_Library/Class/CDC/Src/usbd_cdc.o
 *fill*         0x0000000020000016        0x2 
 .data.USBD_CDC
                0x0000000020000018       0x38 ./Middlewares/ST/STM32_USB_Device_Library/Class/CDC/Src/usbd_cdc.o
                0x0000000020000018                USBD_CDC
 .data.USBD_CDC_CfgHSDesc
                0x0000000020000050       0x43 ./Middlewares/ST/STM32_USB_Device_Library/Class/CDC/Src/usbd_cdc.o
 *fill*         0x0000000020000093        0x1 
 .data.USBD_CDC_CfgFSDesc
                0x0000000020000094       0x43 ./Middlewares/ST/STM32_USB_Device_Library/Class/CDC/Src/usbd_cdc.o
 *fill*         0x00000000200000d7        0x1 
 .data.USBD_CDC_OtherSpeedCfgDesc
                0x00000000200000d8       0x43 ./Middlewares/ST/STM32_USB_Device_Library/Class/CDC/Src/usbd_cdc.o
 *fill*         0x000000002000011b        0x1 
 .data.USBD_Interface_fops_FS
                0x000000002000011c       0x14 ./USB_DEVICE/App/usbd_cdc_if.o
                0x000000002000011c                USBD_Interface_fops_FS
 .data.FS_Desc  0x0000000020000130       0x20 ./USB_DEVICE/App/usbd_desc.o
                0x0000000020000130                FS_Desc
 .data.USBD_FS_DeviceDesc
                0x0000000020000150       0x12 ./USB_DEVICE/App/usbd_desc.o
                0x0000000020000150                USBD_FS_DeviceDesc
 *fill*         0x0000000020000162        0x2 
 .data.USBD_FS_BOSDesc
                0x0000000020000164        0xc ./USB_DEVICE/App/usbd_desc.o
                0x0000000020000164                USBD_FS_BOSDesc
 .data.USBD_LangIDDesc
                0x0000000020000170        0x4 ./USB_DEVICE/App/usbd_desc.o
                0x0000000020000170                USBD_LangIDDesc
 .data.USBD_StringSerial
                0x0000000020000174       0x1a ./USB_DEVICE/App/usbd_desc.o
                0x0000000020000174                USBD_StringSerial
 *(.RamFunc)
 *(.RamFunc*)
                0x0000000020000190                . = ALIGN (0x4)
 *fill*         0x000000002000018e        0x2 
                0x0000000020000190                _edata = .

.igot.plt       0x0000000020000190        0x0 load address 0x000000000800c4dc
 .igot.plt      0x0000000020000190        0x0 c:/st/stm32cubeide_1.8.0/stm32cubeide/plugins/com.st.stm32cube.ide.mcu.externaltools.gnu-tools-for-stm32.9-2020-q2-update.win32_2.0.0.202105311346/tools/bin/../lib/gcc/arm-none-eabi/9.3.1/thumb/v7e-m+fp/hard/crtbegin.o
                0x0000000020000190                . = ALIGN (0x4)

.bss            0x0000000020000190     0x2110 load address 0x000000000800c4dc
                0x0000000020000190                _sbss = .
                0x0000000020000190                __bss_start__ = _sbss
 *(.bss)
 .bss           0x0000000020000190       0x1c c:/st/stm32cubeide_1.8.0/stm32cubeide/plugins/com.st.stm32cube.ide.mcu.externaltools.gnu-tools-for-stm32.9-2020-q2-update.win32_2.0.0.202105311346/tools/bin/../lib/gcc/arm-none-eabi/9.3.1/thumb/v7e-m+fp/hard/crtbegin.o
 *(.bss*)
 .bss.HAL_RCC_DFSDM1_CLK_ENABLED
                0x00000000200001ac        0x4 ./Core/Src/dfsdm.o
 .bss.DFSDM1_Init
                0x00000000200001b0        0x4 ./Core/Src/dfsdm.o
 .bss.data_temperature_raw
                0x00000000200001b4        0x2 ./Core/Src/main.o
 *fill*         0x00000000200001b6        0x2 
 .bss.v_dfsdm1ChannelCounter
                0x00000000200001b8        0x4 ./Drivers/STM32L4xx_HAL_Driver/Src/stm32l4xx_hal_dfsdm.o
 .bss.a_dfsdm1ChannelHandle
                0x00000000200001bc       0x20 ./Drivers/STM32L4xx_HAL_Driver/Src/stm32l4xx_hal_dfsdm.o
 .bss.cfgidx.16912
                0x00000000200001dc        0x1 ./Middlewares/ST/STM32_USB_Device_Library/Core/Src/usbd_ctlreq.o
 *fill*         0x00000000200001dd        0x3 
 .bss.mem.17064
                0x00000000200001e0      0x220 ./USB_DEVICE/Target/usbd_conf.o
 *(COMMON)
 COMMON         0x0000000020000400       0x68 ./Core/Src/adc.o
                0x0000000020000400                hadc1
 COMMON         0x0000000020000468       0xec ./Core/Src/dfsdm.o
                0x0000000020000468                hdfsdm1_filter0
                0x00000000200004bc                hdma_dfsdm1_flt0
                0x000000002000051c                hdfsdm1_channel0
 COMMON         0x0000000020000554       0xa8 ./Core/Src/i2c.o
                0x0000000020000554                hi2c3
                0x00000000200005a8                hi2c1
 COMMON         0x00000000200005fc       0x24 ./Core/Src/rtc.o
                0x00000000200005fc                hrtc
 COMMON         0x0000000020000620       0x80 ./Core/Src/sdmmc.o
                0x0000000020000620                hsd1
 COMMON         0x00000000200006a0      0x12c ./Core/Src/spi.o
                0x00000000200006a0                hspi2
                0x0000000020000704                hspi3
                0x0000000020000768                hspi1
 COMMON         0x00000000200007cc       0xe4 ./Core/Src/tim.o
                0x00000000200007cc                htim6
                0x0000000020000818                htim2
                0x0000000020000864                htim7
 COMMON         0x00000000200008b0        0x4 ./Drivers/STM32L4xx_HAL_Driver/Src/stm32l4xx_hal.o
                0x00000000200008b0                uwTick
 COMMON         0x00000000200008b4       0x10 ./Sensors/imu.o
                0x00000000200008b4                LSM6DSOX_ctx
 COMMON         0x00000000200008c4      0x2d0 ./USB_DEVICE/App/usb_device.o
                0x00000000200008c4                hUsbDeviceFS
 COMMON         0x0000000020000b94     0x1000 ./USB_DEVICE/App/usbd_cdc_if.o
                0x0000000020000b94                UserRxBufferFS
                0x0000000020001394                UserTxBufferFS
 COMMON         0x0000000020001b94      0x200 ./USB_DEVICE/App/usbd_desc.o
                0x0000000020001b94                USBD_StrDesc
 COMMON         0x0000000020001d94      0x50c ./USB_DEVICE/Target/usbd_conf.o
                0x0000000020001d94                hpcd_USB_OTG_FS
                0x00000000200022a0                . = ALIGN (0x4)
                0x00000000200022a0                _ebss = .
                0x00000000200022a0                __bss_end__ = _ebss

._user_heap_stack
                0x00000000200022a0      0x600 load address 0x000000000800c4dc
                0x00000000200022a0                . = ALIGN (0x8)
                [!provide]                        PROVIDE (end = .)
                0x00000000200022a0                PROVIDE (_end = .)
                0x00000000200024a0                . = (. + _Min_Heap_Size)
 *fill*         0x00000000200022a0      0x200 
                0x00000000200028a0                . = (. + _Min_Stack_Size)
 *fill*         0x00000000200024a0      0x400 
                0x00000000200028a0                . = ALIGN (0x8)

/DISCARD/
 libc.a(*)
 libm.a(*)
 libgcc.a(*)

.ARM.attributes
                0x0000000000000000       0x30
 *(.ARM.attributes)
 .ARM.attributes
                0x0000000000000000       0x1e c:/st/stm32cubeide_1.8.0/stm32cubeide/plugins/com.st.stm32cube.ide.mcu.externaltools.gnu-tools-for-stm32.9-2020-q2-update.win32_2.0.0.202105311346/tools/bin/../lib/gcc/arm-none-eabi/9.3.1/thumb/v7e-m+fp/hard/crti.o
 .ARM.attributes
                0x000000000000001e       0x34 c:/st/stm32cubeide_1.8.0/stm32cubeide/plugins/com.st.stm32cube.ide.mcu.externaltools.gnu-tools-for-stm32.9-2020-q2-update.win32_2.0.0.202105311346/tools/bin/../lib/gcc/arm-none-eabi/9.3.1/thumb/v7e-m+fp/hard/crtbegin.o
 .ARM.attributes
                0x0000000000000052       0x34 ./Core/Src/adc.o
 .ARM.attributes
                0x0000000000000086       0x34 ./Core/Src/dfsdm.o
 .ARM.attributes
                0x00000000000000ba       0x34 ./Core/Src/dma.o
 .ARM.attributes
                0x00000000000000ee       0x34 ./Core/Src/gpio.o
 .ARM.attributes
                0x0000000000000122       0x34 ./Core/Src/i2c.o
 .ARM.attributes
                0x0000000000000156       0x34 ./Core/Src/main.o
 .ARM.attributes
                0x000000000000018a       0x34 ./Core/Src/rtc.o
 .ARM.attributes
                0x00000000000001be       0x34 ./Core/Src/sdmmc.o
 .ARM.attributes
                0x00000000000001f2       0x34 ./Core/Src/spi.o
 .ARM.attributes
                0x0000000000000226       0x34 ./Core/Src/stm32l4xx_hal_msp.o
 .ARM.attributes
                0x000000000000025a       0x34 ./Core/Src/stm32l4xx_it.o
 .ARM.attributes
                0x000000000000028e       0x34 ./Core/Src/system_stm32l4xx.o
 .ARM.attributes
                0x00000000000002c2       0x34 ./Core/Src/tim.o
 .ARM.attributes
                0x00000000000002f6       0x21 ./Core/Startup/startup_stm32l4r9zijx.o
 .ARM.attributes
                0x0000000000000317       0x34 ./Drivers/STM32L4xx_HAL_Driver/Src/stm32l4xx_hal.o
 .ARM.attributes
                0x000000000000034b       0x34 ./Drivers/STM32L4xx_HAL_Driver/Src/stm32l4xx_hal_adc.o
 .ARM.attributes
                0x000000000000037f       0x34 ./Drivers/STM32L4xx_HAL_Driver/Src/stm32l4xx_hal_cortex.o
 .ARM.attributes
                0x00000000000003b3       0x34 ./Drivers/STM32L4xx_HAL_Driver/Src/stm32l4xx_hal_dfsdm.o
 .ARM.attributes
                0x00000000000003e7       0x34 ./Drivers/STM32L4xx_HAL_Driver/Src/stm32l4xx_hal_dma.o
 .ARM.attributes
                0x000000000000041b       0x34 ./Drivers/STM32L4xx_HAL_Driver/Src/stm32l4xx_hal_gpio.o
 .ARM.attributes
                0x000000000000044f       0x34 ./Drivers/STM32L4xx_HAL_Driver/Src/stm32l4xx_hal_i2c.o
 .ARM.attributes
                0x0000000000000483       0x34 ./Drivers/STM32L4xx_HAL_Driver/Src/stm32l4xx_hal_i2c_ex.o
 .ARM.attributes
                0x00000000000004b7       0x34 ./Drivers/STM32L4xx_HAL_Driver/Src/stm32l4xx_hal_pcd.o
 .ARM.attributes
                0x00000000000004eb       0x34 ./Drivers/STM32L4xx_HAL_Driver/Src/stm32l4xx_hal_pcd_ex.o
 .ARM.attributes
                0x000000000000051f       0x34 ./Drivers/STM32L4xx_HAL_Driver/Src/stm32l4xx_hal_pwr.o
 .ARM.attributes
                0x0000000000000553       0x34 ./Drivers/STM32L4xx_HAL_Driver/Src/stm32l4xx_hal_pwr_ex.o
 .ARM.attributes
                0x0000000000000587       0x34 ./Drivers/STM32L4xx_HAL_Driver/Src/stm32l4xx_hal_rcc.o
 .ARM.attributes
                0x00000000000005bb       0x34 ./Drivers/STM32L4xx_HAL_Driver/Src/stm32l4xx_hal_rcc_ex.o
 .ARM.attributes
                0x00000000000005ef       0x34 ./Drivers/STM32L4xx_HAL_Driver/Src/stm32l4xx_hal_rtc.o
 .ARM.attributes
                0x0000000000000623       0x34 ./Drivers/STM32L4xx_HAL_Driver/Src/stm32l4xx_hal_sd.o
 .ARM.attributes
                0x0000000000000657       0x34 ./Drivers/STM32L4xx_HAL_Driver/Src/stm32l4xx_hal_sd_ex.o
 .ARM.attributes
                0x000000000000068b       0x34 ./Drivers/STM32L4xx_HAL_Driver/Src/stm32l4xx_hal_spi.o
 .ARM.attributes
                0x00000000000006bf       0x34 ./Drivers/STM32L4xx_HAL_Driver/Src/stm32l4xx_hal_tim.o
 .ARM.attributes
                0x00000000000006f3       0x34 ./Drivers/STM32L4xx_HAL_Driver/Src/stm32l4xx_hal_tim_ex.o
 .ARM.attributes
                0x0000000000000727       0x34 ./Drivers/STM32L4xx_HAL_Driver/Src/stm32l4xx_ll_sdmmc.o
 .ARM.attributes
                0x000000000000075b       0x34 ./Drivers/STM32L4xx_HAL_Driver/Src/stm32l4xx_ll_usb.o
 .ARM.attributes
                0x000000000000078f       0x34 ./Drivers/STMemsDrivers/Src/lsm6dsox_reg.o
 .ARM.attributes
                0x00000000000007c3       0x34 ./Middlewares/ST/STM32_USB_Device_Library/Class/CDC/Src/usbd_cdc.o
 .ARM.attributes
                0x00000000000007f7       0x34 ./Middlewares/ST/STM32_USB_Device_Library/Core/Src/usbd_core.o
 .ARM.attributes
                0x000000000000082b       0x34 ./Middlewares/ST/STM32_USB_Device_Library/Core/Src/usbd_ctlreq.o
 .ARM.attributes
                0x000000000000085f       0x34 ./Middlewares/ST/STM32_USB_Device_Library/Core/Src/usbd_ioreq.o
 .ARM.attributes
                0x0000000000000893       0x34 ./Sensors/imu.o
 .ARM.attributes
                0x00000000000008c7       0x34 ./USB_DEVICE/App/usb_device.o
 .ARM.attributes
                0x00000000000008fb       0x34 ./USB_DEVICE/App/usbd_cdc_if.o
 .ARM.attributes
                0x000000000000092f       0x34 ./USB_DEVICE/App/usbd_desc.o
 .ARM.attributes
                0x0000000000000963       0x34 ./USB_DEVICE/Target/usbd_conf.o
 .ARM.attributes
                0x0000000000000997       0x34 c:/st/stm32cubeide_1.8.0/stm32cubeide/plugins/com.st.stm32cube.ide.mcu.externaltools.gnu-tools-for-stm32.9-2020-q2-update.win32_2.0.0.202105311346/tools/bin/../lib/gcc/arm-none-eabi/9.3.1/../../../../arm-none-eabi/lib/thumb/v7e-m+fp/hard\libc_nano.a(lib_a-init.o)
 .ARM.attributes
                0x00000000000009cb       0x34 c:/st/stm32cubeide_1.8.0/stm32cubeide/plugins/com.st.stm32cube.ide.mcu.externaltools.gnu-tools-for-stm32.9-2020-q2-update.win32_2.0.0.202105311346/tools/bin/../lib/gcc/arm-none-eabi/9.3.1/../../../../arm-none-eabi/lib/thumb/v7e-m+fp/hard\libc_nano.a(lib_a-memset.o)
 .ARM.attributes
                0x00000000000009ff       0x1e c:/st/stm32cubeide_1.8.0/stm32cubeide/plugins/com.st.stm32cube.ide.mcu.externaltools.gnu-tools-for-stm32.9-2020-q2-update.win32_2.0.0.202105311346/tools/bin/../lib/gcc/arm-none-eabi/9.3.1/thumb/v7e-m+fp/hard/crtn.o
OUTPUT(nvc.elf elf32-littlearm)
LOAD linker stubs
LOAD c:/st/stm32cubeide_1.8.0/stm32cubeide/plugins/com.st.stm32cube.ide.mcu.externaltools.gnu-tools-for-stm32.9-2020-q2-update.win32_2.0.0.202105311346/tools/bin/../lib/gcc/arm-none-eabi/9.3.1/../../../../arm-none-eabi/lib/thumb/v7e-m+fp/hard\libc.a
LOAD c:/st/stm32cubeide_1.8.0/stm32cubeide/plugins/com.st.stm32cube.ide.mcu.externaltools.gnu-tools-for-stm32.9-2020-q2-update.win32_2.0.0.202105311346/tools/bin/../lib/gcc/arm-none-eabi/9.3.1/../../../../arm-none-eabi/lib/thumb/v7e-m+fp/hard\libm.a
LOAD c:/st/stm32cubeide_1.8.0/stm32cubeide/plugins/com.st.stm32cube.ide.mcu.externaltools.gnu-tools-for-stm32.9-2020-q2-update.win32_2.0.0.202105311346/tools/bin/../lib/gcc/arm-none-eabi/9.3.1/thumb/v7e-m+fp/hard\libgcc.a

.debug_info     0x0000000000000000    0x4b2c8
 .debug_info    0x0000000000000000     0x1a72 ./Core/Src/adc.o
 .debug_info    0x0000000000001a72     0x1a79 ./Core/Src/dfsdm.o
 .debug_info    0x00000000000034eb     0x10b5 ./Core/Src/dma.o
 .debug_info    0x00000000000045a0     0x105a ./Core/Src/gpio.o
 .debug_info    0x00000000000055fa     0x192e ./Core/Src/i2c.o
 .debug_info    0x0000000000006f28     0x2f35 ./Core/Src/main.o
 .debug_info    0x0000000000009e5d     0x15f3 ./Core/Src/rtc.o
 .debug_info    0x000000000000b450     0x18ce ./Core/Src/sdmmc.o
 .debug_info    0x000000000000cd1e     0x16d8 ./Core/Src/spi.o
 .debug_info    0x000000000000e3f6      0xe5a ./Core/Src/stm32l4xx_hal_msp.o
 .debug_info    0x000000000000f250     0x1c60 ./Core/Src/stm32l4xx_it.o
 .debug_info    0x0000000000010eb0      0x7aa ./Core/Src/system_stm32l4xx.o
 .debug_info    0x000000000001165a     0x1969 ./Core/Src/tim.o
 .debug_info    0x0000000000012fc3       0x22 ./Core/Startup/startup_stm32l4r9zijx.o
 .debug_info    0x0000000000012fe5      0xd2f ./Drivers/STM32L4xx_HAL_Driver/Src/stm32l4xx_hal.o
 .debug_info    0x0000000000013d14     0x2019 ./Drivers/STM32L4xx_HAL_Driver/Src/stm32l4xx_hal_adc.o
 .debug_info    0x0000000000015d2d     0x105e ./Drivers/STM32L4xx_HAL_Driver/Src/stm32l4xx_hal_cortex.o
 .debug_info    0x0000000000016d8b     0x1e8d ./Drivers/STM32L4xx_HAL_Driver/Src/stm32l4xx_hal_dfsdm.o
 .debug_info    0x0000000000018c18      0xad7 ./Drivers/STM32L4xx_HAL_Driver/Src/stm32l4xx_hal_dma.o
 .debug_info    0x00000000000196ef      0xa96 ./Drivers/STM32L4xx_HAL_Driver/Src/stm32l4xx_hal_gpio.o
 .debug_info    0x000000000001a185     0x24e9 ./Drivers/STM32L4xx_HAL_Driver/Src/stm32l4xx_hal_i2c.o
 .debug_info    0x000000000001c66e      0xda3 ./Drivers/STM32L4xx_HAL_Driver/Src/stm32l4xx_hal_i2c_ex.o
 .debug_info    0x000000000001d411     0x1467 ./Drivers/STM32L4xx_HAL_Driver/Src/stm32l4xx_hal_pcd.o
 .debug_info    0x000000000001e878      0xac4 ./Drivers/STM32L4xx_HAL_Driver/Src/stm32l4xx_hal_pcd_ex.o
 .debug_info    0x000000000001f33c      0xbb9 ./Drivers/STM32L4xx_HAL_Driver/Src/stm32l4xx_hal_pwr.o
 .debug_info    0x000000000001fef5      0xc6e ./Drivers/STM32L4xx_HAL_Driver/Src/stm32l4xx_hal_pwr_ex.o
 .debug_info    0x0000000000020b63      0xf63 ./Drivers/STM32L4xx_HAL_Driver/Src/stm32l4xx_hal_rcc.o
 .debug_info    0x0000000000021ac6     0x13ba ./Drivers/STM32L4xx_HAL_Driver/Src/stm32l4xx_hal_rcc_ex.o
 .debug_info    0x0000000000022e80     0x1085 ./Drivers/STM32L4xx_HAL_Driver/Src/stm32l4xx_hal_rtc.o
 .debug_info    0x0000000000023f05     0x1a69 ./Drivers/STM32L4xx_HAL_Driver/Src/stm32l4xx_hal_sd.o
 .debug_info    0x000000000002596e      0xa1e ./Drivers/STM32L4xx_HAL_Driver/Src/stm32l4xx_hal_sd_ex.o
 .debug_info    0x000000000002638c     0x1a2d ./Drivers/STM32L4xx_HAL_Driver/Src/stm32l4xx_hal_spi.o
 .debug_info    0x0000000000027db9     0x2f93 ./Drivers/STM32L4xx_HAL_Driver/Src/stm32l4xx_hal_tim.o
 .debug_info    0x000000000002ad4c     0x19e2 ./Drivers/STM32L4xx_HAL_Driver/Src/stm32l4xx_hal_tim_ex.o
 .debug_info    0x000000000002c72e     0x1512 ./Drivers/STM32L4xx_HAL_Driver/Src/stm32l4xx_ll_sdmmc.o
 .debug_info    0x000000000002dc40     0x1cd8 ./Drivers/STM32L4xx_HAL_Driver/Src/stm32l4xx_ll_usb.o
 .debug_info    0x000000000002f918     0xef65 ./Drivers/STMemsDrivers/Src/lsm6dsox_reg.o
 .debug_info    0x000000000003e87d     0x1ba4 ./Middlewares/ST/STM32_USB_Device_Library/Class/CDC/Src/usbd_cdc.o
 .debug_info    0x0000000000040421     0x1541 ./Middlewares/ST/STM32_USB_Device_Library/Core/Src/usbd_core.o
 .debug_info    0x0000000000041962     0x150d ./Middlewares/ST/STM32_USB_Device_Library/Core/Src/usbd_ctlreq.o
 .debug_info    0x0000000000042e6f     0x122f ./Middlewares/ST/STM32_USB_Device_Library/Core/Src/usbd_ioreq.o
 .debug_info    0x000000000004409e     0x142c ./Sensors/imu.o
 .debug_info    0x00000000000454ca     0x1198 ./USB_DEVICE/App/usb_device.o
 .debug_info    0x0000000000046662     0x13c9 ./USB_DEVICE/App/usbd_cdc_if.o
 .debug_info    0x0000000000047a2b      0xff3 ./USB_DEVICE/App/usbd_desc.o
 .debug_info    0x0000000000048a1e     0x28aa ./USB_DEVICE/Target/usbd_conf.o

.debug_abbrev   0x0000000000000000     0x6a7b
 .debug_abbrev  0x0000000000000000      0x245 ./Core/Src/adc.o
 .debug_abbrev  0x0000000000000245      0x269 ./Core/Src/dfsdm.o
 .debug_abbrev  0x00000000000004ae      0x209 ./Core/Src/dma.o
 .debug_abbrev  0x00000000000006b7      0x209 ./Core/Src/gpio.o
 .debug_abbrev  0x00000000000008c0      0x245 ./Core/Src/i2c.o
 .debug_abbrev  0x0000000000000b05      0x280 ./Core/Src/main.o
 .debug_abbrev  0x0000000000000d85      0x24d ./Core/Src/rtc.o
 .debug_abbrev  0x0000000000000fd2      0x245 ./Core/Src/sdmmc.o
 .debug_abbrev  0x0000000000001217      0x245 ./Core/Src/spi.o
 .debug_abbrev  0x000000000000145c      0x209 ./Core/Src/stm32l4xx_hal_msp.o
 .debug_abbrev  0x0000000000001665      0x240 ./Core/Src/stm32l4xx_it.o
 .debug_abbrev  0x00000000000018a5      0x165 ./Core/Src/system_stm32l4xx.o
 .debug_abbrev  0x0000000000001a0a      0x258 ./Core/Src/tim.o
 .debug_abbrev  0x0000000000001c62       0x12 ./Core/Startup/startup_stm32l4r9zijx.o
 .debug_abbrev  0x0000000000001c74      0x227 ./Drivers/STM32L4xx_HAL_Driver/Src/stm32l4xx_hal.o
 .debug_abbrev  0x0000000000001e9b      0x288 ./Drivers/STM32L4xx_HAL_Driver/Src/stm32l4xx_hal_adc.o
 .debug_abbrev  0x0000000000002123      0x33c ./Drivers/STM32L4xx_HAL_Driver/Src/stm32l4xx_hal_cortex.o
 .debug_abbrev  0x000000000000245f      0x267 ./Drivers/STM32L4xx_HAL_Driver/Src/stm32l4xx_hal_dfsdm.o
 .debug_abbrev  0x00000000000026c6      0x201 ./Drivers/STM32L4xx_HAL_Driver/Src/stm32l4xx_hal_dma.o
 .debug_abbrev  0x00000000000028c7      0x1e8 ./Drivers/STM32L4xx_HAL_Driver/Src/stm32l4xx_hal_gpio.o
 .debug_abbrev  0x0000000000002aaf      0x256 ./Drivers/STM32L4xx_HAL_Driver/Src/stm32l4xx_hal_i2c.o
 .debug_abbrev  0x0000000000002d05      0x1dd ./Drivers/STM32L4xx_HAL_Driver/Src/stm32l4xx_hal_i2c_ex.o