Archive member included to satisfy reference by file (symbol)

c:/st/stm32cubeide_1.8.0/stm32cubeide/plugins/com.st.stm32cube.ide.mcu.externaltools.gnu-tools-for-stm32.9-2020-q2-update.win32_2.0.0.202105311346/tools/bin/../lib/gcc/arm-none-eabi/9.3.1/../../../../arm-none-eabi/lib/thumb/v7e-m+fp/hard\libc_nano.a(lib_a-errno.o)
                              ./Core/Src/syscalls.o (__errno)
c:/st/stm32cubeide_1.8.0/stm32cubeide/plugins/com.st.stm32cube.ide.mcu.externaltools.gnu-tools-for-stm32.9-2020-q2-update.win32_2.0.0.202105311346/tools/bin/../lib/gcc/arm-none-eabi/9.3.1/../../../../arm-none-eabi/lib/thumb/v7e-m+fp/hard\libc_nano.a(lib_a-exit.o)
                              c:/st/stm32cubeide_1.8.0/stm32cubeide/plugins/com.st.stm32cube.ide.mcu.externaltools.gnu-tools-for-stm32.9-2020-q2-update.win32_2.0.0.202105311346/tools/bin/../lib/gcc/arm-none-eabi/9.3.1/../../../../arm-none-eabi/lib/thumb/v7e-m+fp/hard/crt0.o (exit)
c:/st/stm32cubeide_1.8.0/stm32cubeide/plugins/com.st.stm32cube.ide.mcu.externaltools.gnu-tools-for-stm32.9-2020-q2-update.win32_2.0.0.202105311346/tools/bin/../lib/gcc/arm-none-eabi/9.3.1/../../../../arm-none-eabi/lib/thumb/v7e-m+fp/hard\libc_nano.a(lib_a-impure.o)
                              c:/st/stm32cubeide_1.8.0/stm32cubeide/plugins/com.st.stm32cube.ide.mcu.externaltools.gnu-tools-for-stm32.9-2020-q2-update.win32_2.0.0.202105311346/tools/bin/../lib/gcc/arm-none-eabi/9.3.1/../../../../arm-none-eabi/lib/thumb/v7e-m+fp/hard\libc_nano.a(lib_a-exit.o) (_global_impure_ptr)
c:/st/stm32cubeide_1.8.0/stm32cubeide/plugins/com.st.stm32cube.ide.mcu.externaltools.gnu-tools-for-stm32.9-2020-q2-update.win32_2.0.0.202105311346/tools/bin/../lib/gcc/arm-none-eabi/9.3.1/../../../../arm-none-eabi/lib/thumb/v7e-m+fp/hard\libc_nano.a(lib_a-init.o)
                              c:/st/stm32cubeide_1.8.0/stm32cubeide/plugins/com.st.stm32cube.ide.mcu.externaltools.gnu-tools-for-stm32.9-2020-q2-update.win32_2.0.0.202105311346/tools/bin/../lib/gcc/arm-none-eabi/9.3.1/../../../../arm-none-eabi/lib/thumb/v7e-m+fp/hard/crt0.o (__libc_init_array)
c:/st/stm32cubeide_1.8.0/stm32cubeide/plugins/com.st.stm32cube.ide.mcu.externaltools.gnu-tools-for-stm32.9-2020-q2-update.win32_2.0.0.202105311346/tools/bin/../lib/gcc/arm-none-eabi/9.3.1/../../../../arm-none-eabi/lib/thumb/v7e-m+fp/hard\libc_nano.a(lib_a-memset.o)
                              c:/st/stm32cubeide_1.8.0/stm32cubeide/plugins/com.st.stm32cube.ide.mcu.externaltools.gnu-tools-for-stm32.9-2020-q2-update.win32_2.0.0.202105311346/tools/bin/../lib/gcc/arm-none-eabi/9.3.1/../../../../arm-none-eabi/lib/thumb/v7e-m+fp/hard/crt0.o (memset)

Allocating common symbols
Common symbol       size              file

hUsbDeviceFS        0x2d0             ./USB_DEVICE/App/usb_device.o
lsm6                0x4               ./Core/Src/main.o
hi2c3               0x54              ./Core/Src/i2c.o
hspi2               0x64              ./Core/Src/spi.o
hi2c1               0x54              ./Core/Src/i2c.o
hpcd_USB_OTG_FS     0x50c             ./USB_DEVICE/Target/usbd_conf.o
hdfsdm1_filter0     0x54              ./Core/Src/dfsdm.o
hsd1                0x80              ./Core/Src/sdmmc.o
uwTick              0x4               ./Drivers/STM32L4xx_HAL_Driver/Src/stm32l4xx_hal.o
UserRxBufferFS      0x800             ./USB_DEVICE/App/usbd_cdc_if.o
hspi3               0x64              ./Core/Src/spi.o
hadc1               0x68              ./Core/Src/adc.o
UserTxBufferFS      0x800             ./USB_DEVICE/App/usbd_cdc_if.o
hdma_dfsdm1_flt0    0x60              ./Core/Src/dfsdm.o
hrtc                0x24              ./Core/Src/rtc.o
htim6               0x4c              ./Core/Src/tim.o
hdfsdm1_channel0    0x38              ./Core/Src/dfsdm.o
hspi1               0x64              ./Core/Src/spi.o
htim2               0x4c              ./Core/Src/tim.o
USBD_StrDesc        0x200             ./USB_DEVICE/App/usbd_desc.o
htim7               0x4c              ./Core/Src/tim.o

Discarded input sections

 .text          0x0000000000000000        0x0 c:/st/stm32cubeide_1.8.0/stm32cubeide/plugins/com.st.stm32cube.ide.mcu.externaltools.gnu-tools-for-stm32.9-2020-q2-update.win32_2.0.0.202105311346/tools/bin/../lib/gcc/arm-none-eabi/9.3.1/thumb/v7e-m+fp/hard/crti.o
 .data          0x0000000000000000        0x0 c:/st/stm32cubeide_1.8.0/stm32cubeide/plugins/com.st.stm32cube.ide.mcu.externaltools.gnu-tools-for-stm32.9-2020-q2-update.win32_2.0.0.202105311346/tools/bin/../lib/gcc/arm-none-eabi/9.3.1/thumb/v7e-m+fp/hard/crti.o
 .bss           0x0000000000000000        0x0 c:/st/stm32cubeide_1.8.0/stm32cubeide/plugins/com.st.stm32cube.ide.mcu.externaltools.gnu-tools-for-stm32.9-2020-q2-update.win32_2.0.0.202105311346/tools/bin/../lib/gcc/arm-none-eabi/9.3.1/thumb/v7e-m+fp/hard/crti.o
[...]
Memory Configuration

Name             Origin             Length             Attributes
RAM              0x0000000020000000 0x00000000000a0000 xrw
RAM2             0x0000000010000000 0x0000000000010000 xrw
RAM3             0x0000000020040000 0x0000000000060000 xrw
FLASH            0x0000000008000000 0x0000000000200000 xr
*default*        0x0000000000000000 0xffffffffffffffff

Linker script and memory map

LOAD c:/st/stm32cubeide_1.8.0/stm32cubeide/plugins/com.st.stm32cube.ide.mcu.externaltools.gnu-tools-for-stm32.9-2020-q2-update.win32_2.0.0.202105311346/tools/bin/../lib/gcc/arm-none-eabi/9.3.1/thumb/v7e-m+fp/hard/crti.o
LOAD c:/st/stm32cubeide_1.8.0/stm32cubeide/plugins/com.st.stm32cube.ide.mcu.externaltools.gnu-tools-for-stm32.9-2020-q2-update.win32_2.0.0.202105311346/tools/bin/../lib/gcc/arm-none-eabi/9.3.1/thumb/v7e-m+fp/hard/crtbegin.o
LOAD c:/st/stm32cubeide_1.8.0/stm32cubeide/plugins/com.st.stm32cube.ide.mcu.externaltools.gnu-tools-for-stm32.9-2020-q2-update.win32_2.0.0.202105311346/tools/bin/../lib/gcc/arm-none-eabi/9.3.1/../../../../arm-none-eabi/lib/thumb/v7e-m+fp/hard/crt0.o
LOAD ./Core/Src/adc.o
LOAD ./Core/Src/dfsdm.o
LOAD ./Core/Src/dma.o
LOAD ./Core/Src/gpio.o
LOAD ./Core/Src/i2c.o
LOAD ./Core/Src/main.o
LOAD ./Core/Src/rtc.o
LOAD ./Core/Src/sdmmc.o
LOAD ./Core/Src/spi.o
LOAD ./Core/Src/stm32l4xx_hal_msp.o
LOAD ./Core/Src/stm32l4xx_it.o
LOAD ./Core/Src/syscalls.o
LOAD ./Core/Src/sysmem.o
LOAD ./Core/Src/system_stm32l4xx.o
LOAD ./Core/Src/tim.o
LOAD ./Core/Startup/startup_stm32l4r9zijx.o
LOAD ./Drivers/STM32L4xx_HAL_Driver/Src/stm32l4xx_hal.o
LOAD ./Drivers/STM32L4xx_HAL_Driver/Src/stm32l4xx_hal_adc.o
LOAD ./Drivers/STM32L4xx_HAL_Driver/Src/stm32l4xx_hal_adc_ex.o
LOAD ./Drivers/STM32L4xx_HAL_Driver/Src/stm32l4xx_hal_cortex.o
LOAD ./Drivers/STM32L4xx_HAL_Driver/Src/stm32l4xx_hal_dfsdm.o
LOAD ./Drivers/STM32L4xx_HAL_Driver/Src/stm32l4xx_hal_dfsdm_ex.o
LOAD ./Drivers/STM32L4xx_HAL_Driver/Src/stm32l4xx_hal_dma.o
LOAD ./Drivers/STM32L4xx_HAL_Driver/Src/stm32l4xx_hal_dma_ex.o
LOAD ./Drivers/STM32L4xx_HAL_Driver/Src/stm32l4xx_hal_exti.o
LOAD ./Drivers/STM32L4xx_HAL_Driver/Src/stm32l4xx_hal_flash.o
LOAD ./Drivers/STM32L4xx_HAL_Driver/Src/stm32l4xx_hal_flash_ex.o
LOAD ./Drivers/STM32L4xx_HAL_Driver/Src/stm32l4xx_hal_flash_ramfunc.o
LOAD ./Drivers/STM32L4xx_HAL_Driver/Src/stm32l4xx_hal_gpio.o
LOAD ./Drivers/STM32L4xx_HAL_Driver/Src/stm32l4xx_hal_i2c.o
LOAD ./Drivers/STM32L4xx_HAL_Driver/Src/stm32l4xx_hal_i2c_ex.o
LOAD ./Drivers/STM32L4xx_HAL_Driver/Src/stm32l4xx_hal_pcd.o
LOAD ./Drivers/STM32L4xx_HAL_Driver/Src/stm32l4xx_hal_pcd_ex.o
LOAD ./Drivers/STM32L4xx_HAL_Driver/Src/stm32l4xx_hal_pwr.o
LOAD ./Drivers/STM32L4xx_HAL_Driver/Src/stm32l4xx_hal_pwr_ex.o
LOAD ./Drivers/STM32L4xx_HAL_Driver/Src/stm32l4xx_hal_rcc.o
LOAD ./Drivers/STM32L4xx_HAL_Driver/Src/stm32l4xx_hal_rcc_ex.o
LOAD ./Drivers/STM32L4xx_HAL_Driver/Src/stm32l4xx_hal_rtc.o
LOAD ./Drivers/STM32L4xx_HAL_Driver/Src/stm32l4xx_hal_rtc_ex.o
LOAD ./Drivers/STM32L4xx_HAL_Driver/Src/stm32l4xx_hal_sd.o
LOAD ./Drivers/STM32L4xx_HAL_Driver/Src/stm32l4xx_hal_sd_ex.o
LOAD ./Drivers/STM32L4xx_HAL_Driver/Src/stm32l4xx_hal_spi.o
LOAD ./Drivers/STM32L4xx_HAL_Driver/Src/stm32l4xx_hal_spi_ex.o
LOAD ./Drivers/STM32L4xx_HAL_Driver/Src/stm32l4xx_hal_tim.o
LOAD ./Drivers/STM32L4xx_HAL_Driver/Src/stm32l4xx_hal_tim_ex.o
LOAD ./Drivers/STM32L4xx_HAL_Driver/Src/stm32l4xx_ll_sdmmc.o
LOAD ./Drivers/STM32L4xx_HAL_Driver/Src/stm32l4xx_ll_usb.o
LOAD ./Middlewares/ST/STM32_USB_Device_Library/Class/CDC/Src/usbd_cdc.o
LOAD ./Middlewares/ST/STM32_USB_Device_Library/Core/Src/usbd_core.o
LOAD ./Middlewares/ST/STM32_USB_Device_Library/Core/Src/usbd_ctlreq.o
LOAD ./Middlewares/ST/STM32_USB_Device_Library/Core/Src/usbd_ioreq.o
LOAD ./Sensors/imu.o
LOAD ./USB_DEVICE/App/usb_device.o
LOAD ./USB_DEVICE/App/usbd_cdc_if.o
LOAD ./USB_DEVICE/App/usbd_desc.o
LOAD ./USB_DEVICE/Target/usbd_conf.o
START GROUP
LOAD c:/st/stm32cubeide_1.8.0/stm32cubeide/plugins/com.st.stm32cube.ide.mcu.externaltools.gnu-tools-for-stm32.9-2020-q2-update.win32_2.0.0.202105311346/tools/bin/../lib/gcc/arm-none-eabi/9.3.1/../../../../arm-none-eabi/lib/thumb/v7e-m+fp/hard\libc_nano.a
LOAD c:/st/stm32cubeide_1.8.0/stm32cubeide/plugins/com.st.stm32cube.ide.mcu.externaltools.gnu-tools-for-stm32.9-2020-q2-update.win32_2.0.0.202105311346/tools/bin/../lib/gcc/arm-none-eabi/9.3.1/../../../../arm-none-eabi/lib/thumb/v7e-m+fp/hard\libm.a
END GROUP
START GROUP
LOAD c:/st/stm32cubeide_1.8.0/stm32cubeide/plugins/com.st.stm32cube.ide.mcu.externaltools.gnu-tools-for-stm32.9-2020-q2-update.win32_2.0.0.202105311346/tools/bin/../lib/gcc/arm-none-eabi/9.3.1/thumb/v7e-m+fp/hard\libgcc.a
LOAD c:/st/stm32cubeide_1.8.0/stm32cubeide/plugins/com.st.stm32cube.ide.mcu.externaltools.gnu-tools-for-stm32.9-2020-q2-update.win32_2.0.0.202105311346/tools/bin/../lib/gcc/arm-none-eabi/9.3.1/../../../../arm-none-eabi/lib/thumb/v7e-m+fp/hard\libc_nano.a
END GROUP
START GROUP
LOAD c:/st/stm32cubeide_1.8.0/stm32cubeide/plugins/com.st.stm32cube.ide.mcu.externaltools.gnu-tools-for-stm32.9-2020-q2-update.win32_2.0.0.202105311346/tools/bin/../lib/gcc/arm-none-eabi/9.3.1/thumb/v7e-m+fp/hard\libgcc.a
LOAD c:/st/stm32cubeide_1.8.0/stm32cubeide/plugins/com.st.stm32cube.ide.mcu.externaltools.gnu-tools-for-stm32.9-2020-q2-update.win32_2.0.0.202105311346/tools/bin/../lib/gcc/arm-none-eabi/9.3.1/../../../../arm-none-eabi/lib/thumb/v7e-m+fp/hard\libc_nano.a
LOAD c:/st/stm32cubeide_1.8.0/stm32cubeide/plugins/com.st.stm32cube.ide.mcu.externaltools.gnu-tools-for-stm32.9-2020-q2-update.win32_2.0.0.202105311346/tools/bin/../lib/gcc/arm-none-eabi/9.3.1/../../../../arm-none-eabi/lib/thumb/v7e-m+fp/hard\libnosys.a
END GROUP
START GROUP
LOAD c:/st/stm32cubeide_1.8.0/stm32cubeide/plugins/com.st.stm32cube.ide.mcu.externaltools.gnu-tools-for-stm32.9-2020-q2-update.win32_2.0.0.202105311346/tools/bin/../lib/gcc/arm-none-eabi/9.3.1/thumb/v7e-m+fp/hard\libgcc.a
LOAD c:/st/stm32cubeide_1.8.0/stm32cubeide/plugins/com.st.stm32cube.ide.mcu.externaltools.gnu-tools-for-stm32.9-2020-q2-update.win32_2.0.0.202105311346/tools/bin/../lib/gcc/arm-none-eabi/9.3.1/../../../../arm-none-eabi/lib/thumb/v7e-m+fp/hard\libc_nano.a
LOAD c:/st/stm32cubeide_1.8.0/stm32cubeide/plugins/com.st.stm32cube.ide.mcu.externaltools.gnu-tools-for-stm32.9-2020-q2-update.win32_2.0.0.202105311346/tools/bin/../lib/gcc/arm-none-eabi/9.3.1/../../../../arm-none-eabi/lib/thumb/v7e-m+fp/hard\libnosys.a
END GROUP
LOAD c:/st/stm32cubeide_1.8.0/stm32cubeide/plugins/com.st.stm32cube.ide.mcu.externaltools.gnu-tools-for-stm32.9-2020-q2-update.win32_2.0.0.202105311346/tools/bin/../lib/gcc/arm-none-eabi/9.3.1/thumb/v7e-m+fp/hard/crtend.o
LOAD c:/st/stm32cubeide_1.8.0/stm32cubeide/plugins/com.st.stm32cube.ide.mcu.externaltools.gnu-tools-for-stm32.9-2020-q2-update.win32_2.0.0.202105311346/tools/bin/../lib/gcc/arm-none-eabi/9.3.1/thumb/v7e-m+fp/hard/crtn.o
                0x00000000200a0000                _estack = (ORIGIN (RAM) + LENGTH (RAM))
                0x0000000000000200                _Min_Heap_Size = 0x200
                0x0000000000000400                _Min_Stack_Size = 0x400

.isr_vector     0x0000000008000000      0x1bc
                0x0000000008000000                . = ALIGN (0x4)
 *(.isr_vector)
 .isr_vector    0x0000000008000000      0x1bc ./Core/Startup/startup_stm32l4r9zijx.o
                0x0000000008000000                g_pfnVectors
                0x00000000080001bc                . = ALIGN (0x4)

.text           0x00000000080001bc     0xc03c
                0x00000000080001bc                . = ALIGN (0x4)
 *(.text)
 .text          0x00000000080001bc       0x40 c:/st/stm32cubeide_1.8.0/stm32cubeide/plugins/com.st.stm32cube.ide.mcu.externaltools.gnu-tools-for-stm32.9-2020-q2-update.win32_2.0.0.202105311346/tools/bin/../lib/gcc/arm-none-eabi/9.3.1/thumb/v7e-m+fp/hard/crtbegin.o
 *(.text*)
 .text.MX_ADC1_Init
                0x00000000080001fc       0xc8 ./Core/Src/adc.o
                0x00000000080001fc                MX_ADC1_Init
 .text.HAL_ADC_MspInit
                0x00000000080002c4      0x10c ./Core/Src/adc.o
                0x00000000080002c4                HAL_ADC_MspInit
 .text.MX_DFSDM1_Init
                0x00000000080003d0       0xc8 ./Core/Src/dfsdm.o
                0x00000000080003d0                MX_DFSDM1_Init
 .text.HAL_DFSDM_FilterMspInit
                0x0000000008000498      0x100 ./Core/Src/dfsdm.o
                0x0000000008000498                HAL_DFSDM_FilterMspInit
 .text.HAL_DFSDM_ChannelMspInit
                0x0000000008000598       0x88 ./Core/Src/dfsdm.o
                0x0000000008000598                HAL_DFSDM_ChannelMspInit
 .text.MX_DMA_Init
                0x0000000008000620       0x54 ./Core/Src/dma.o
                0x0000000008000620                MX_DMA_Init
 .text.MX_GPIO_Init
                0x0000000008000674      0x2d8 ./Core/Src/gpio.o
                0x0000000008000674                MX_GPIO_Init
 .text.MX_I2C1_Init
                0x000000000800094c       0x80 ./Core/Src/i2c.o
                0x000000000800094c                MX_I2C1_Init
 .text.MX_I2C3_Init
                0x00000000080009cc       0x80 ./Core/Src/i2c.o
                0x00000000080009cc                MX_I2C3_Init
 .text.HAL_I2C_MspInit
                0x0000000008000a4c      0x14c ./Core/Src/i2c.o
                0x0000000008000a4c                HAL_I2C_MspInit
 .text.accGyroInit
                0x0000000008000b98       0x2c ./Core/Src/main.o
                0x0000000008000b98                accGyroInit
 .text.main     0x0000000008000bc4       0xac ./Core/Src/main.o
                0x0000000008000bc4                main
 .text.SystemClock_Config
                0x0000000008000c70       0xbc ./Core/Src/main.o
                0x0000000008000c70                SystemClock_Config
 .text.Error_Handler
                0x0000000008000d2c        0xa ./Core/Src/main.o
                0x0000000008000d2c                Error_Handler
 *fill*         0x0000000008000d36        0x2 
 .text.MX_RTC_Init
                0x0000000008000d38       0xb8 ./Core/Src/rtc.o
                0x0000000008000d38                MX_RTC_Init
 .text.HAL_RTC_MspInit
                0x0000000008000df0       0x64 ./Core/Src/rtc.o
                0x0000000008000df0                HAL_RTC_MspInit
 .text.MX_SPI1_Init
                0x0000000008000e54       0x7c ./Core/Src/spi.o
                0x0000000008000e54                MX_SPI1_Init
 .text.MX_SPI2_Init
                0x0000000008000ed0       0x7c ./Core/Src/spi.o
                0x0000000008000ed0                MX_SPI2_Init
 .text.MX_SPI3_Init
                0x0000000008000f4c       0x7c ./Core/Src/spi.o
                0x0000000008000f4c                MX_SPI3_Init
 .text.HAL_SPI_MspInit
                0x0000000008000fc8      0x1d0 ./Core/Src/spi.o
                0x0000000008000fc8                HAL_SPI_MspInit
 .text.HAL_MspInit
                0x0000000008001198       0x48 ./Core/Src/stm32l4xx_hal_msp.o
                0x0000000008001198                HAL_MspInit
 .text.NMI_Handler
                0x00000000080011e0        0x6 ./Core/Src/stm32l4xx_it.o
                0x00000000080011e0                NMI_Handler
 .text.HardFault_Handler
                0x00000000080011e6        0x6 ./Core/Src/stm32l4xx_it.o
                0x00000000080011e6                HardFault_Handler
 .text.MemManage_Handler
                0x00000000080011ec        0x6 ./Core/Src/stm32l4xx_it.o
                0x00000000080011ec                MemManage_Handler
 .text.BusFault_Handler
                0x00000000080011f2        0x6 ./Core/Src/stm32l4xx_it.o
                0x00000000080011f2                BusFault_Handler
 .text.UsageFault_Handler
                0x00000000080011f8        0x6 ./Core/Src/stm32l4xx_it.o
                0x00000000080011f8                UsageFault_Handler
 .text.SVC_Handler
                0x00000000080011fe        0xe ./Core/Src/stm32l4xx_it.o
                0x00000000080011fe                SVC_Handler
 .text.DebugMon_Handler
                0x000000000800120c        0xe ./Core/Src/stm32l4xx_it.o
                0x000000000800120c                DebugMon_Handler
 .text.PendSV_Handler
                0x000000000800121a        0xe ./Core/Src/stm32l4xx_it.o
                0x000000000800121a                PendSV_Handler
 .text.SysTick_Handler
                0x0000000008001228        0xc ./Core/Src/stm32l4xx_it.o
                0x0000000008001228                SysTick_Handler
 .text.DMA1_Channel4_IRQHandler
                0x0000000008001234       0x14 ./Core/Src/stm32l4xx_it.o
                0x0000000008001234                DMA1_Channel4_IRQHandler
 .text.SDMMC1_IRQHandler
                0x0000000008001248       0x14 ./Core/Src/stm32l4xx_it.o
                0x0000000008001248                SDMMC1_IRQHandler
 .text.TIM6_DAC_IRQHandler
                0x000000000800125c       0x14 ./Core/Src/stm32l4xx_it.o
                0x000000000800125c                TIM6_DAC_IRQHandler
 .text.OTG_FS_IRQHandler
                0x0000000008001270       0x14 ./Core/Src/stm32l4xx_it.o
                0x0000000008001270                OTG_FS_IRQHandler
 .text.SystemInit
                0x0000000008001284       0x24 ./Core/Src/system_stm32l4xx.o
                0x0000000008001284                SystemInit
 .text.MX_TIM2_Init
                0x00000000080012a8       0x9c ./Core/Src/tim.o
                0x00000000080012a8                MX_TIM2_Init
 .text.MX_TIM6_Init
                0x0000000008001344       0x6c ./Core/Src/tim.o
                0x0000000008001344                MX_TIM6_Init
 .text.MX_TIM7_Init
                0x00000000080013b0       0x6c ./Core/Src/tim.o
                0x00000000080013b0                MX_TIM7_Init
 .text.HAL_TIM_Base_MspInit
                0x000000000800141c       0x98 ./Core/Src/tim.o
                0x000000000800141c                HAL_TIM_Base_MspInit
 .text.Reset_Handler
                0x00000000080014b4       0x50 ./Core/Startup/startup_stm32l4r9zijx.o
                0x00000000080014b4                Reset_Handler
 .text.Default_Handler
                0x0000000008001504        0x2 ./Core/Startup/startup_stm32l4r9zijx.o
                0x0000000008001504                RTC_Alarm_IRQHandler
                0x0000000008001504                EXTI2_IRQHandler
                0x0000000008001504                TIM8_TRG_COM_IRQHandler
                0x0000000008001504                TIM8_CC_IRQHandler
                0x0000000008001504                TIM1_CC_IRQHandler
                0x0000000008001504                TSC_IRQHandler
                0x0000000008001504                TAMP_STAMP_IRQHandler
                0x0000000008001504                EXTI3_IRQHandler
                0x0000000008001504                LPTIM2_IRQHandler
                0x0000000008001504                DFSDM1_FLT1_IRQHandler
                0x0000000008001504                GFXMMU_IRQHandler
                0x0000000008001504                I2C3_ER_IRQHandler
                0x0000000008001504                DFSDM1_FLT2_IRQHandler
                0x0000000008001504                EXTI0_IRQHandler
                0x0000000008001504                I2C2_EV_IRQHandler
                0x0000000008001504                CAN1_RX0_IRQHandler
                0x0000000008001504                FPU_IRQHandler
                0x0000000008001504                TIM1_UP_TIM16_IRQHandler
                0x0000000008001504                LTDC_ER_IRQHandler
                0x0000000008001504                SPI1_IRQHandler
                0x0000000008001504                OCTOSPI1_IRQHandler
                0x0000000008001504                DCMI_IRQHandler
                0x0000000008001504                TIM8_UP_IRQHandler
                0x0000000008001504                OCTOSPI2_IRQHandler
                0x0000000008001504                DMA2_Channel2_IRQHandler
                0x0000000008001504                SAI2_IRQHandler
                0x0000000008001504                ADC1_IRQHandler
                0x0000000008001504                DFSDM1_FLT3_IRQHandler
                0x0000000008001504                USART3_IRQHandler
                0x0000000008001504                DMA1_Channel7_IRQHandler
                0x0000000008001504                CAN1_RX1_IRQHandler
                0x0000000008001504                UART5_IRQHandler
                0x0000000008001504                TIM4_IRQHandler
                0x0000000008001504                DMA2_Channel1_IRQHandler
                0x0000000008001504                I2C1_EV_IRQHandler
                0x0000000008001504                DMAMUX1_OVR_IRQHandler
                0x0000000008001504                DMA1_Channel6_IRQHandler
                0x0000000008001504                UART4_IRQHandler
                0x0000000008001504                DMA2_Channel4_IRQHandler
                0x0000000008001504                TIM3_IRQHandler
                0x0000000008001504                RCC_IRQHandler
                0x0000000008001504                DMA1_Channel1_IRQHandler
                0x0000000008001504                Default_Handler
                0x0000000008001504                DMA2_Channel7_IRQHandler
                0x0000000008001504                EXTI15_10_IRQHandler
                0x0000000008001504                TIM7_IRQHandler
                0x0000000008001504                TIM5_IRQHandler
                0x0000000008001504                I2C3_EV_IRQHandler
                0x0000000008001504                EXTI9_5_IRQHandler
                0x0000000008001504                RTC_WKUP_IRQHandler
                0x0000000008001504                LTDC_IRQHandler
                0x0000000008001504                PVD_PVM_IRQHandler
                0x0000000008001504                SPI2_IRQHandler
                0x0000000008001504                CAN1_TX_IRQHandler
                0x0000000008001504                DMA2_Channel5_IRQHandler
                0x0000000008001504                CRS_IRQHandler
                0x0000000008001504                DMA1_Channel5_IRQHandler
                0x0000000008001504                EXTI4_IRQHandler
                0x0000000008001504                RNG_IRQHandler
                0x0000000008001504                TIM1_TRG_COM_TIM17_IRQHandler
                0x0000000008001504                DMA1_Channel3_IRQHandler
                0x0000000008001504                COMP_IRQHandler
                0x0000000008001504                DSI_IRQHandler
                0x0000000008001504                WWDG_IRQHandler
                0x0000000008001504                I2C4_EV_IRQHandler
                0x0000000008001504                LPUART1_IRQHandler
                0x0000000008001504                DMA2_Channel6_IRQHandler
                0x0000000008001504                TIM2_IRQHandler
                0x0000000008001504                DMA2D_IRQHandler
                0x0000000008001504                EXTI1_IRQHandler
                0x0000000008001504                USART2_IRQHandler
                0x0000000008001504                DFSDM1_FLT0_IRQHandler
                0x0000000008001504                I2C2_ER_IRQHandler
                0x0000000008001504                DMA1_Channel2_IRQHandler
                0x0000000008001504                TIM8_BRK_IRQHandler
                0x0000000008001504                CAN1_SCE_IRQHandler
                0x0000000008001504                FLASH_IRQHandler
                0x0000000008001504                USART1_IRQHandler
                0x0000000008001504                SPI3_IRQHandler
                0x0000000008001504                I2C1_ER_IRQHandler
                0x0000000008001504                FMC_IRQHandler
                0x0000000008001504                LPTIM1_IRQHandler
                0x0000000008001504                I2C4_ER_IRQHandler
                0x0000000008001504                SAI1_IRQHandler
                0x0000000008001504                DMA2_Channel3_IRQHandler
                0x0000000008001504                TIM1_BRK_TIM15_IRQHandler
 .text.HAL_Init
                0x0000000008001506       0x30 ./Drivers/STM32L4xx_HAL_Driver/Src/stm32l4xx_hal.o
                0x0000000008001506                HAL_Init
 *fill*         0x0000000008001536        0x2 
 .text.HAL_InitTick
                0x0000000008001538       0x78 ./Drivers/STM32L4xx_HAL_Driver/Src/stm32l4xx_hal.o
                0x0000000008001538                HAL_InitTick
 .text.HAL_IncTick
                0x00000000080015b0       0x28 ./Drivers/STM32L4xx_HAL_Driver/Src/stm32l4xx_hal.o
                0x00000000080015b0                HAL_IncTick
 .text.HAL_GetTick
                0x00000000080015d8       0x18 ./Drivers/STM32L4xx_HAL_Driver/Src/stm32l4xx_hal.o
                0x00000000080015d8                HAL_GetTick
 .text.HAL_Delay
                0x00000000080015f0       0x48 ./Drivers/STM32L4xx_HAL_Driver/Src/stm32l4xx_hal.o
                0x00000000080015f0                HAL_Delay
 .text.LL_ADC_SetCommonClock
                0x0000000008001638       0x26 ./Drivers/STM32L4xx_HAL_Driver/Src/stm32l4xx_hal_adc.o
 .text.LL_ADC_SetCommonPathInternalCh
                0x000000000800165e       0x26 ./Drivers/STM32L4xx_HAL_Driver/Src/stm32l4xx_hal_adc.o
 .text.LL_ADC_GetCommonPathInternalCh
                0x0000000008001684       0x1c ./Drivers/STM32L4xx_HAL_Driver/Src/stm32l4xx_hal_adc.o
 .text.LL_ADC_SetOffset
                0x00000000080016a0       0x48 ./Drivers/STM32L4xx_HAL_Driver/Src/stm32l4xx_hal_adc.o
 .text.LL_ADC_GetOffsetChannel
                0x00000000080016e8       0x2c ./Drivers/STM32L4xx_HAL_Driver/Src/stm32l4xx_hal_adc.o
 .text.LL_ADC_SetOffsetState
                0x0000000008001714       0x36 ./Drivers/STM32L4xx_HAL_Driver/Src/stm32l4xx_hal_adc.o
 .text.LL_ADC_SetSamplingTimeCommonConfig
                0x000000000800174a       0x26 ./Drivers/STM32L4xx_HAL_Driver/Src/stm32l4xx_hal_adc.o
 .text.LL_ADC_REG_SetSequencerRanks
                0x0000000008001770       0x58 ./Drivers/STM32L4xx_HAL_Driver/Src/stm32l4xx_hal_adc.o
 .text.LL_ADC_SetChannelSamplingTime
                0x00000000080017c8       0x56 ./Drivers/STM32L4xx_HAL_Driver/Src/stm32l4xx_hal_adc.o
 *fill*         0x000000000800181e        0x2 
 .text.LL_ADC_SetChannelSingleDiff
                0x0000000008001820       0x48 ./Drivers/STM32L4xx_HAL_Driver/Src/stm32l4xx_hal_adc.o
 .text.LL_ADC_DisableDeepPowerDown
                0x0000000008001868       0x24 ./Drivers/STM32L4xx_HAL_Driver/Src/stm32l4xx_hal_adc.o
 .text.LL_ADC_IsDeepPowerDownEnabled
                0x000000000800188c       0x28 ./Drivers/STM32L4xx_HAL_Driver/Src/stm32l4xx_hal_adc.o
 .text.LL_ADC_EnableInternalRegulator
                0x00000000080018b4       0x28 ./Drivers/STM32L4xx_HAL_Driver/Src/stm32l4xx_hal_adc.o
 .text.LL_ADC_IsInternalRegulatorEnabled
                0x00000000080018dc       0x28 ./Drivers/STM32L4xx_HAL_Driver/Src/stm32l4xx_hal_adc.o
 .text.LL_ADC_IsEnabled
                0x0000000008001904       0x26 ./Drivers/STM32L4xx_HAL_Driver/Src/stm32l4xx_hal_adc.o
 .text.LL_ADC_REG_IsConversionOngoing
                0x000000000800192a       0x26 ./Drivers/STM32L4xx_HAL_Driver/Src/stm32l4xx_hal_adc.o
 .text.LL_ADC_INJ_IsConversionOngoing
                0x0000000008001950       0x26 ./Drivers/STM32L4xx_HAL_Driver/Src/stm32l4xx_hal_adc.o
 *fill*         0x0000000008001976        0x2 
 .text.HAL_ADC_Init
                0x0000000008001978      0x298 ./Drivers/STM32L4xx_HAL_Driver/Src/stm32l4xx_hal_adc.o
                0x0000000008001978                HAL_ADC_Init
 .text.HAL_ADC_ConfigChannel
                0x0000000008001c10      0x7f8 ./Drivers/STM32L4xx_HAL_Driver/Src/stm32l4xx_hal_adc.o
                0x0000000008001c10                HAL_ADC_ConfigChannel
 .text.__NVIC_SetPriorityGrouping
                0x0000000008002408       0x48 ./Drivers/STM32L4xx_HAL_Driver/Src/stm32l4xx_hal_cortex.o
 .text.__NVIC_GetPriorityGrouping
                0x0000000008002450       0x1c ./Drivers/STM32L4xx_HAL_Driver/Src/stm32l4xx_hal_cortex.o
 .text.__NVIC_EnableIRQ
                0x000000000800246c       0x3c ./Drivers/STM32L4xx_HAL_Driver/Src/stm32l4xx_hal_cortex.o
 .text.__NVIC_SetPriority
                0x00000000080024a8       0x54 ./Drivers/STM32L4xx_HAL_Driver/Src/stm32l4xx_hal_cortex.o
 .text.NVIC_EncodePriority
                0x00000000080024fc       0x66 ./Drivers/STM32L4xx_HAL_Driver/Src/stm32l4xx_hal_cortex.o
 *fill*         0x0000000008002562        0x2 
 .text.SysTick_Config
                0x0000000008002564       0x44 ./Drivers/STM32L4xx_HAL_Driver/Src/stm32l4xx_hal_cortex.o
 .text.HAL_NVIC_SetPriorityGrouping
                0x00000000080025a8       0x16 ./Drivers/STM32L4xx_HAL_Driver/Src/stm32l4xx_hal_cortex.o
                0x00000000080025a8                HAL_NVIC_SetPriorityGrouping
 .text.HAL_NVIC_SetPriority
                0x00000000080025be       0x38 ./Drivers/STM32L4xx_HAL_Driver/Src/stm32l4xx_hal_cortex.o
                0x00000000080025be                HAL_NVIC_SetPriority
 .text.HAL_NVIC_EnableIRQ
                0x00000000080025f6       0x1c ./Drivers/STM32L4xx_HAL_Driver/Src/stm32l4xx_hal_cortex.o
                0x00000000080025f6                HAL_NVIC_EnableIRQ
 .text.HAL_SYSTICK_Config
                0x0000000008002612       0x18 ./Drivers/STM32L4xx_HAL_Driver/Src/stm32l4xx_hal_cortex.o
                0x0000000008002612                HAL_SYSTICK_Config
 *fill*         0x000000000800262a        0x2 
 .text.HAL_DFSDM_ChannelInit
                0x000000000800262c      0x180 ./Drivers/STM32L4xx_HAL_Driver/Src/stm32l4xx_hal_dfsdm.o
                0x000000000800262c                HAL_DFSDM_ChannelInit
 .text.HAL_DFSDM_FilterInit
                0x00000000080027ac      0x1b4 ./Drivers/STM32L4xx_HAL_Driver/Src/stm32l4xx_hal_dfsdm.o
                0x00000000080027ac                HAL_DFSDM_FilterInit
 .text.HAL_DFSDM_FilterConfigRegChannel
                0x0000000008002960       0x8a ./Drivers/STM32L4xx_HAL_Driver/Src/stm32l4xx_hal_dfsdm.o
                0x0000000008002960                HAL_DFSDM_FilterConfigRegChannel
 *fill*         0x00000000080029ea        0x2 
 .text.DFSDM_GetChannelFromInstance
                0x00000000080029ec       0x98 ./Drivers/STM32L4xx_HAL_Driver/Src/stm32l4xx_hal_dfsdm.o
 .text.HAL_DMA_Init
                0x0000000008002a84      0x150 ./Drivers/STM32L4xx_HAL_Driver/Src/stm32l4xx_hal_dma.o
                0x0000000008002a84                HAL_DMA_Init
 .text.HAL_DMA_IRQHandler
                0x0000000008002bd4      0x15e ./Drivers/STM32L4xx_HAL_Driver/Src/stm32l4xx_hal_dma.o
                0x0000000008002bd4                HAL_DMA_IRQHandler
 *fill*         0x0000000008002d32        0x2 
 .text.DMA_CalcDMAMUXChannelBaseAndMask
                0x0000000008002d34       0x7c ./Drivers/STM32L4xx_HAL_Driver/Src/stm32l4xx_hal_dma.o
 .text.DMA_CalcDMAMUXRequestGenBaseAndMask
                0x0000000008002db0       0x48 ./Drivers/STM32L4xx_HAL_Driver/Src/stm32l4xx_hal_dma.o
 .text.HAL_GPIO_Init
                0x0000000008002df8      0x324 ./Drivers/STM32L4xx_HAL_Driver/Src/stm32l4xx_hal_gpio.o
                0x0000000008002df8                HAL_GPIO_Init
 .text.HAL_GPIO_WritePin
                0x000000000800311c       0x30 ./Drivers/STM32L4xx_HAL_Driver/Src/stm32l4xx_hal_gpio.o
                0x000000000800311c                HAL_GPIO_WritePin
 .text.HAL_I2C_Init
                0x000000000800314c      0x11e ./Drivers/STM32L4xx_HAL_Driver/Src/stm32l4xx_hal_i2c.o
                0x000000000800314c                HAL_I2C_Init
 .text.HAL_I2CEx_ConfigAnalogFilter
                0x000000000800326a       0x96 ./Drivers/STM32L4xx_HAL_Driver/Src/stm32l4xx_hal_i2c_ex.o
                0x000000000800326a                HAL_I2CEx_ConfigAnalogFilter
 .text.HAL_I2CEx_ConfigDigitalFilter
                0x0000000008003300       0x98 ./Drivers/STM32L4xx_HAL_Driver/Src/stm32l4xx_hal_i2c_ex.o
                0x0000000008003300                HAL_I2CEx_ConfigDigitalFilter
 .text.HAL_PCD_Init
                0x0000000008003398      0x248 ./Drivers/STM32L4xx_HAL_Driver/Src/stm32l4xx_hal_pcd.o
                0x0000000008003398                HAL_PCD_Init
 .text.HAL_PCD_Start
                0x00000000080035e0       0x5e ./Drivers/STM32L4xx_HAL_Driver/Src/stm32l4xx_hal_pcd.o
                0x00000000080035e0                HAL_PCD_Start
 .text.HAL_PCD_IRQHandler
                0x000000000800363e      0x926 ./Drivers/STM32L4xx_HAL_Driver/Src/stm32l4xx_hal_pcd.o
                0x000000000800363e                HAL_PCD_IRQHandler
 .text.HAL_PCD_SetAddress
                0x0000000008003f64       0x4a ./Drivers/STM32L4xx_HAL_Driver/Src/stm32l4xx_hal_pcd.o
                0x0000000008003f64                HAL_PCD_SetAddress
 .text.HAL_PCD_EP_Open
                0x0000000008003fae       0xd0 ./Drivers/STM32L4xx_HAL_Driver/Src/stm32l4xx_hal_pcd.o
                0x0000000008003fae                HAL_PCD_EP_Open
 .text.HAL_PCD_EP_Close
                0x000000000800407e       0x94 ./Drivers/STM32L4xx_HAL_Driver/Src/stm32l4xx_hal_pcd.o
                0x000000000800407e                HAL_PCD_EP_Close
 .text.HAL_PCD_EP_Receive
                0x0000000008004112       0x7c ./Drivers/STM32L4xx_HAL_Driver/Src/stm32l4xx_hal_pcd.o
                0x0000000008004112                HAL_PCD_EP_Receive
 .text.HAL_PCD_EP_GetRxCount
                0x000000000800418e       0x30 ./Drivers/STM32L4xx_HAL_Driver/Src/stm32l4xx_hal_pcd.o
                0x000000000800418e                HAL_PCD_EP_GetRxCount
 .text.HAL_PCD_EP_Transmit
                0x00000000080041be       0x7a ./Drivers/STM32L4xx_HAL_Driver/Src/stm32l4xx_hal_pcd.o
                0x00000000080041be                HAL_PCD_EP_Transmit
 .text.HAL_PCD_EP_SetStall
                0x0000000008004238       0xc4 ./Drivers/STM32L4xx_HAL_Driver/Src/stm32l4xx_hal_pcd.o
                0x0000000008004238                HAL_PCD_EP_SetStall
 .text.HAL_PCD_EP_ClrStall
                0x00000000080042fc       0xac ./Drivers/STM32L4xx_HAL_Driver/Src/stm32l4xx_hal_pcd.o
                0x00000000080042fc                HAL_PCD_EP_ClrStall
 .text.HAL_PCD_EP_Abort
                0x00000000080043a8       0x62 ./Drivers/STM32L4xx_HAL_Driver/Src/stm32l4xx_hal_pcd.o
                0x00000000080043a8                HAL_PCD_EP_Abort
 .text.PCD_WriteEmptyTxFifo
                0x000000000800440a      0x110 ./Drivers/STM32L4xx_HAL_Driver/Src/stm32l4xx_hal_pcd.o
 *fill*         0x000000000800451a        0x2 
 .text.PCD_EP_OutXfrComplete_int
                0x000000000800451c       0x9c ./Drivers/STM32L4xx_HAL_Driver/Src/stm32l4xx_hal_pcd.o
 .text.PCD_EP_OutSetupPacket_int
                0x00000000080045b8       0x68 ./Drivers/STM32L4xx_HAL_Driver/Src/stm32l4xx_hal_pcd.o
 .text.HAL_PCDEx_SetTxFiFo
                0x0000000008004620       0x8e ./Drivers/STM32L4xx_HAL_Driver/Src/stm32l4xx_hal_pcd_ex.o
                0x0000000008004620                HAL_PCDEx_SetTxFiFo
 .text.HAL_PCDEx_SetRxFiFo
                0x00000000080046ae       0x22 ./Drivers/STM32L4xx_HAL_Driver/Src/stm32l4xx_hal_pcd_ex.o
                0x00000000080046ae                HAL_PCDEx_SetRxFiFo
 .text.HAL_PCDEx_ActivateLPM
                0x00000000080046d0       0x48 ./Drivers/STM32L4xx_HAL_Driver/Src/stm32l4xx_hal_pcd_ex.o
                0x00000000080046d0                HAL_PCDEx_ActivateLPM
 .text.HAL_PWR_EnableBkUpAccess
                0x0000000008004718       0x20 ./Drivers/STM32L4xx_HAL_Driver/Src/stm32l4xx_hal_pwr.o
                0x0000000008004718                HAL_PWR_EnableBkUpAccess
 .text.HAL_PWREx_GetVoltageRange
                0x0000000008004738       0x40 ./Drivers/STM32L4xx_HAL_Driver/Src/stm32l4xx_hal_pwr_ex.o
                0x0000000008004738                HAL_PWREx_GetVoltageRange
 .text.HAL_PWREx_ControlVoltageScaling
                0x0000000008004778      0x148 ./Drivers/STM32L4xx_HAL_Driver/Src/stm32l4xx_hal_pwr_ex.o
                0x0000000008004778                HAL_PWREx_ControlVoltageScaling
 .text.HAL_PWREx_EnableVddUSB
                0x00000000080048c0       0x20 ./Drivers/STM32L4xx_HAL_Driver/Src/stm32l4xx_hal_pwr_ex.o
                0x00000000080048c0                HAL_PWREx_EnableVddUSB
 .text.HAL_PWREx_EnableVddIO2
                0x00000000080048e0       0x20 ./Drivers/STM32L4xx_HAL_Driver/Src/stm32l4xx_hal_pwr_ex.o
                0x00000000080048e0                HAL_PWREx_EnableVddIO2
 .text.HAL_RCC_OscConfig
                0x0000000008004900      0x830 ./Drivers/STM32L4xx_HAL_Driver/Src/stm32l4xx_hal_rcc.o
                0x0000000008004900                HAL_RCC_OscConfig
 .text.HAL_RCC_ClockConfig
                0x0000000008005130      0x274 ./Drivers/STM32L4xx_HAL_Driver/Src/stm32l4xx_hal_rcc.o
                0x0000000008005130                HAL_RCC_ClockConfig
 .text.HAL_RCC_GetSysClockFreq
                0x00000000080053a4      0x114 ./Drivers/STM32L4xx_HAL_Driver/Src/stm32l4xx_hal_rcc.o
                0x00000000080053a4                HAL_RCC_GetSysClockFreq
 .text.HAL_RCC_GetHCLKFreq
                0x00000000080054b8       0x18 ./Drivers/STM32L4xx_HAL_Driver/Src/stm32l4xx_hal_rcc.o
                0x00000000080054b8                HAL_RCC_GetHCLKFreq
 .text.RCC_SetFlashLatencyFromMSIRange
                0x00000000080054d0       0xb4 ./Drivers/STM32L4xx_HAL_Driver/Src/stm32l4xx_hal_rcc.o
 .text.RCC_GetSysClockFreqFromPLLSource
                0x0000000008005584       0xc8 ./Drivers/STM32L4xx_HAL_Driver/Src/stm32l4xx_hal_rcc.o
 .text.HAL_RCCEx_PeriphCLKConfig
                0x000000000800564c      0x720 ./Drivers/STM32L4xx_HAL_Driver/Src/stm32l4xx_hal_rcc_ex.o
                0x000000000800564c                HAL_RCCEx_PeriphCLKConfig
 .text.RCCEx_PLLSAI1_Config
                0x0000000008005d6c      0x1e8 ./Drivers/STM32L4xx_HAL_Driver/Src/stm32l4xx_hal_rcc_ex.o
 .text.RCCEx_PLLSAI2_Config
                0x0000000008005f54      0x1e8 ./Drivers/STM32L4xx_HAL_Driver/Src/stm32l4xx_hal_rcc_ex.o
 .text.HAL_RTC_Init
                0x000000000800613c       0xf6 ./Drivers/STM32L4xx_HAL_Driver/Src/stm32l4xx_hal_rtc.o
                0x000000000800613c                HAL_RTC_Init
 .text.HAL_RTC_SetTime
                0x0000000008006232      0x13a ./Drivers/STM32L4xx_HAL_Driver/Src/stm32l4xx_hal_rtc.o
                0x0000000008006232                HAL_RTC_SetTime
 .text.HAL_RTC_SetDate
                0x000000000800636c      0x10e ./Drivers/STM32L4xx_HAL_Driver/Src/stm32l4xx_hal_rtc.o
                0x000000000800636c                HAL_RTC_SetDate
 .text.HAL_RTC_WaitForSynchro
                0x000000000800647a       0x4c ./Drivers/STM32L4xx_HAL_Driver/Src/stm32l4xx_hal_rtc.o
                0x000000000800647a                HAL_RTC_WaitForSynchro
 .text.RTC_EnterInitMode
                0x00000000080064c6       0x66 ./Drivers/STM32L4xx_HAL_Driver/Src/stm32l4xx_hal_rtc.o
                0x00000000080064c6                RTC_EnterInitMode
 .text.RTC_ExitInitMode
                0x000000000800652c       0x7c ./Drivers/STM32L4xx_HAL_Driver/Src/stm32l4xx_hal_rtc.o
                0x000000000800652c                RTC_ExitInitMode
 .text.RTC_ByteToBcd2
                0x00000000080065a8       0x40 ./Drivers/STM32L4xx_HAL_Driver/Src/stm32l4xx_hal_rtc.o
                0x00000000080065a8                RTC_ByteToBcd2
 .text.HAL_SD_IRQHandler
                0x00000000080065e8      0x36c ./Drivers/STM32L4xx_HAL_Driver/Src/stm32l4xx_hal_sd.o
                0x00000000080065e8                HAL_SD_IRQHandler
 .text.HAL_SD_TxCpltCallback
                0x0000000008006954       0x14 ./Drivers/STM32L4xx_HAL_Driver/Src/stm32l4xx_hal_sd.o
                0x0000000008006954                HAL_SD_TxCpltCallback
 .text.HAL_SD_RxCpltCallback
                0x0000000008006968       0x14 ./Drivers/STM32L4xx_HAL_Driver/Src/stm32l4xx_hal_sd.o
                0x0000000008006968                HAL_SD_RxCpltCallback
 .text.HAL_SD_ErrorCallback
                0x000000000800697c       0x14 ./Drivers/STM32L4xx_HAL_Driver/Src/stm32l4xx_hal_sd.o
                0x000000000800697c                HAL_SD_ErrorCallback
 .text.SD_Read_IT
                0x0000000008006990       0xa2 ./Drivers/STM32L4xx_HAL_Driver/Src/stm32l4xx_hal_sd.o
 .text.SD_Write_IT
                0x0000000008006a32       0xaa ./Drivers/STM32L4xx_HAL_Driver/Src/stm32l4xx_hal_sd.o
 .text.HAL_SDEx_Read_DMADoubleBuffer0CpltCallback
                0x0000000008006adc       0x14 ./Drivers/STM32L4xx_HAL_Driver/Src/stm32l4xx_hal_sd_ex.o
                0x0000000008006adc                HAL_SDEx_Read_DMADoubleBuffer0CpltCallback
 .text.HAL_SDEx_Read_DMADoubleBuffer1CpltCallback
                0x0000000008006af0       0x14 ./Drivers/STM32L4xx_HAL_Driver/Src/stm32l4xx_hal_sd_ex.o
                0x0000000008006af0                HAL_SDEx_Read_DMADoubleBuffer1CpltCallback
 .text.HAL_SDEx_Write_DMADoubleBuffer0CpltCallback
                0x0000000008006b04       0x14 ./Drivers/STM32L4xx_HAL_Driver/Src/stm32l4xx_hal_sd_ex.o
                0x0000000008006b04                HAL_SDEx_Write_DMADoubleBuffer0CpltCallback
 .text.HAL_SDEx_Write_DMADoubleBuffer1CpltCallback
                0x0000000008006b18       0x14 ./Drivers/STM32L4xx_HAL_Driver/Src/stm32l4xx_hal_sd_ex.o
                0x0000000008006b18                HAL_SDEx_Write_DMADoubleBuffer1CpltCallback
 .text.HAL_SPI_Init
                0x0000000008006b2c      0x146 ./Drivers/STM32L4xx_HAL_Driver/Src/stm32l4xx_hal_spi.o
                0x0000000008006b2c                HAL_SPI_Init
 .text.HAL_SPI_Transmit
                0x0000000008006c72      0x2dc ./Drivers/STM32L4xx_HAL_Driver/Src/stm32l4xx_hal_spi.o
                0x0000000008006c72                HAL_SPI_Transmit
 .text.HAL_SPI_Receive
                0x0000000008006f4e      0x260 ./Drivers/STM32L4xx_HAL_Driver/Src/stm32l4xx_hal_spi.o
                0x0000000008006f4e                HAL_SPI_Receive
 .text.HAL_SPI_TransmitReceive
                0x00000000080071ae      0x426 ./Drivers/STM32L4xx_HAL_Driver/Src/stm32l4xx_hal_spi.o
                0x00000000080071ae                HAL_SPI_TransmitReceive
 .text.SPI_WaitFlagStateUntilTimeout
                0x00000000080075d4      0x110 ./Drivers/STM32L4xx_HAL_Driver/Src/stm32l4xx_hal_spi.o
 .text.SPI_WaitFifoStateUntilTimeout
                0x00000000080076e4      0x12c ./Drivers/STM32L4xx_HAL_Driver/Src/stm32l4xx_hal_spi.o
 .text.SPI_EndRxTransaction
                0x0000000008007810       0xb0 ./Drivers/STM32L4xx_HAL_Driver/Src/stm32l4xx_hal_spi.o
 .text.SPI_EndRxTxTransaction
                0x00000000080078c0       0x8c ./Drivers/STM32L4xx_HAL_Driver/Src/stm32l4xx_hal_spi.o
 .text.HAL_TIM_Base_Init
                0x000000000800794c       0xae ./Drivers/STM32L4xx_HAL_Driver/Src/stm32l4xx_hal_tim.o
                0x000000000800794c                HAL_TIM_Base_Init
 .text.HAL_TIM_IRQHandler
                0x00000000080079fa      0x23e ./Drivers/STM32L4xx_HAL_Driver/Src/stm32l4xx_hal_tim.o
                0x00000000080079fa                HAL_TIM_IRQHandler
 .text.HAL_TIM_ConfigClockSource
                0x0000000008007c38      0x192 ./Drivers/STM32L4xx_HAL_Driver/Src/stm32l4xx_hal_tim.o
                0x0000000008007c38                HAL_TIM_ConfigClockSource
 .text.HAL_TIM_PeriodElapsedCallback
                0x0000000008007dca       0x14 ./Drivers/STM32L4xx_HAL_Driver/Src/stm32l4xx_hal_tim.o
                0x0000000008007dca                HAL_TIM_PeriodElapsedCallback
 .text.HAL_TIM_OC_DelayElapsedCallback
                0x0000000008007dde       0x14 ./Drivers/STM32L4xx_HAL_Driver/Src/stm32l4xx_hal_tim.o
                0x0000000008007dde                HAL_TIM_OC_DelayElapsedCallback
 .text.HAL_TIM_IC_CaptureCallback
                0x0000000008007df2       0x14 ./Drivers/STM32L4xx_HAL_Driver/Src/stm32l4xx_hal_tim.o
                0x0000000008007df2                HAL_TIM_IC_CaptureCallback
 .text.HAL_TIM_PWM_PulseFinishedCallback
                0x0000000008007e06       0x14 ./Drivers/STM32L4xx_HAL_Driver/Src/stm32l4xx_hal_tim.o
                0x0000000008007e06                HAL_TIM_PWM_PulseFinishedCallback
 .text.HAL_TIM_TriggerCallback
                0x0000000008007e1a       0x14 ./Drivers/STM32L4xx_HAL_Driver/Src/stm32l4xx_hal_tim.o
                0x0000000008007e1a                HAL_TIM_TriggerCallback
 *fill*         0x0000000008007e2e        0x2 
 .text.TIM_Base_SetConfig
                0x0000000008007e30      0x134 ./Drivers/STM32L4xx_HAL_Driver/Src/stm32l4xx_hal_tim.o
                0x0000000008007e30                TIM_Base_SetConfig
 .text.TIM_TI1_ConfigInputStage
                0x0000000008007f64       0x5e ./Drivers/STM32L4xx_HAL_Driver/Src/stm32l4xx_hal_tim.o
 .text.TIM_TI2_ConfigInputStage
                0x0000000008007fc2       0x60 ./Drivers/STM32L4xx_HAL_Driver/Src/stm32l4xx_hal_tim.o
 .text.TIM_ITRx_SetConfig
                0x0000000008008022       0x36 ./Drivers/STM32L4xx_HAL_Driver/Src/stm32l4xx_hal_tim.o
 .text.TIM_ETR_SetConfig
                0x0000000008008058       0x40 ./Drivers/STM32L4xx_HAL_Driver/Src/stm32l4xx_hal_tim.o
                0x0000000008008058                TIM_ETR_SetConfig
 .text.HAL_TIMEx_MasterConfigSynchronization
                0x0000000008008098      0x110 ./Drivers/STM32L4xx_HAL_Driver/Src/stm32l4xx_hal_tim_ex.o
                0x0000000008008098                HAL_TIMEx_MasterConfigSynchronization
 .text.HAL_TIMEx_CommutCallback
                0x00000000080081a8       0x14 ./Drivers/STM32L4xx_HAL_Driver/Src/stm32l4xx_hal_tim_ex.o
                0x00000000080081a8                HAL_TIMEx_CommutCallback
 .text.HAL_TIMEx_BreakCallback
                0x00000000080081bc       0x14 ./Drivers/STM32L4xx_HAL_Driver/Src/stm32l4xx_hal_tim_ex.o
                0x00000000080081bc                HAL_TIMEx_BreakCallback
 .text.HAL_TIMEx_Break2Callback
                0x00000000080081d0       0x14 ./Drivers/STM32L4xx_HAL_Driver/Src/stm32l4xx_hal_tim_ex.o
                0x00000000080081d0                HAL_TIMEx_Break2Callback
 .text.SDMMC_ReadFIFO
                0x00000000080081e4       0x1a ./Drivers/STM32L4xx_HAL_Driver/Src/stm32l4xx_ll_sdmmc.o
                0x00000000080081e4                SDMMC_ReadFIFO
 .text.SDMMC_WriteFIFO
                0x00000000080081fe       0x22 ./Drivers/STM32L4xx_HAL_Driver/Src/stm32l4xx_ll_sdmmc.o
                0x00000000080081fe                SDMMC_WriteFIFO
 .text.SDMMC_SendCommand
                0x0000000008008220       0x54 ./Drivers/STM32L4xx_HAL_Driver/Src/stm32l4xx_ll_sdmmc.o
                0x0000000008008220                SDMMC_SendCommand
 .text.SDMMC_GetCommandResponse
                0x0000000008008274       0x1a ./Drivers/STM32L4xx_HAL_Driver/Src/stm32l4xx_ll_sdmmc.o
                0x0000000008008274                SDMMC_GetCommandResponse
 .text.SDMMC_GetResponse
                0x000000000800828e       0x26 ./Drivers/STM32L4xx_HAL_Driver/Src/stm32l4xx_ll_sdmmc.o
                0x000000000800828e                SDMMC_GetResponse
 .text.SDMMC_CmdStopTransfer
                0x00000000080082b4       0x6c ./Drivers/STM32L4xx_HAL_Driver/Src/stm32l4xx_ll_sdmmc.o
                0x00000000080082b4                SDMMC_CmdStopTransfer
 .text.SDMMC_GetCmdResp1
                0x0000000008008320      0x1e4 ./Drivers/STM32L4xx_HAL_Driver/Src/stm32l4xx_ll_sdmmc.o
                0x0000000008008320                SDMMC_GetCmdResp1
 .text.USB_CoreInit
                0x0000000008008504       0x58 ./Drivers/STM32L4xx_HAL_Driver/Src/stm32l4xx_ll_usb.o
                0x0000000008008504                USB_CoreInit
 .text.USB_SetTurnaroundTime
                0x000000000800855c      0x138 ./Drivers/STM32L4xx_HAL_Driver/Src/stm32l4xx_ll_usb.o
                0x000000000800855c                USB_SetTurnaroundTime
 .text.USB_EnableGlobalInt
                0x0000000008008694       0x22 ./Drivers/STM32L4xx_HAL_Driver/Src/stm32l4xx_ll_usb.o
                0x0000000008008694                USB_EnableGlobalInt
 .text.USB_DisableGlobalInt
                0x00000000080086b6       0x22 ./Drivers/STM32L4xx_HAL_Driver/Src/stm32l4xx_ll_usb.o
                0x00000000080086b6                USB_DisableGlobalInt
 .text.USB_SetCurrentMode
                0x00000000080086d8       0x98 ./Drivers/STM32L4xx_HAL_Driver/Src/stm32l4xx_ll_usb.o
                0x00000000080086d8                USB_SetCurrentMode
 .text.USB_DevInit
                0x0000000008008770      0x298 ./Drivers/STM32L4xx_HAL_Driver/Src/stm32l4xx_ll_usb.o
                0x0000000008008770                USB_DevInit
 .text.USB_FlushTxFifo
                0x0000000008008a08       0x68 ./Drivers/STM32L4xx_HAL_Driver/Src/stm32l4xx_ll_usb.o
                0x0000000008008a08                USB_FlushTxFifo
 .text.USB_FlushRxFifo
                0x0000000008008a70       0x60 ./Drivers/STM32L4xx_HAL_Driver/Src/stm32l4xx_ll_usb.o
                0x0000000008008a70                USB_FlushRxFifo
 .text.USB_SetDevSpeed
                0x0000000008008ad0       0x32 ./Drivers/STM32L4xx_HAL_Driver/Src/stm32l4xx_ll_usb.o
                0x0000000008008ad0                USB_SetDevSpeed
 .text.USB_GetDevSpeed
                0x0000000008008b02       0x3e ./Drivers/STM32L4xx_HAL_Driver/Src/stm32l4xx_ll_usb.o
                0x0000000008008b02                USB_GetDevSpeed
 .text.USB_ActivateEndpoint
                0x0000000008008b40      0x10e ./Drivers/STM32L4xx_HAL_Driver/Src/stm32l4xx_ll_usb.o
                0x0000000008008b40                USB_ActivateEndpoint
 *fill*         0x0000000008008c4e        0x2 
 .text.USB_DeactivateEndpoint
                0x0000000008008c50      0x1b8 ./Drivers/STM32L4xx_HAL_Driver/Src/stm32l4xx_ll_usb.o
                0x0000000008008c50                USB_DeactivateEndpoint
 .text.USB_EPStartXfer
                0x0000000008008e08      0x3c0 ./Drivers/STM32L4xx_HAL_Driver/Src/stm32l4xx_ll_usb.o
                0x0000000008008e08                USB_EPStartXfer
 .text.USB_EP0StartXfer
                0x00000000080091c8      0x244 ./Drivers/STM32L4xx_HAL_Driver/Src/stm32l4xx_ll_usb.o
                0x00000000080091c8                USB_EP0StartXfer
 .text.USB_EPStopXfer
                0x000000000800940c      0x154 ./Drivers/STM32L4xx_HAL_Driver/Src/stm32l4xx_ll_usb.o
                0x000000000800940c                USB_EPStopXfer
 .text.USB_WritePacket
                0x0000000008009560       0x74 ./Drivers/STM32L4xx_HAL_Driver/Src/stm32l4xx_ll_usb.o
                0x0000000008009560                USB_WritePacket
 .text.USB_ReadPacket
                0x00000000080095d4       0xb0 ./Drivers/STM32L4xx_HAL_Driver/Src/stm32l4xx_ll_usb.o
                0x00000000080095d4                USB_ReadPacket
 .text.USB_EPSetStall
                0x0000000008009684       0xdc ./Drivers/STM32L4xx_HAL_Driver/Src/stm32l4xx_ll_usb.o
                0x0000000008009684                USB_EPSetStall
 .text.USB_EPClearStall
                0x0000000008009760       0xcc ./Drivers/STM32L4xx_HAL_Driver/Src/stm32l4xx_ll_usb.o
                0x0000000008009760                USB_EPClearStall
 .text.USB_SetDevAddress
                0x000000000800982c       0x4c ./Drivers/STM32L4xx_HAL_Driver/Src/stm32l4xx_ll_usb.o
                0x000000000800982c                USB_SetDevAddress
 .text.USB_DevConnect
                0x0000000008009878       0x42 ./Drivers/STM32L4xx_HAL_Driver/Src/stm32l4xx_ll_usb.o
                0x0000000008009878                USB_DevConnect
 .text.USB_DevDisconnect
                0x00000000080098ba       0x42 ./Drivers/STM32L4xx_HAL_Driver/Src/stm32l4xx_ll_usb.o
                0x00000000080098ba                USB_DevDisconnect
 .text.USB_ReadInterrupts
                0x00000000080098fc       0x26 ./Drivers/STM32L4xx_HAL_Driver/Src/stm32l4xx_ll_usb.o
                0x00000000080098fc                USB_ReadInterrupts
 .text.USB_ReadDevAllOutEpInterrupt
                0x0000000008009922       0x34 ./Drivers/STM32L4xx_HAL_Driver/Src/stm32l4xx_ll_usb.o
                0x0000000008009922                USB_ReadDevAllOutEpInterrupt
 .text.USB_ReadDevAllInEpInterrupt
                0x0000000008009956       0x34 ./Drivers/STM32L4xx_HAL_Driver/Src/stm32l4xx_ll_usb.o
                0x0000000008009956                USB_ReadDevAllInEpInterrupt
 .text.USB_ReadDevOutEPInterrupt
                0x000000000800998a       0x3c ./Drivers/STM32L4xx_HAL_Driver/Src/stm32l4xx_ll_usb.o
                0x000000000800998a                USB_ReadDevOutEPInterrupt
 .text.USB_ReadDevInEPInterrupt
                0x00000000080099c6       0x5c ./Drivers/STM32L4xx_HAL_Driver/Src/stm32l4xx_ll_usb.o
                0x00000000080099c6                USB_ReadDevInEPInterrupt
 .text.USB_GetMode
                0x0000000008009a22       0x1c ./Drivers/STM32L4xx_HAL_Driver/Src/stm32l4xx_ll_usb.o
                0x0000000008009a22                USB_GetMode
 .text.USB_ActivateSetup
                0x0000000008009a3e       0x46 ./Drivers/STM32L4xx_HAL_Driver/Src/stm32l4xx_ll_usb.o
                0x0000000008009a3e                USB_ActivateSetup
 .text.USB_EP0_OutStart
                0x0000000008009a84       0x90 ./Drivers/STM32L4xx_HAL_Driver/Src/stm32l4xx_ll_usb.o
                0x0000000008009a84                USB_EP0_OutStart
 .text.USB_CoreReset
                0x0000000008009b14       0x68 ./Drivers/STM32L4xx_HAL_Driver/Src/stm32l4xx_ll_usb.o
 .text.USBD_CDC_Init
                0x0000000008009b7c       0xfe ./Middlewares/ST/STM32_USB_Device_Library/Class/CDC/Src/usbd_cdc.o
 .text.USBD_CDC_DeInit
                0x0000000008009c7a       0x74 ./Middlewares/ST/STM32_USB_Device_Library/Class/CDC/Src/usbd_cdc.o
 *fill*         0x0000000008009cee        0x2 
 .text.USBD_CDC_Setup
                0x0000000008009cf0      0x190 ./Middlewares/ST/STM32_USB_Device_Library/Class/CDC/Src/usbd_cdc.o
 .text.USBD_CDC_DataIn
                0x0000000008009e80       0xca ./Middlewares/ST/STM32_USB_Device_Library/Class/CDC/Src/usbd_cdc.o
 .text.USBD_CDC_DataOut
                0x0000000008009f4a       0x56 ./Middlewares/ST/STM32_USB_Device_Library/Class/CDC/Src/usbd_cdc.o
 .text.USBD_CDC_EP0_RxReady
                0x0000000008009fa0       0x5a ./Middlewares/ST/STM32_USB_Device_Library/Class/CDC/Src/usbd_cdc.o
 *fill*         0x0000000008009ffa        0x2 
 .text.USBD_CDC_GetFSCfgDesc
                0x0000000008009ffc       0x20 ./Middlewares/ST/STM32_USB_Device_Library/Class/CDC/Src/usbd_cdc.o
 .text.USBD_CDC_GetHSCfgDesc
                0x000000000800a01c       0x20 ./Middlewares/ST/STM32_USB_Device_Library/Class/CDC/Src/usbd_cdc.o
 .text.USBD_CDC_GetOtherSpeedCfgDesc
                0x000000000800a03c       0x20 ./Middlewares/ST/STM32_USB_Device_Library/Class/CDC/Src/usbd_cdc.o
 .text.USBD_CDC_GetDeviceQualifierDescriptor
                0x000000000800a05c       0x20 ./Middlewares/ST/STM32_USB_Device_Library/Class/CDC/Src/usbd_cdc.o
                0x000000000800a05c                USBD_CDC_GetDeviceQualifierDescriptor
 .text.USBD_CDC_RegisterInterface
                0x000000000800a07c       0x2a ./Middlewares/ST/STM32_USB_Device_Library/Class/CDC/Src/usbd_cdc.o
                0x000000000800a07c                USBD_CDC_RegisterInterface
 .text.USBD_CDC_SetTxBuffer
                0x000000000800a0a6       0x3c ./Middlewares/ST/STM32_USB_Device_Library/Class/CDC/Src/usbd_cdc.o
                0x000000000800a0a6                USBD_CDC_SetTxBuffer
 .text.USBD_CDC_SetRxBuffer
                0x000000000800a0e2       0x32 ./Middlewares/ST/STM32_USB_Device_Library/Class/CDC/Src/usbd_cdc.o
                0x000000000800a0e2                USBD_CDC_SetRxBuffer
 .text.USBD_CDC_ReceivePacket
                0x000000000800a114       0x54 ./Middlewares/ST/STM32_USB_Device_Library/Class/CDC/Src/usbd_cdc.o
                0x000000000800a114                USBD_CDC_ReceivePacket
 .text.USBD_Init
                0x000000000800a168       0x60 ./Middlewares/ST/STM32_USB_Device_Library/Core/Src/usbd_core.o
                0x000000000800a168                USBD_Init
 .text.USBD_RegisterClass
                0x000000000800a1c8       0x4e ./Middlewares/ST/STM32_USB_Device_Library/Core/Src/usbd_core.o
                0x000000000800a1c8                USBD_RegisterClass
 .text.USBD_Start
                0x000000000800a216       0x18 ./Middlewares/ST/STM32_USB_Device_Library/Core/Src/usbd_core.o
                0x000000000800a216                USBD_Start
 .text.USBD_RunTestMode
                0x000000000800a22e       0x16 ./Middlewares/ST/STM32_USB_Device_Library/Core/Src/usbd_core.o
                0x000000000800a22e                USBD_RunTestMode
 .text.USBD_SetClassConfig
                0x000000000800a244       0x38 ./Middlewares/ST/STM32_USB_Device_Library/Core/Src/usbd_core.o
                0x000000000800a244                USBD_SetClassConfig
 .text.USBD_ClrClassConfig
                0x000000000800a27c       0x30 ./Middlewares/ST/STM32_USB_Device_Library/Core/Src/usbd_core.o
                0x000000000800a27c                USBD_ClrClassConfig
 .text.USBD_LL_SetupStage
                0x000000000800a2ac       0xaa ./Middlewares/ST/STM32_USB_Device_Library/Core/Src/usbd_core.o
                0x000000000800a2ac                USBD_LL_SetupStage
 .text.USBD_LL_DataOutStage
                0x000000000800a356       0xc6 ./Middlewares/ST/STM32_USB_Device_Library/Core/Src/usbd_core.o
                0x000000000800a356                USBD_LL_DataOutStage
 .text.USBD_LL_DataInStage
                0x000000000800a41c      0x12c ./Middlewares/ST/STM32_USB_Device_Library/Core/Src/usbd_core.o
                0x000000000800a41c                USBD_LL_DataInStage
 .text.USBD_LL_Reset
                0x000000000800a548       0x9c ./Middlewares/ST/STM32_USB_Device_Library/Core/Src/usbd_core.o
                0x000000000800a548                USBD_LL_Reset
 .text.USBD_LL_SetSpeed
                0x000000000800a5e4       0x20 ./Middlewares/ST/STM32_USB_Device_Library/Core/Src/usbd_core.o
                0x000000000800a5e4                USBD_LL_SetSpeed
 .text.USBD_LL_Suspend
                0x000000000800a604       0x2c ./Middlewares/ST/STM32_USB_Device_Library/Core/Src/usbd_core.o
                0x000000000800a604                USBD_LL_Suspend
 .text.USBD_LL_Resume
                0x000000000800a630       0x30 ./Middlewares/ST/STM32_USB_Device_Library/Core/Src/usbd_core.o
                0x000000000800a630                USBD_LL_Resume
 .text.USBD_LL_SOF
                0x000000000800a660       0x44 ./Middlewares/ST/STM32_USB_Device_Library/Core/Src/usbd_core.o
                0x000000000800a660                USBD_LL_SOF
 .text.USBD_LL_IsoINIncomplete
                0x000000000800a6a4       0x4c ./Middlewares/ST/STM32_USB_Device_Library/Core/Src/usbd_core.o
                0x000000000800a6a4                USBD_LL_IsoINIncomplete
 .text.USBD_LL_IsoOUTIncomplete
                0x000000000800a6f0       0x4c ./Middlewares/ST/STM32_USB_Device_Library/Core/Src/usbd_core.o
                0x000000000800a6f0                USBD_LL_IsoOUTIncomplete
 .text.USBD_LL_DevConnected
                0x000000000800a73c       0x16 ./Middlewares/ST/STM32_USB_Device_Library/Core/Src/usbd_core.o
                0x000000000800a73c                USBD_LL_DevConnected
 .text.USBD_LL_DevDisconnected
                0x000000000800a752       0x38 ./Middlewares/ST/STM32_USB_Device_Library/Core/Src/usbd_core.o
                0x000000000800a752                USBD_LL_DevDisconnected
 .text.SWAPBYTE
                0x000000000800a78a       0x3c ./Middlewares/ST/STM32_USB_Device_Library/Core/Src/usbd_ctlreq.o
 *fill*         0x000000000800a7c6        0x2 
 .text.USBD_StdDevReq
                0x000000000800a7c8       0xdc ./Middlewares/ST/STM32_USB_Device_Library/Core/Src/usbd_ctlreq.o
                0x000000000800a7c8                USBD_StdDevReq
 .text.USBD_StdItfReq
                0x000000000800a8a4       0x92 ./Middlewares/ST/STM32_USB_Device_Library/Core/Src/usbd_ctlreq.o
                0x000000000800a8a4                USBD_StdItfReq
 .text.USBD_StdEPReq
                0x000000000800a936      0x2c4 ./Middlewares/ST/STM32_USB_Device_Library/Core/Src/usbd_ctlreq.o
                0x000000000800a936                USBD_StdEPReq
 *fill*         0x000000000800abfa        0x2 
 .text.USBD_GetDescriptor
                0x000000000800abfc      0x328 ./Middlewares/ST/STM32_USB_Device_Library/Core/Src/usbd_ctlreq.o
 .text.USBD_SetAddress
                0x000000000800af24       0x88 ./Middlewares/ST/STM32_USB_Device_Library/Core/Src/usbd_ctlreq.o
 .text.USBD_SetConfig
                0x000000000800afac      0x14c ./Middlewares/ST/STM32_USB_Device_Library/Core/Src/usbd_ctlreq.o
 .text.USBD_GetConfig
                0x000000000800b0f8       0x6c ./Middlewares/ST/STM32_USB_Device_Library/Core/Src/usbd_ctlreq.o
 .text.USBD_GetStatus
                0x000000000800b164       0x68 ./Middlewares/ST/STM32_USB_Device_Library/Core/Src/usbd_ctlreq.o
 .text.USBD_SetFeature
                0x000000000800b1cc       0x28 ./Middlewares/ST/STM32_USB_Device_Library/Core/Src/usbd_ctlreq.o
 .text.USBD_ClrFeature
                0x000000000800b1f4       0x44 ./Middlewares/ST/STM32_USB_Device_Library/Core/Src/usbd_ctlreq.o
 .text.USBD_ParseSetupRequest
                0x000000000800b238       0x74 ./Middlewares/ST/STM32_USB_Device_Library/Core/Src/usbd_ctlreq.o
                0x000000000800b238                USBD_ParseSetupRequest
 .text.USBD_CtlError
                0x000000000800b2ac       0x22 ./Middlewares/ST/STM32_USB_Device_Library/Core/Src/usbd_ctlreq.o
                0x000000000800b2ac                USBD_CtlError
 .text.USBD_GetString
                0x000000000800b2ce       0x8c ./Middlewares/ST/STM32_USB_Device_Library/Core/Src/usbd_ctlreq.o
                0x000000000800b2ce                USBD_GetString
 .text.USBD_GetLen
                0x000000000800b35a       0x34 ./Middlewares/ST/STM32_USB_Device_Library/Core/Src/usbd_ctlreq.o
 .text.USBD_CtlSendData
                0x000000000800b38e       0x36 ./Middlewares/ST/STM32_USB_Device_Library/Core/Src/usbd_ioreq.o
                0x000000000800b38e                USBD_CtlSendData
 .text.USBD_CtlContinueSendData
                0x000000000800b3c4       0x22 ./Middlewares/ST/STM32_USB_Device_Library/Core/Src/usbd_ioreq.o
                0x000000000800b3c4                USBD_CtlContinueSendData
 .text.USBD_CtlPrepareRx
                0x000000000800b3e6       0x3a ./Middlewares/ST/STM32_USB_Device_Library/Core/Src/usbd_ioreq.o
                0x000000000800b3e6                USBD_CtlPrepareRx
 .text.USBD_CtlContinueRx
                0x000000000800b420       0x22 ./Middlewares/ST/STM32_USB_Device_Library/Core/Src/usbd_ioreq.o
                0x000000000800b420                USBD_CtlContinueRx
 .text.USBD_CtlSendStatus
                0x000000000800b442       0x26 ./Middlewares/ST/STM32_USB_Device_Library/Core/Src/usbd_ioreq.o
                0x000000000800b442                USBD_CtlSendStatus
 .text.USBD_CtlReceiveStatus
                0x000000000800b468       0x26 ./Middlewares/ST/STM32_USB_Device_Library/Core/Src/usbd_ioreq.o
                0x000000000800b468                USBD_CtlReceiveStatus
 *fill*         0x000000000800b48e        0x2 
 .text.LMS6DSO_WriteReg
                0x000000000800b490       0x4c ./Sensors/imu.o
                0x000000000800b490                LMS6DSO_WriteReg
 .text.LMS6DSO_Init
                0x000000000800b4dc       0x64 ./Sensors/imu.o
                0x000000000800b4dc                LMS6DSO_Init
 .text.MX_USB_DEVICE_Init
                0x000000000800b540       0x60 ./USB_DEVICE/App/usb_device.o
                0x000000000800b540                MX_USB_DEVICE_Init
 .text.CDC_Init_FS
                0x000000000800b5a0       0x28 ./USB_DEVICE/App/usbd_cdc_if.o
 .text.CDC_DeInit_FS
                0x000000000800b5c8       0x10 ./USB_DEVICE/App/usbd_cdc_if.o
 .text.CDC_Control_FS
                0x000000000800b5d8       0xbc ./USB_DEVICE/App/usbd_cdc_if.o
 .text.CDC_Receive_FS
                0x000000000800b694       0x28 ./USB_DEVICE/App/usbd_cdc_if.o
 .text.CDC_TransmitCplt_FS
                0x000000000800b6bc       0x22 ./USB_DEVICE/App/usbd_cdc_if.o
 *fill*         0x000000000800b6de        0x2 
 .text.USBD_FS_DeviceDescriptor
                0x000000000800b6e0       0x24 ./USB_DEVICE/App/usbd_desc.o
                0x000000000800b6e0                USBD_FS_DeviceDescriptor
 .text.USBD_FS_LangIDStrDescriptor
                0x000000000800b704       0x24 ./USB_DEVICE/App/usbd_desc.o
                0x000000000800b704                USBD_FS_LangIDStrDescriptor
 .text.USBD_FS_ProductStrDescriptor
                0x000000000800b728       0x3c ./USB_DEVICE/App/usbd_desc.o
                0x000000000800b728                USBD_FS_ProductStrDescriptor
 .text.USBD_FS_ManufacturerStrDescriptor
                0x000000000800b764       0x28 ./USB_DEVICE/App/usbd_desc.o
                0x000000000800b764                USBD_FS_ManufacturerStrDescriptor
 .text.USBD_FS_SerialStrDescriptor
                0x000000000800b78c       0x24 ./USB_DEVICE/App/usbd_desc.o
                0x000000000800b78c                USBD_FS_SerialStrDescriptor
 .text.USBD_FS_ConfigStrDescriptor
                0x000000000800b7b0       0x3c ./USB_DEVICE/App/usbd_desc.o
                0x000000000800b7b0                USBD_FS_ConfigStrDescriptor
 .text.USBD_FS_InterfaceStrDescriptor
                0x000000000800b7ec       0x3c ./USB_DEVICE/App/usbd_desc.o
                0x000000000800b7ec                USBD_FS_InterfaceStrDescriptor
 .text.USBD_FS_USR_BOSDescriptor
                0x000000000800b828       0x24 ./USB_DEVICE/App/usbd_desc.o
                0x000000000800b828                USBD_FS_USR_BOSDescriptor
 .text.Get_SerialNum
                0x000000000800b84c       0x58 ./USB_DEVICE/App/usbd_desc.o
 .text.IntToUnicode
                0x000000000800b8a4       0x7e ./USB_DEVICE/App/usbd_desc.o
 *fill*         0x000000000800b922        0x2 
 .text.HAL_PCD_MspInit
                0x000000000800b924      0x104 ./USB_DEVICE/Target/usbd_conf.o
                0x000000000800b924                HAL_PCD_MspInit
 .text.HAL_PCD_SetupStageCallback
                0x000000000800ba28       0x24 ./USB_DEVICE/Target/usbd_conf.o
                0x000000000800ba28                HAL_PCD_SetupStageCallback
 .text.HAL_PCD_DataOutStageCallback
                0x000000000800ba4c       0x36 ./USB_DEVICE/Target/usbd_conf.o
                0x000000000800ba4c                HAL_PCD_DataOutStageCallback
 .text.HAL_PCD_DataInStageCallback
                0x000000000800ba82       0x34 ./USB_DEVICE/Target/usbd_conf.o
                0x000000000800ba82                HAL_PCD_DataInStageCallback
 .text.HAL_PCD_SOFCallback
                0x000000000800bab6       0x1c ./USB_DEVICE/Target/usbd_conf.o
                0x000000000800bab6                HAL_PCD_SOFCallback
 .text.HAL_PCD_ResetCallback
                0x000000000800bad2       0x3c ./USB_DEVICE/Target/usbd_conf.o
                0x000000000800bad2                HAL_PCD_ResetCallback
 *fill*         0x000000000800bb0e        0x2 
 .text.HAL_PCD_SuspendCallback
                0x000000000800bb10       0x4c ./USB_DEVICE/Target/usbd_conf.o
                0x000000000800bb10                HAL_PCD_SuspendCallback
 .text.HAL_PCD_ResumeCallback
                0x000000000800bb5c       0x50 ./USB_DEVICE/Target/usbd_conf.o
                0x000000000800bb5c                HAL_PCD_ResumeCallback
 .text.HAL_PCD_ISOOUTIncompleteCallback
                0x000000000800bbac       0x24 ./USB_DEVICE/Target/usbd_conf.o
                0x000000000800bbac                HAL_PCD_ISOOUTIncompleteCallback
 .text.HAL_PCD_ISOINIncompleteCallback
                0x000000000800bbd0       0x24 ./USB_DEVICE/Target/usbd_conf.o
                0x000000000800bbd0                HAL_PCD_ISOINIncompleteCallback
 .text.HAL_PCD_ConnectCallback
                0x000000000800bbf4       0x1c ./USB_DEVICE/Target/usbd_conf.o
                0x000000000800bbf4                HAL_PCD_ConnectCallback
 .text.HAL_PCD_DisconnectCallback
                0x000000000800bc10       0x1c ./USB_DEVICE/Target/usbd_conf.o
                0x000000000800bc10                HAL_PCD_DisconnectCallback
 .text.USBD_LL_Init
                0x000000000800bc2c       0x94 ./USB_DEVICE/Target/usbd_conf.o
                0x000000000800bc2c                USBD_LL_Init
 .text.USBD_LL_Start
                0x000000000800bcc0       0x64 ./USB_DEVICE/Target/usbd_conf.o
                0x000000000800bcc0                USBD_LL_Start
 .text.USBD_LL_OpenEP
                0x000000000800bd24       0x7c ./USB_DEVICE/Target/usbd_conf.o
                0x000000000800bd24                USBD_LL_OpenEP
 .text.USBD_LL_CloseEP
                0x000000000800bda0       0x6c ./USB_DEVICE/Target/usbd_conf.o
                0x000000000800bda0                USBD_LL_CloseEP
 .text.USBD_LL_StallEP
                0x000000000800be0c       0x6c ./USB_DEVICE/Target/usbd_conf.o
                0x000000000800be0c                USBD_LL_StallEP
 .text.USBD_LL_ClearStallEP
                0x000000000800be78       0x6c ./USB_DEVICE/Target/usbd_conf.o
                0x000000000800be78                USBD_LL_ClearStallEP
 .text.USBD_LL_IsStallEP
                0x000000000800bee4       0x58 ./USB_DEVICE/Target/usbd_conf.o
                0x000000000800bee4                USBD_LL_IsStallEP
 .text.USBD_LL_SetUSBAddress
                0x000000000800bf3c       0x6c ./USB_DEVICE/Target/usbd_conf.o
                0x000000000800bf3c                USBD_LL_SetUSBAddress
 .text.USBD_LL_Transmit
                0x000000000800bfa8       0x70 ./USB_DEVICE/Target/usbd_conf.o
                0x000000000800bfa8                USBD_LL_Transmit
 .text.USBD_LL_PrepareReceive
                0x000000000800c018       0x70 ./USB_DEVICE/Target/usbd_conf.o
                0x000000000800c018                USBD_LL_PrepareReceive
 .text.USBD_LL_GetRxDataSize
                0x000000000800c088       0x26 ./USB_DEVICE/Target/usbd_conf.o
                0x000000000800c088                USBD_LL_GetRxDataSize
 *fill*         0x000000000800c0ae        0x2 
 .text.HAL_PCDEx_LPM_Callback
                0x000000000800c0b0       0x9c ./USB_DEVICE/Target/usbd_conf.o
                0x000000000800c0b0                HAL_PCDEx_LPM_Callback
 .text.USBD_static_malloc
                0x000000000800c14c       0x1c ./USB_DEVICE/Target/usbd_conf.o
                0x000000000800c14c                USBD_static_malloc
 .text.USBD_static_free
                0x000000000800c168       0x14 ./USB_DEVICE/Target/usbd_conf.o
                0x000000000800c168                USBD_static_free
 .text.SystemClockConfig_Resume
                0x000000000800c17c        0xc ./USB_DEVICE/Target/usbd_conf.o
 .text.__libc_init_array
                0x000000000800c188       0x48 c:/st/stm32cubeide_1.8.0/stm32cubeide/plugins/com.st.stm32cube.ide.mcu.externaltools.gnu-tools-for-stm32.9-2020-q2-update.win32_2.0.0.202105311346/tools/bin/../lib/gcc/arm-none-eabi/9.3.1/../../../../arm-none-eabi/lib/thumb/v7e-m+fp/hard\libc_nano.a(lib_a-init.o)
                0x000000000800c188                __libc_init_array
 .text.memset   0x000000000800c1d0       0x10 c:/st/stm32cubeide_1.8.0/stm32cubeide/plugins/com.st.stm32cube.ide.mcu.externaltools.gnu-tools-for-stm32.9-2020-q2-update.win32_2.0.0.202105311346/tools/bin/../lib/gcc/arm-none-eabi/9.3.1/../../../../arm-none-eabi/lib/thumb/v7e-m+fp/hard\libc_nano.a(lib_a-memset.o)
                0x000000000800c1d0                memset
 *(.glue_7)
 .glue_7        0x000000000800c1e0        0x0 linker stubs
 *(.glue_7t)
 .glue_7t       0x000000000800c1e0        0x0 linker stubs
 *(.eh_frame)
 .eh_frame      0x000000000800c1e0        0x0 c:/st/stm32cubeide_1.8.0/stm32cubeide/plugins/com.st.stm32cube.ide.mcu.externaltools.gnu-tools-for-stm32.9-2020-q2-update.win32_2.0.0.202105311346/tools/bin/../lib/gcc/arm-none-eabi/9.3.1/thumb/v7e-m+fp/hard/crtbegin.o
 *(.init)
 .init          0x000000000800c1e0        0x4 c:/st/stm32cubeide_1.8.0/stm32cubeide/plugins/com.st.stm32cube.ide.mcu.externaltools.gnu-tools-for-stm32.9-2020-q2-update.win32_2.0.0.202105311346/tools/bin/../lib/gcc/arm-none-eabi/9.3.1/thumb/v7e-m+fp/hard/crti.o
                0x000000000800c1e0                _init
 .init          0x000000000800c1e4        0x8 c:/st/stm32cubeide_1.8.0/stm32cubeide/plugins/com.st.stm32cube.ide.mcu.externaltools.gnu-tools-for-stm32.9-2020-q2-update.win32_2.0.0.202105311346/tools/bin/../lib/gcc/arm-none-eabi/9.3.1/thumb/v7e-m+fp/hard/crtn.o
 *(.fini)
 .fini          0x000000000800c1ec        0x4 c:/st/stm32cubeide_1.8.0/stm32cubeide/plugins/com.st.stm32cube.ide.mcu.externaltools.gnu-tools-for-stm32.9-2020-q2-update.win32_2.0.0.202105311346/tools/bin/../lib/gcc/arm-none-eabi/9.3.1/thumb/v7e-m+fp/hard/crti.o
                0x000000000800c1ec                _fini
 .fini          0x000000000800c1f0        0x8 c:/st/stm32cubeide_1.8.0/stm32cubeide/plugins/com.st.stm32cube.ide.mcu.externaltools.gnu-tools-for-stm32.9-2020-q2-update.win32_2.0.0.202105311346/tools/bin/../lib/gcc/arm-none-eabi/9.3.1/thumb/v7e-m+fp/hard/crtn.o
                0x000000000800c1f8                . = ALIGN (0x4)
                0x000000000800c1f8                _etext = .

.vfp11_veneer   0x000000000800c1f8        0x0
 .vfp11_veneer  0x000000000800c1f8        0x0 linker stubs

.v4_bx          0x000000000800c1f8        0x0
 .v4_bx         0x000000000800c1f8        0x0 linker stubs

.iplt           0x000000000800c1f8        0x0
 .iplt          0x000000000800c1f8        0x0 c:/st/stm32cubeide_1.8.0/stm32cubeide/plugins/com.st.stm32cube.ide.mcu.externaltools.gnu-tools-for-stm32.9-2020-q2-update.win32_2.0.0.202105311346/tools/bin/../lib/gcc/arm-none-eabi/9.3.1/thumb/v7e-m+fp/hard/crtbegin.o

.rodata         0x000000000800c1f8       0x88
                0x000000000800c1f8                . = ALIGN (0x4)
 *(.rodata)
 .rodata        0x000000000800c1f8       0x46 ./USB_DEVICE/App/usbd_desc.o
 *(.rodata*)
 *fill*         0x000000000800c23e        0x2 
 .rodata.AHBPrescTable
                0x000000000800c240       0x10 ./Core/Src/system_stm32l4xx.o
                0x000000000800c240                AHBPrescTable
 .rodata.MSIRangeTable
                0x000000000800c250       0x30 ./Core/Src/system_stm32l4xx.o
                0x000000000800c250                MSIRangeTable
                0x000000000800c280                . = ALIGN (0x4)

.rel.dyn        0x000000000800c280        0x0
 .rel.iplt      0x000000000800c280        0x0 c:/st/stm32cubeide_1.8.0/stm32cubeide/plugins/com.st.stm32cube.ide.mcu.externaltools.gnu-tools-for-stm32.9-2020-q2-update.win32_2.0.0.202105311346/tools/bin/../lib/gcc/arm-none-eabi/9.3.1/thumb/v7e-m+fp/hard/crtbegin.o

.ARM.extab      0x000000000800c280        0x0
                0x000000000800c280                . = ALIGN (0x4)
 *(.ARM.extab* .gnu.linkonce.armextab.*)
                0x000000000800c280                . = ALIGN (0x4)

.ARM            0x000000000800c280        0x0
                0x000000000800c280                . = ALIGN (0x4)
                0x000000000800c280                __exidx_start = .
 *(.ARM.exidx*)
                0x000000000800c280                __exidx_end = .
                0x000000000800c280                . = ALIGN (0x4)

.preinit_array  0x000000000800c280        0x0
                0x000000000800c280                . = ALIGN (0x4)
                0x000000000800c280                PROVIDE (__preinit_array_start = .)
 *(.preinit_array*)
                0x000000000800c280                PROVIDE (__preinit_array_end = .)
                0x000000000800c280                . = ALIGN (0x4)

.init_array     0x000000000800c280        0x4
                0x000000000800c280                . = ALIGN (0x4)
                0x000000000800c280                PROVIDE (__init_array_start = .)
 *(SORT_BY_NAME(.init_array.*))
 *(.init_array*)
 .init_array    0x000000000800c280        0x4 c:/st/stm32cubeide_1.8.0/stm32cubeide/plugins/com.st.stm32cube.ide.mcu.externaltools.gnu-tools-for-stm32.9-2020-q2-update.win32_2.0.0.202105311346/tools/bin/../lib/gcc/arm-none-eabi/9.3.1/thumb/v7e-m+fp/hard/crtbegin.o
                0x000000000800c284                PROVIDE (__init_array_end = .)
                0x000000000800c284                . = ALIGN (0x4)

.fini_array     0x000000000800c284        0x4
                0x000000000800c284                . = ALIGN (0x4)
                [!provide]                        PROVIDE (__fini_array_start = .)
 *(SORT_BY_NAME(.fini_array.*))
 *(.fini_array*)
 .fini_array    0x000000000800c284        0x4 c:/st/stm32cubeide_1.8.0/stm32cubeide/plugins/com.st.stm32cube.ide.mcu.externaltools.gnu-tools-for-stm32.9-2020-q2-update.win32_2.0.0.202105311346/tools/bin/../lib/gcc/arm-none-eabi/9.3.1/thumb/v7e-m+fp/hard/crtbegin.o
                [!provide]                        PROVIDE (__fini_array_end = .)
                0x000000000800c288                . = ALIGN (0x4)
                0x000000000800c288                _sidata = LOADADDR (.data)

.data           0x0000000020000000      0x190 load address 0x000000000800c288
                0x0000000020000000                . = ALIGN (0x4)
                0x0000000020000000                _sdata = .
 *(.data)
 *(.data*)
 .data.SystemCoreClock
                0x0000000020000000        0x4 ./Core/Src/system_stm32l4xx.o
                0x0000000020000000                SystemCoreClock
 .data.uwTickPrio
                0x0000000020000004        0x4 ./Drivers/STM32L4xx_HAL_Driver/Src/stm32l4xx_hal.o
                0x0000000020000004                uwTickPrio
 .data.uwTickFreq
                0x0000000020000008        0x1 ./Drivers/STM32L4xx_HAL_Driver/Src/stm32l4xx_hal.o
                0x0000000020000008                uwTickFreq
 *fill*         0x0000000020000009        0x3 
 .data.USBD_CDC_DeviceQualifierDesc
                0x000000002000000c        0xa ./Middlewares/ST/STM32_USB_Device_Library/Class/CDC/Src/usbd_cdc.o
 *fill*         0x0000000020000016        0x2 
 .data.USBD_CDC
                0x0000000020000018       0x38 ./Middlewares/ST/STM32_USB_Device_Library/Class/CDC/Src/usbd_cdc.o
                0x0000000020000018                USBD_CDC
 .data.USBD_CDC_CfgHSDesc
                0x0000000020000050       0x43 ./Middlewares/ST/STM32_USB_Device_Library/Class/CDC/Src/usbd_cdc.o
 *fill*         0x0000000020000093        0x1 
 .data.USBD_CDC_CfgFSDesc
                0x0000000020000094       0x43 ./Middlewares/ST/STM32_USB_Device_Library/Class/CDC/Src/usbd_cdc.o
 *fill*         0x00000000200000d7        0x1 
 .data.USBD_CDC_OtherSpeedCfgDesc
                0x00000000200000d8       0x43 ./Middlewares/ST/STM32_USB_Device_Library/Class/CDC/Src/usbd_cdc.o
 *fill*         0x000000002000011b        0x1 
 .data.USBD_Interface_fops_FS
                0x000000002000011c       0x14 ./USB_DEVICE/App/usbd_cdc_if.o
                0x000000002000011c                USBD_Interface_fops_FS
 .data.FS_Desc  0x0000000020000130       0x20 ./USB_DEVICE/App/usbd_desc.o
                0x0000000020000130                FS_Desc
 .data.USBD_FS_DeviceDesc
                0x0000000020000150       0x12 ./USB_DEVICE/App/usbd_desc.o
                0x0000000020000150                USBD_FS_DeviceDesc
 *fill*         0x0000000020000162        0x2 
 .data.USBD_FS_BOSDesc
                0x0000000020000164        0xc ./USB_DEVICE/App/usbd_desc.o
                0x0000000020000164                USBD_FS_BOSDesc
 .data.USBD_LangIDDesc
                0x0000000020000170        0x4 ./USB_DEVICE/App/usbd_desc.o
                0x0000000020000170                USBD_LangIDDesc
 .data.USBD_StringSerial
                0x0000000020000174       0x1a ./USB_DEVICE/App/usbd_desc.o
                0x0000000020000174                USBD_StringSerial
 *(.RamFunc)
 *(.RamFunc*)
                0x0000000020000190                . = ALIGN (0x4)
 *fill*         0x000000002000018e        0x2 
                0x0000000020000190                _edata = .

.igot.plt       0x0000000020000190        0x0 load address 0x000000000800c418
 .igot.plt      0x0000000020000190        0x0 c:/st/stm32cubeide_1.8.0/stm32cubeide/plugins/com.st.stm32cube.ide.mcu.externaltools.gnu-tools-for-stm32.9-2020-q2-update.win32_2.0.0.202105311346/tools/bin/../lib/gcc/arm-none-eabi/9.3.1/thumb/v7e-m+fp/hard/crtbegin.o
                0x0000000020000190                . = ALIGN (0x4)

.bss            0x0000000020000190     0x2100 load address 0x000000000800c418
                0x0000000020000190                _sbss = .
                0x0000000020000190                __bss_start__ = _sbss
 *(.bss)
 .bss           0x0000000020000190       0x1c c:/st/stm32cubeide_1.8.0/stm32cubeide/plugins/com.st.stm32cube.ide.mcu.externaltools.gnu-tools-for-stm32.9-2020-q2-update.win32_2.0.0.202105311346/tools/bin/../lib/gcc/arm-none-eabi/9.3.1/thumb/v7e-m+fp/hard/crtbegin.o
 *(.bss*)
 .bss.HAL_RCC_DFSDM1_CLK_ENABLED
                0x00000000200001ac        0x4 ./Core/Src/dfsdm.o
 .bss.DFSDM1_Init
                0x00000000200001b0        0x4 ./Core/Src/dfsdm.o
 .bss.v_dfsdm1ChannelCounter
                0x00000000200001b4        0x4 ./Drivers/STM32L4xx_HAL_Driver/Src/stm32l4xx_hal_dfsdm.o
 .bss.a_dfsdm1ChannelHandle
                0x00000000200001b8       0x20 ./Drivers/STM32L4xx_HAL_Driver/Src/stm32l4xx_hal_dfsdm.o
 .bss.cfgidx.13107
                0x00000000200001d8        0x1 ./Middlewares/ST/STM32_USB_Device_Library/Core/Src/usbd_ctlreq.o
 *fill*         0x00000000200001d9        0x3 
 .bss.mem.13259
                0x00000000200001dc      0x220 ./USB_DEVICE/Target/usbd_conf.o
 *(COMMON)
 COMMON         0x00000000200003fc       0x68 ./Core/Src/adc.o
                0x00000000200003fc                hadc1
 COMMON         0x0000000020000464       0xec ./Core/Src/dfsdm.o
                0x0000000020000464                hdfsdm1_filter0
                0x00000000200004b8                hdma_dfsdm1_flt0
                0x0000000020000518                hdfsdm1_channel0
 COMMON         0x0000000020000550       0xa8 ./Core/Src/i2c.o
                0x0000000020000550                hi2c3
                0x00000000200005a4                hi2c1
 COMMON         0x00000000200005f8        0x4 ./Core/Src/main.o
                0x00000000200005f8                lsm6
 COMMON         0x00000000200005fc       0x24 ./Core/Src/rtc.o
                0x00000000200005fc                hrtc
 COMMON         0x0000000020000620       0x80 ./Core/Src/sdmmc.o
                0x0000000020000620                hsd1
 COMMON         0x00000000200006a0      0x12c ./Core/Src/spi.o
                0x00000000200006a0                hspi2
                0x0000000020000704                hspi3
                0x0000000020000768                hspi1
 COMMON         0x00000000200007cc       0xe4 ./Core/Src/tim.o
                0x00000000200007cc                htim6
                0x0000000020000818                htim2
                0x0000000020000864                htim7
 COMMON         0x00000000200008b0        0x4 ./Drivers/STM32L4xx_HAL_Driver/Src/stm32l4xx_hal.o
                0x00000000200008b0                uwTick
 COMMON         0x00000000200008b4      0x2d0 ./USB_DEVICE/App/usb_device.o
                0x00000000200008b4                hUsbDeviceFS
 COMMON         0x0000000020000b84     0x1000 ./USB_DEVICE/App/usbd_cdc_if.o
                0x0000000020000b84                UserRxBufferFS
                0x0000000020001384                UserTxBufferFS
 COMMON         0x0000000020001b84      0x200 ./USB_DEVICE/App/usbd_desc.o
                0x0000000020001b84                USBD_StrDesc
 COMMON         0x0000000020001d84      0x50c ./USB_DEVICE/Target/usbd_conf.o
                0x0000000020001d84                hpcd_USB_OTG_FS
                0x0000000020002290                . = ALIGN (0x4)
                0x0000000020002290                _ebss = .
                0x0000000020002290                __bss_end__ = _ebss

._user_heap_stack
                0x0000000020002290      0x600 load address 0x000000000800c418
                0x0000000020002290                . = ALIGN (0x8)
                [!provide]                        PROVIDE (end = .)
                0x0000000020002290                PROVIDE (_end = .)
                0x0000000020002490                . = (. + _Min_Heap_Size)
 *fill*         0x0000000020002290      0x200 
                0x0000000020002890                . = (. + _Min_Stack_Size)
 *fill*         0x0000000020002490      0x400 
                0x0000000020002890                . = ALIGN (0x8)

/DISCARD/
 libc.a(*)
 libm.a(*)
 libgcc.a(*)

.ARM.attributes
                0x0000000000000000       0x30
 *(.ARM.attributes)
 .ARM.attributes
                0x0000000000000000       0x1e c:/st/stm32cubeide_1.8.0/stm32cubeide/plugins/com.st.stm32cube.ide.mcu.externaltools.gnu-tools-for-stm32.9-2020-q2-update.win32_2.0.0.202105311346/tools/bin/../lib/gcc/arm-none-eabi/9.3.1/thumb/v7e-m+fp/hard/crti.o
 .ARM.attributes
                0x000000000000001e       0x34 c:/st/stm32cubeide_1.8.0/stm32cubeide/plugins/com.st.stm32cube.ide.mcu.externaltools.gnu-tools-for-stm32.9-2020-q2-update.win32_2.0.0.202105311346/tools/bin/../lib/gcc/arm-none-eabi/9.3.1/thumb/v7e-m+fp/hard/crtbegin.o
 .ARM.attributes
                0x0000000000000052       0x34 ./Core/Src/adc.o
 .ARM.attributes
                0x0000000000000086       0x34 ./Core/Src/dfsdm.o
 .ARM.attributes
                0x00000000000000ba       0x34 ./Core/Src/dma.o
 .ARM.attributes
                0x00000000000000ee       0x34 ./Core/Src/gpio.o
 .ARM.attributes
                0x0000000000000122       0x34 ./Core/Src/i2c.o
 .ARM.attributes
                0x0000000000000156       0x34 ./Core/Src/main.o
 .ARM.attributes
                0x000000000000018a       0x34 ./Core/Src/rtc.o
 .ARM.attributes
                0x00000000000001be       0x34 ./Core/Src/sdmmc.o
 .ARM.attributes
                0x00000000000001f2       0x34 ./Core/Src/spi.o
 .ARM.attributes
                0x0000000000000226       0x34 ./Core/Src/stm32l4xx_hal_msp.o
 .ARM.attributes
                0x000000000000025a       0x34 ./Core/Src/stm32l4xx_it.o
 .ARM.attributes
                0x000000000000028e       0x34 ./Core/Src/system_stm32l4xx.o
 .ARM.attributes
                0x00000000000002c2       0x34 ./Core/Src/tim.o
 .ARM.attributes
                0x00000000000002f6       0x21 ./Core/Startup/startup_stm32l4r9zijx.o
 .ARM.attributes
                0x0000000000000317       0x34 ./Drivers/STM32L4xx_HAL_Driver/Src/stm32l4xx_hal.o
 .ARM.attributes
                0x000000000000034b       0x34 ./Drivers/STM32L4xx_HAL_Driver/Src/stm32l4xx_hal_adc.o
 .ARM.attributes
                0x000000000000037f       0x34 ./Drivers/STM32L4xx_HAL_Driver/Src/stm32l4xx_hal_cortex.o
 .ARM.attributes
                0x00000000000003b3       0x34 ./Drivers/STM32L4xx_HAL_Driver/Src/stm32l4xx_hal_dfsdm.o
 .ARM.attributes
                0x00000000000003e7       0x34 ./Drivers/STM32L4xx_HAL_Driver/Src/stm32l4xx_hal_dma.o
 .ARM.attributes
                0x000000000000041b       0x34 ./Drivers/STM32L4xx_HAL_Driver/Src/stm32l4xx_hal_gpio.o
 .ARM.attributes
                0x000000000000044f       0x34 ./Drivers/STM32L4xx_HAL_Driver/Src/stm32l4xx_hal_i2c.o
 .ARM.attributes
                0x0000000000000483       0x34 ./Drivers/STM32L4xx_HAL_Driver/Src/stm32l4xx_hal_i2c_ex.o
 .ARM.attributes
                0x00000000000004b7       0x34 ./Drivers/STM32L4xx_HAL_Driver/Src/stm32l4xx_hal_pcd.o
 .ARM.attributes
                0x00000000000004eb       0x34 ./Drivers/STM32L4xx_HAL_Driver/Src/stm32l4xx_hal_pcd_ex.o
 .ARM.attributes
                0x000000000000051f       0x34 ./Drivers/STM32L4xx_HAL_Driver/Src/stm32l4xx_hal_pwr.o
 .ARM.attributes
                0x0000000000000553       0x34 ./Drivers/STM32L4xx_HAL_Driver/Src/stm32l4xx_hal_pwr_ex.o
 .ARM.attributes
                0x0000000000000587       0x34 ./Drivers/STM32L4xx_HAL_Driver/Src/stm32l4xx_hal_rcc.o
 .ARM.attributes
                0x00000000000005bb       0x34 ./Drivers/STM32L4xx_HAL_Driver/Src/stm32l4xx_hal_rcc_ex.o
 .ARM.attributes
                0x00000000000005ef       0x34 ./Drivers/STM32L4xx_HAL_Driver/Src/stm32l4xx_hal_rtc.o
 .ARM.attributes
                0x0000000000000623       0x34 ./Drivers/STM32L4xx_HAL_Driver/Src/stm32l4xx_hal_sd.o
 .ARM.attributes
                0x0000000000000657       0x34 ./Drivers/STM32L4xx_HAL_Driver/Src/stm32l4xx_hal_sd_ex.o
 .ARM.attributes
                0x000000000000068b       0x34 ./Drivers/STM32L4xx_HAL_Driver/Src/stm32l4xx_hal_spi.o
 .ARM.attributes
                0x00000000000006bf       0x34 ./Drivers/STM32L4xx_HAL_Driver/Src/stm32l4xx_hal_tim.o
 .ARM.attributes
                0x00000000000006f3       0x34 ./Drivers/STM32L4xx_HAL_Driver/Src/stm32l4xx_hal_tim_ex.o
 .ARM.attributes
                0x0000000000000727       0x34 ./Drivers/STM32L4xx_HAL_Driver/Src/stm32l4xx_ll_sdmmc.o
 .ARM.attributes
                0x000000000000075b       0x34 ./Drivers/STM32L4xx_HAL_Driver/Src/stm32l4xx_ll_usb.o
 .ARM.attributes
                0x000000000000078f       0x34 ./Middlewares/ST/STM32_USB_Device_Library/Class/CDC/Src/usbd_cdc.o
 .ARM.attributes
                0x00000000000007c3       0x34 ./Middlewares/ST/STM32_USB_Device_Library/Core/Src/usbd_core.o
 .ARM.attributes
                0x00000000000007f7       0x34 ./Middlewares/ST/STM32_USB_Device_Library/Core/Src/usbd_ctlreq.o
 .ARM.attributes
                0x000000000000082b       0x34 ./Middlewares/ST/STM32_USB_Device_Library/Core/Src/usbd_ioreq.o
 .ARM.attributes
                0x000000000000085f       0x34 ./Sensors/imu.o
 .ARM.attributes
                0x0000000000000893       0x34 ./USB_DEVICE/App/usb_device.o
 .ARM.attributes
                0x00000000000008c7       0x34 ./USB_DEVICE/App/usbd_cdc_if.o
 .ARM.attributes
                0x00000000000008fb       0x34 ./USB_DEVICE/App/usbd_desc.o
 .ARM.attributes
                0x000000000000092f       0x34 ./USB_DEVICE/Target/usbd_conf.o
 .ARM.attributes
                0x0000000000000963       0x34 c:/st/stm32cubeide_1.8.0/stm32cubeide/plugins/com.st.stm32cube.ide.mcu.externaltools.gnu-tools-for-stm32.9-2020-q2-update.win32_2.0.0.202105311346/tools/bin/../lib/gcc/arm-none-eabi/9.3.1/../../../../arm-none-eabi/lib/thumb/v7e-m+fp/hard\libc_nano.a(lib_a-init.o)
 .ARM.attributes
                0x0000000000000997       0x34 c:/st/stm32cubeide_1.8.0/stm32cubeide/plugins/com.st.stm32cube.ide.mcu.externaltools.gnu-tools-for-stm32.9-2020-q2-update.win32_2.0.0.202105311346/tools/bin/../lib/gcc/arm-none-eabi/9.3.1/../../../../arm-none-eabi/lib/thumb/v7e-m+fp/hard\libc_nano.a(lib_a-memset.o)
 .ARM.attributes
                0x00000000000009cb       0x1e c:/st/stm32cubeide_1.8.0/stm32cubeide/plugins/com.st.stm32cube.ide.mcu.externaltools.gnu-tools-for-stm32.9-2020-q2-update.win32_2.0.0.202105311346/tools/bin/../lib/gcc/arm-none-eabi/9.3.1/thumb/v7e-m+fp/hard/crtn.o
OUTPUT(nvc.elf elf32-littlearm)
LOAD linker stubs
LOAD c:/st/stm32cubeide_1.8.0/stm32cubeide/plugins/com.st.stm32cube.ide.mcu.externaltools.gnu-tools-for-stm32.9-2020-q2-update.win32_2.0.0.202105311346/tools/bin/../lib/gcc/arm-none-eabi/9.3.1/../../../../arm-none-eabi/lib/thumb/v7e-m+fp/hard\libc.a
LOAD c:/st/stm32cubeide_1.8.0/stm32cubeide/plugins/com.st.stm32cube.ide.mcu.externaltools.gnu-tools-for-stm32.9-2020-q2-update.win32_2.0.0.202105311346/tools/bin/../lib/gcc/arm-none-eabi/9.3.1/../../../../arm-none-eabi/lib/thumb/v7e-m+fp/hard\libm.a
LOAD c:/st/stm32cubeide_1.8.0/stm32cubeide/plugins/com.st.stm32cube.ide.mcu.externaltools.gnu-tools-for-stm32.9-2020-q2-update.win32_2.0.0.202105311346/tools/bin/../lib/gcc/arm-none-eabi/9.3.1/thumb/v7e-m+fp/hard\libgcc.a

.debug_info     0x0000000000000000    0x35925
 .debug_info    0x0000000000000000     0x1197 ./Core/Src/adc.o
 .debug_info    0x0000000000001197     0x119e ./Core/Src/dfsdm.o
 .debug_info    0x0000000000002335      0x7d8 ./Core/Src/dma.o
 .debug_info    0x0000000000002b0d      0x77d ./Core/Src/gpio.o
 .debug_info    0x000000000000328a     0x1053 ./Core/Src/i2c.o
 .debug_info    0x00000000000042dd     0x3040 ./Core/Src/main.o
 .debug_info    0x000000000000731d      0xd16 ./Core/Src/rtc.o
 .debug_info    0x0000000000008033      0xff1 ./Core/Src/sdmmc.o
 .debug_info    0x0000000000009024      0xdfd ./Core/Src/spi.o
 .debug_info    0x0000000000009e21      0x57d ./Core/Src/stm32l4xx_hal_msp.o
 .debug_info    0x000000000000a39e     0x1385 ./Core/Src/stm32l4xx_it.o
 .debug_info    0x000000000000b723      0x7aa ./Core/Src/system_stm32l4xx.o
 .debug_info    0x000000000000becd     0x108e ./Core/Src/tim.o
 .debug_info    0x000000000000cf5b       0x22 ./Core/Startup/startup_stm32l4r9zijx.o
 .debug_info    0x000000000000cf7d      0xd2f ./Drivers/STM32L4xx_HAL_Driver/Src/stm32l4xx_hal.o
 .debug_info    0x000000000000dcac     0x2019 ./Drivers/STM32L4xx_HAL_Driver/Src/stm32l4xx_hal_adc.o
 .debug_info    0x000000000000fcc5     0x105e ./Drivers/STM32L4xx_HAL_Driver/Src/stm32l4xx_hal_cortex.o
 .debug_info    0x0000000000010d23     0x1e8d ./Drivers/STM32L4xx_HAL_Driver/Src/stm32l4xx_hal_dfsdm.o
 .debug_info    0x0000000000012bb0      0xad7 ./Drivers/STM32L4xx_HAL_Driver/Src/stm32l4xx_hal_dma.o
 .debug_info    0x0000000000013687      0xa96 ./Drivers/STM32L4xx_HAL_Driver/Src/stm32l4xx_hal_gpio.o
 .debug_info    0x000000000001411d     0x24e9 ./Drivers/STM32L4xx_HAL_Driver/Src/stm32l4xx_hal_i2c.o
 .debug_info    0x0000000000016606      0xda3 ./Drivers/STM32L4xx_HAL_Driver/Src/stm32l4xx_hal_i2c_ex.o
 .debug_info    0x00000000000173a9     0x1467 ./Drivers/STM32L4xx_HAL_Driver/Src/stm32l4xx_hal_pcd.o
 .debug_info    0x0000000000018810      0xac4 ./Drivers/STM32L4xx_HAL_Driver/Src/stm32l4xx_hal_pcd_ex.o
 .debug_info    0x00000000000192d4      0xbb9 ./Drivers/STM32L4xx_HAL_Driver/Src/stm32l4xx_hal_pwr.o
 .debug_info    0x0000000000019e8d      0xc6e ./Drivers/STM32L4xx_HAL_Driver/Src/stm32l4xx_hal_pwr_ex.o
 .debug_info    0x000000000001aafb      0xf63 ./Drivers/STM32L4xx_HAL_Driver/Src/stm32l4xx_hal_rcc.o
 .debug_info    0x000000000001ba5e     0x13ba ./Drivers/STM32L4xx_HAL_Driver/Src/stm32l4xx_hal_rcc_ex.o
 .debug_info    0x000000000001ce18     0x1085 ./Drivers/STM32L4xx_HAL_Driver/Src/stm32l4xx_hal_rtc.o
 .debug_info    0x000000000001de9d     0x1a69 ./Drivers/STM32L4xx_HAL_Driver/Src/stm32l4xx_hal_sd.o
 .debug_info    0x000000000001f906      0xa1e ./Drivers/STM32L4xx_HAL_Driver/Src/stm32l4xx_hal_sd_ex.o
 .debug_info    0x0000000000020324     0x1a2d ./Drivers/STM32L4xx_HAL_Driver/Src/stm32l4xx_hal_spi.o
 .debug_info    0x0000000000021d51     0x2f93 ./Drivers/STM32L4xx_HAL_Driver/Src/stm32l4xx_hal_tim.o
 .debug_info    0x0000000000024ce4     0x19e2 ./Drivers/STM32L4xx_HAL_Driver/Src/stm32l4xx_hal_tim_ex.o
 .debug_info    0x00000000000266c6     0x1512 ./Drivers/STM32L4xx_HAL_Driver/Src/stm32l4xx_ll_sdmmc.o
 .debug_info    0x0000000000027bd8     0x1cd8 ./Drivers/STM32L4xx_HAL_Driver/Src/stm32l4xx_ll_usb.o
 .debug_info    0x00000000000298b0     0x1b69 ./Middlewares/ST/STM32_USB_Device_Library/Class/CDC/Src/usbd_cdc.o
 .debug_info    0x000000000002b419     0x1506 ./Middlewares/ST/STM32_USB_Device_Library/Core/Src/usbd_core.o
 .debug_info    0x000000000002c91f     0x14d2 ./Middlewares/ST/STM32_USB_Device_Library/Core/Src/usbd_ctlreq.o
 .debug_info    0x000000000002ddf1     0x11f4 ./Middlewares/ST/STM32_USB_Device_Library/Core/Src/usbd_ioreq.o
 .debug_info    0x000000000002efe5      0xc2e ./Sensors/imu.o
 .debug_info    0x000000000002fc13     0x115d ./USB_DEVICE/App/usb_device.o
 .debug_info    0x0000000000030d70     0x138e ./USB_DEVICE/App/usbd_cdc_if.o
 .debug_info    0x00000000000320fe      0xfb8 ./USB_DEVICE/App/usbd_desc.o
 .debug_info    0x00000000000330b6     0x286f ./USB_DEVICE/Target/usbd_conf.o

.debug_abbrev   0x0000000000000000     0x5f76
 .debug_abbrev  0x0000000000000000      0x1bb ./Core/Src/adc.o
 .debug_abbrev  0x00000000000001bb      0x1df ./Core/Src/dfsdm.o
 .debug_abbrev  0x000000000000039a      0x146 ./Core/Src/dma.o
 .debug_abbrev  0x00000000000004e0      0x14e ./Core/Src/gpio.o
 .debug_abbrev  0x000000000000062e      0x1c6 ./Core/Src/i2c.o
 .debug_abbrev  0x00000000000007f4      0x2ad ./Core/Src/main.o
 .debug_abbrev  0x0000000000000aa1      0x18a ./Core/Src/rtc.o
 .debug_abbrev  0x0000000000000c2b      0x19c ./Core/Src/sdmmc.o
 .debug_abbrev  0x0000000000000dc7      0x1bb ./Core/Src/spi.o
 .debug_abbrev  0x0000000000000f82      0x13d ./Core/Src/stm32l4xx_hal_msp.o
 .debug_abbrev  0x00000000000010bf      0x1c7 ./Core/Src/stm32l4xx_it.o
 .debug_abbrev  0x0000000000001286      0x165 ./Core/Src/system_stm32l4xx.o
 .debug_abbrev  0x00000000000013eb      0x1c6 ./Core/Src/tim.o
 .debug_abbrev  0x00000000000015b1       0x12 ./Core/Startup/startup_stm32l4r9zijx.o
 .debug_abbrev  0x00000000000015c3      0x227 ./Drivers/STM32L4xx_HAL_Driver/Src/stm32l4xx_hal.o
 .debug_abbrev  0x00000000000017ea      0x288 ./Drivers/STM32L4xx_HAL_Driver/Src/stm32l4xx_hal_adc.o
 .debug_abbrev  0x0000000000001a72      0x33c ./Drivers/STM32L4xx_HAL_Driver/Src/stm32l4xx_hal_cortex.o
 .debug_abbrev  0x0000000000001dae      0x267 ./Drivers/STM32L4xx_HAL_Driver/Src/stm32l4xx_hal_dfsdm.o
 .debug_abbrev  0x0000000000002015      0x201 ./Drivers/STM32L4xx_HAL_Driver/Src/stm32l4xx_hal_dma.o
 .debug_abbrev  0x0000000000002216      0x1e8 ./Drivers/STM32L4xx_HAL_Driver/Src/stm32l4xx_hal_gpio.o
 .debug_abbrev  0x00000000000023fe      0x256 ./Drivers/STM32L4xx_HAL_Driver/Src/stm32l4xx_hal_i2c.o
 .debug_abbrev  0x0000000000002654      0x1dd ./Drivers/STM32L4xx_HAL_Driver/Src/stm32l4xx_hal_i2c_ex.o
 .debug_abbrev  0x0000000000002831      0x282 ./Drivers/STM32L4xx_HAL_Driver/Src/stm32l4xx_hal_pcd.o
 .debug_abbrev  0x0000000000002ab3      0x246 ./Drivers/STM32L4xx_HAL_Driver/Src/stm32l4xx_hal_pcd_ex.o
 .debug_abbrev  0x0000000000002cf9      0x1ab ./Drivers/STM32L4xx_HAL_Driver/Src/stm32l4xx_hal_pwr.o
 .debug_abbrev  0x0000000000002ea4      0x1f3 ./Drivers/STM32L4xx_HAL_Driver/Src/stm32l4xx_hal_pwr_ex.o
 .debug_abbrev  0x0000000000003097      0x2b1 ./Drivers/STM32L4xx_HAL_Driver/Src/stm32l4xx_hal_rcc.o
 .debug_abbrev  0x0000000000003348      0x268 ./Drivers/STM32L4xx_HAL_Driver/Src/stm32l4xx_hal_rcc_ex.o
 .debug_abbrev  0x00000000000035b0      0x200 ./Drivers/STM32L4xx_HAL_Driver/Src/stm32l4xx_hal_rtc.o
 .debug_abbrev  0x00000000000037b0      0x22b ./Drivers/STM32L4xx_HAL_Driver/Src/stm32l4xx_hal_sd.o
 .debug_abbrev  0x00000000000039db      0x235 ./Drivers/STM32L4xx_HAL_Driver/Src/stm32l4xx_hal_sd_ex.o
 .debug_abbrev  0x0000000000003c10      0x254 ./Drivers/STM32L4xx_HAL_Driver/Src/stm32l4xx_hal_spi.o
 .debug_abbrev  0x0000000000003e64      0x25e ./Drivers/STM32L4xx_HAL_Driver/Src/stm32l4xx_hal_tim.o